=== RedPajama terminou; iniciando OpenWebMath ===
01:57:24 INFO    suspensão do sistema impedida enquanto a coleta durar
01:57:37 INFO    classificador de models\isphysics-clf · classes [np.str_('fisica'), np.str_('nao_fisica')]
Traceback (most recent call last):
  File "D:\LLMFísica\.venv\Lib\site-packages\urllib3\connection.py", line 204, in _new_conn
    sock = connection.create_connection(
        (self._dns_host, self.port),
    ...<2 lines>...
        socket_options=self.socket_options,
    )
  File "D:\LLMFísica\.venv\Lib\site-packages\urllib3\util\connection.py", line 60, in create_connection
    for res in socket.getaddrinfo(host, port, family, socket.SOCK_STREAM):
               ~~~~~~~~~~~~~~~~~~^^^^^^^^^^^^^^^^^^^^^^^^^^^^^^^^^^^^^^^^
  File "C:\Python314\Lib\socket.py", line 983, in getaddrinfo
    for res in _socket.getaddrinfo(host, port, family, type, proto, flags):
               ~~~~~~~~~~~~~~~~~~~^^^^^^^^^^^^^^^^^^^^^^^^^^^^^^^^^^^^^^^^
socket.gaierror: [Errno 11001] getaddrinfo failed

The above exception was the direct cause of the following exception:

Traceback (most recent call last):
  File "D:\LLMFísica\.venv\Lib\site-packages\urllib3\connectionpool.py", line 788, in urlopen
    response = self._make_request(
        conn,
    ...<10 lines>...
        **response_kw,
    )
  File "D:\LLMFísica\.venv\Lib\site-packages\urllib3\connectionpool.py", line 488, in _make_request
    raise new_e
  File "D:\LLMFísica\.venv\Lib\site-packages\urllib3\connectionpool.py", line 464, in _make_request
    self._validate_conn(conn)
    ~~~~~~~~~~~~~~~~~~~^^^^^^
  File "D:\LLMFísica\.venv\Lib\site-packages\urllib3\connectionpool.py", line 1106, in _validate_conn
    conn.connect()
    ~~~~~~~~~~~~^^
  File "D:\LLMFísica\.venv\Lib\site-packages\urllib3\connection.py", line 759, in connect
    self.sock = sock = self._new_conn()
                       ~~~~~~~~~~~~~~^^
  File "D:\LLMFísica\.venv\Lib\site-packages\urllib3\connection.py", line 211, in _new_conn
    raise NameResolutionError(self.host, self, e) from e
urllib3.exceptions.NameResolutionError: HTTPSConnection(host='huggingface.co', port=443): Failed to resolve 'huggingface.co' ([Errno 11001] getaddrinfo failed)

The above exception was the direct cause of the following exception:

Traceback (most recent call last):
  File "D:\LLMFísica\.venv\Lib\site-packages\requests\adapters.py", line 696, in send
    resp = conn.urlopen(
        method=request.method,
    ...<9 lines>...
        chunked=chunked,
    )
  File "D:\LLMFísica\.venv\Lib\site-packages\urllib3\connectionpool.py", line 842, in urlopen
    retries = retries.increment(
        method, url, error=new_e, _pool=self, _stacktrace=sys.exc_info()[2]
    )
  File "D:\LLMFísica\.venv\Lib\site-packages\urllib3\util\retry.py", line 543, in increment
    raise MaxRetryError(_pool, url, reason) from reason  # type: ignore[arg-type]
    ^^^^^^^^^^^^^^^^^^^^^^^^^^^^^^^^^^^^^^^^^^^^^^^^^^^
urllib3.exceptions.MaxRetryError: HTTPSConnectionPool(host='huggingface.co', port=443): Max retries exceeded with url: /api/datasets/open-web-math/open-web-math?blobs=true (Caused by NameResolutionError("HTTPSConnection(host='huggingface.co', port=443): Failed to resolve 'huggingface.co' ([Errno 11001] getaddrinfo failed)"))

During handling of the above exception, another exception occurred:

Traceback (most recent call last):
  File "D:\LLMFísica\scripts\filtrar_hf.py", line 85, in <module>
    raise SystemExit(main())
                     ~~~~^^
  File "D:\LLMFísica\scripts\filtrar_hf.py", line 43, in main
    f = filtrar(ds, out, a.modelo, limiar=a.limiar, max_arquivos=a.max_arquivos,
                ext=ext, contato=contato_obrigatorio())
  File "D:\LLMFísica\src\phifm\corpus\slices\hf_filtrado.py", line 166, in filtrar
    arquivos = _arquivos(sessao, ds, ext)
  File "D:\LLMFísica\src\phifm\corpus\slices\hf_filtrado.py", line 112, in _arquivos
    r = sessao.get(API.format(ds) + "?blobs=true", timeout=120)
  File "D:\LLMFísica\.venv\Lib\site-packages\requests\sessions.py", line 671, in get
    return self.request("GET", url, params=params, **kwargs)
           ~~~~~~~~~~~~^^^^^^^^^^^^^^^^^^^^^^^^^^^^^^^^^^^^^
  File "D:\LLMFísica\.venv\Lib\site-packages\requests\sessions.py", line 651, in request
    resp = self.send(prep, **send_kwargs)
  File "D:\LLMFísica\.venv\Lib\site-packages\requests\sessions.py", line 784, in send
    r = adapter.send(request, **kwargs)
  File "D:\LLMFísica\.venv\Lib\site-packages\requests\adapters.py", line 729, in send
    raise ConnectionError(e, request=request)
requests.exceptions.ConnectionError: HTTPSConnectionPool(host='huggingface.co', port=443): Max retries exceeded with url: /api/datasets/open-web-math/open-web-math?blobs=true (Caused by NameResolutionError("HTTPSConnection(host='huggingface.co', port=443): Failed to resolve 'huggingface.co' ([Errno 11001] getaddrinfo failed)"))
=== OpenWebMath terminou; iniciando peS2o (parcial, retomavel) ===
01:57:39 INFO    suspensão do sistema impedida enquanto a coleta durar
01:57:41 INFO    classificador de models\isphysics-clf · classes [np.str_('fisica'), np.str_('nao_fisica')]
Traceback (most recent call last):
  File "D:\LLMFísica\.venv\Lib\site-packages\urllib3\connection.py", line 204, in _new_conn
    sock = connection.create_connection(
        (self._dns_host, self.port),
    ...<2 lines>...
        socket_options=self.socket_options,
    )
  File "D:\LLMFísica\.venv\Lib\site-packages\urllib3\util\connection.py", line 60, in create_connection
    for res in socket.getaddrinfo(host, port, family, socket.SOCK_STREAM):
               ~~~~~~~~~~~~~~~~~~^^^^^^^^^^^^^^^^^^^^^^^^^^^^^^^^^^^^^^^^
  File "C:\Python314\Lib\socket.py", line 983, in getaddrinfo
    for res in _socket.getaddrinfo(host, port, family, type, proto, flags):
               ~~~~~~~~~~~~~~~~~~~^^^^^^^^^^^^^^^^^^^^^^^^^^^^^^^^^^^^^^^^
socket.gaierror: [Errno 11001] getaddrinfo failed

The above exception was the direct cause of the following exception:

Traceback (most recent call last):
  File "D:\LLMFísica\.venv\Lib\site-packages\urllib3\connectionpool.py", line 788, in urlopen
    response = self._make_request(
        conn,
    ...<10 lines>...
        **response_kw,
    )
  File "D:\LLMFísica\.venv\Lib\site-packages\urllib3\connectionpool.py", line 488, in _make_request
    raise new_e
  File "D:\LLMFísica\.venv\Lib\site-packages\urllib3\connectionpool.py", line 464, in _make_request
    self._validate_conn(conn)
    ~~~~~~~~~~~~~~~~~~~^^^^^^
  File "D:\LLMFísica\.venv\Lib\site-packages\urllib3\connectionpool.py", line 1106, in _validate_conn
    conn.connect()
    ~~~~~~~~~~~~^^
  File "D:\LLMFísica\.venv\Lib\site-packages\urllib3\connection.py", line 759, in connect
    self.sock = sock = self._new_conn()
                       ~~~~~~~~~~~~~~^^
  File "D:\LLMFísica\.venv\Lib\site-packages\urllib3\connection.py", line 211, in _new_conn
    raise NameResolutionError(self.host, self, e) from e
urllib3.exceptions.NameResolutionError: HTTPSConnection(host='huggingface.co', port=443): Failed to resolve 'huggingface.co' ([Errno 11001] getaddrinfo failed)

The above exception was the direct cause of the following exception:

Traceback (most recent call last):
  File "D:\LLMFísica\.venv\Lib\site-packages\requests\adapters.py", line 696, in send
    resp = conn.urlopen(
        method=request.method,
    ...<9 lines>...
        chunked=chunked,
    )
  File "D:\LLMFísica\.venv\Lib\site-packages\urllib3\connectionpool.py", line 842, in urlopen
    retries = retries.increment(
        method, url, error=new_e, _pool=self, _stacktrace=sys.exc_info()[2]
    )
  File "D:\LLMFísica\.venv\Lib\site-packages\urllib3\util\retry.py", line 543, in increment
    raise MaxRetryError(_pool, url, reason) from reason  # type: ignore[arg-type]
    ^^^^^^^^^^^^^^^^^^^^^^^^^^^^^^^^^^^^^^^^^^^^^^^^^^^
urllib3.exceptions.MaxRetryError: HTTPSConnectionPool(host='huggingface.co', port=443): Max retries exceeded with url: /api/datasets/allenai/peS2o?blobs=true (Caused by NameResolutionError("HTTPSConnection(host='huggingface.co', port=443): Failed to resolve 'huggingface.co' ([Errno 11001] getaddrinfo failed)"))

During handling of the above exception, another exception occurred:

Traceback (most recent call last):
  File "D:\LLMFísica\scripts\filtrar_hf.py", line 85, in <module>
    raise SystemExit(main())
                     ~~~~^^
  File "D:\LLMFísica\scripts\filtrar_hf.py", line 43, in main
    f = filtrar(ds, out, a.modelo, limiar=a.limiar, max_arquivos=a.max_arquivos,
                ext=ext, contato=contato_obrigatorio())
  File "D:\LLMFísica\src\phifm\corpus\slices\hf_filtrado.py", line 166, in filtrar
    arquivos = _arquivos(sessao, ds, ext)
  File "D:\LLMFísica\src\phifm\corpus\slices\hf_filtrado.py", line 112, in _arquivos
    r = sessao.get(API.format(ds) + "?blobs=true", timeout=120)
  File "D:\LLMFísica\.venv\Lib\site-packages\requests\sessions.py", line 671, in get
    return self.request("GET", url, params=params, **kwargs)
           ~~~~~~~~~~~~^^^^^^^^^^^^^^^^^^^^^^^^^^^^^^^^^^^^^
  File "D:\LLMFísica\.venv\Lib\site-packages\requests\sessions.py", line 651, in request
    resp = self.send(prep, **send_kwargs)
  File "D:\LLMFísica\.venv\Lib\site-packages\requests\sessions.py", line 784, in send
    r = adapter.send(request, **kwargs)
  File "D:\LLMFísica\.venv\Lib\site-packages\requests\adapters.py", line 729, in send
    raise ConnectionError(e, request=request)
requests.exceptions.ConnectionError: HTTPSConnectionPool(host='huggingface.co', port=443): Max retries exceeded with url: /api/datasets/allenai/peS2o?blobs=true (Caused by NameResolutionError("HTTPSConnection(host='huggingface.co', port=443): Failed to resolve 'huggingface.co' ([Errno 11001] getaddrinfo failed)"))
=== FIM DA CADEIA ===
