14:46:49 INFO    universo: 88,807 documentos · 2,000 consultas
14:47:07 INFO    BM25: 88,807 documentos, 138,555 termos
14:47:07 INFO    BM25 indexado em 18 s
14:47:07 INFO    dispositivo: Tesla T4 (CUDA 7.5, 16 GB)

Loading weights:   0%|          | 0/103 [00:00<?, ?it/s]
Loading weights:   1%|          | 1/103 [00:00<00:00, 8630.26it/s, Materializing param=embeddings.LayerNorm.bias]
Loading weights:   1%|          | 1/103 [00:00<00:00, 3840.94it/s, Materializing param=embeddings.LayerNorm.bias]
Loading weights:   2%|▏         | 2/103 [00:00<00:00, 3865.72it/s, Materializing param=embeddings.LayerNorm.weight]
Loading weights:   2%|▏         | 2/103 [00:00<00:00, 3037.15it/s, Materializing param=embeddings.LayerNorm.weight]
Loading weights:   3%|▎         | 3/103 [00:00<00:00, 3118.44it/s, Materializing param=embeddings.position_embeddings.weight]
Loading weights:   3%|▎         | 3/103 [00:00<00:00, 2755.18it/s, Materializing param=embeddings.position_embeddings.weight]
Loading weights:   4%|▍         | 4/103 [00:00<00:00, 2226.28it/s, Materializing param=embeddings.token_type_embeddings.weight]
Loading weights:   4%|▍         | 4/103 [00:00<00:00, 2022.08it/s, Materializing param=embeddings.token_type_embeddings.weight]
Loading weights:   5%|▍         | 5/103 [00:00<00:00, 1981.06it/s, Materializing param=embeddings.word_embeddings.weight]      
Loading weights:   5%|▍         | 5/103 [00:00<00:00, 1880.52it/s, Materializing param=embeddings.word_embeddings.weight]
Loading weights:   6%|▌         | 6/103 [00:00<00:00, 1803.61it/s, Materializing param=encoder.layer.0.attention.output.LayerNorm.bias]
Loading weights:   6%|▌         | 6/103 [00:00<00:00, 1714.76it/s, Materializing param=encoder.layer.0.attention.output.LayerNorm.bias]
Loading weights:   7%|▋         | 7/103 [00:00<00:00, 1451.32it/s, Materializing param=encoder.layer.0.attention.output.LayerNorm.weight]
Loading weights:   7%|▋         | 7/103 [00:00<00:00, 1402.84it/s, Materializing param=encoder.layer.0.attention.output.LayerNorm.weight]
Loading weights:   8%|▊         | 8/103 [00:00<00:00, 1147.67it/s, Materializing param=encoder.layer.0.attention.output.dense.bias]      
Loading weights:   8%|▊         | 8/103 [00:00<00:00, 1107.26it/s, Materializing param=encoder.layer.0.attention.output.dense.bias]
Loading weights:   9%|▊         | 9/103 [00:00<00:00, 1147.76it/s, Materializing param=encoder.layer.0.attention.output.dense.weight]
Loading weights:   9%|▊         | 9/103 [00:00<00:00, 1126.26it/s, Materializing param=encoder.layer.0.attention.output.dense.weight]
Loading weights:  10%|▉         | 10/103 [00:00<00:00, 1081.62it/s, Materializing param=encoder.layer.0.attention.self.key.bias]     
Loading weights:  10%|▉         | 10/103 [00:00<00:00, 1065.84it/s, Materializing param=encoder.layer.0.attention.self.key.bias]
Loading weights:  11%|█         | 11/103 [00:00<00:00, 1097.75it/s, Materializing param=encoder.layer.0.attention.self.key.weight]
Loading weights:  11%|█         | 11/103 [00:00<00:00, 1081.92it/s, Materializing param=encoder.layer.0.attention.self.key.weight]
Loading weights:  12%|█▏        | 12/103 [00:00<00:00, 952.35it/s, Materializing param=encoder.layer.0.attention.self.query.bias] 
Loading weights:  12%|█▏        | 12/103 [00:00<00:00, 941.25it/s, Materializing param=encoder.layer.0.attention.self.query.bias]
Loading weights:  13%|█▎        | 13/103 [00:00<00:00, 983.09it/s, Materializing param=encoder.layer.0.attention.self.query.weight]
Loading weights:  13%|█▎        | 13/103 [00:00<00:00, 973.50it/s, Materializing param=encoder.layer.0.attention.self.query.weight]
Loading weights:  14%|█▎        | 14/103 [00:00<00:00, 1021.70it/s, Materializing param=encoder.layer.0.attention.self.value.bias] 
Loading weights:  14%|█▎        | 14/103 [00:00<00:00, 1012.99it/s, Materializing param=encoder.layer.0.attention.self.value.bias]
Loading weights:  15%|█▍        | 15/103 [00:00<00:00, 1032.89it/s, Materializing param=encoder.layer.0.attention.self.value.weight]
Loading weights:  15%|█▍        | 15/103 [00:00<00:00, 1023.87it/s, Materializing param=encoder.layer.0.attention.self.value.weight]
Loading weights:  16%|█▌        | 16/103 [00:00<00:00, 1067.00it/s, Materializing param=encoder.layer.0.intermediate.dense.bias]    
Loading weights:  16%|█▌        | 16/103 [00:00<00:00, 1058.25it/s, Materializing param=encoder.layer.0.intermediate.dense.bias]
Loading weights:  17%|█▋        | 17/103 [00:00<00:00, 1095.20it/s, Materializing param=encoder.layer.0.intermediate.dense.weight]
Loading weights:  17%|█▋        | 17/103 [00:00<00:00, 1086.26it/s, Materializing param=encoder.layer.0.intermediate.dense.weight]
Loading weights:  17%|█▋        | 18/103 [00:00<00:00, 1033.42it/s, Materializing param=encoder.layer.0.output.LayerNorm.bias]    
Loading weights:  17%|█▋        | 18/103 [00:00<00:00, 1003.41it/s, Materializing param=encoder.layer.0.output.LayerNorm.bias]
Loading weights:  18%|█▊        | 19/103 [00:00<00:00, 1043.29it/s, Materializing param=encoder.layer.0.output.LayerNorm.weight]
Loading weights:  18%|█▊        | 19/103 [00:00<00:00, 1036.37it/s, Materializing param=encoder.layer.0.output.LayerNorm.weight]
Loading weights:  19%|█▉        | 20/103 [00:00<00:00, 1063.67it/s, Materializing param=encoder.layer.0.output.dense.bias]      
Loading weights:  19%|█▉        | 20/103 [00:00<00:00, 1055.86it/s, Materializing param=encoder.layer.0.output.dense.bias]
Loading weights:  20%|██        | 21/103 [00:00<00:00, 1041.51it/s, Materializing param=encoder.layer.0.output.dense.weight]
Loading weights:  20%|██        | 21/103 [00:00<00:00, 1035.13it/s, Materializing param=encoder.layer.0.output.dense.weight]
Loading weights:  21%|██▏       | 22/103 [00:00<00:00, 994.83it/s, Materializing param=encoder.layer.1.attention.output.LayerNorm.bias]
Loading weights:  21%|██▏       | 22/103 [00:00<00:00, 987.50it/s, Materializing param=encoder.layer.1.attention.output.LayerNorm.bias]
Loading weights:  22%|██▏       | 23/103 [00:00<00:00, 1018.43it/s, Materializing param=encoder.layer.1.attention.output.LayerNorm.weight]
Loading weights:  22%|██▏       | 23/103 [00:00<00:00, 1012.32it/s, Materializing param=encoder.layer.1.attention.output.LayerNorm.weight]
Loading weights:  23%|██▎       | 24/103 [00:00<00:00, 918.24it/s, Materializing param=encoder.layer.1.attention.output.dense.bias]       
Loading weights:  23%|██▎       | 24/103 [00:00<00:00, 913.98it/s, Materializing param=encoder.layer.1.attention.output.dense.bias]
Loading weights:  24%|██▍       | 25/103 [00:00<00:00, 933.00it/s, Materializing param=encoder.layer.1.attention.output.dense.weight]
Loading weights:  24%|██▍       | 25/103 [00:00<00:00, 915.89it/s, Materializing param=encoder.layer.1.attention.output.dense.weight]
Loading weights:  25%|██▌       | 26/103 [00:00<00:00, 938.02it/s, Materializing param=encoder.layer.1.attention.self.key.bias]      
Loading weights:  25%|██▌       | 26/103 [00:00<00:00, 896.81it/s, Materializing param=encoder.layer.1.attention.self.key.bias]
Loading weights:  26%|██▌       | 27/103 [00:00<00:00, 901.18it/s, Materializing param=encoder.layer.1.attention.self.key.weight]
Loading weights:  26%|██▌       | 27/103 [00:00<00:00, 892.98it/s, Materializing param=encoder.layer.1.attention.self.key.weight]
Loading weights:  27%|██▋       | 28/103 [00:00<00:00, 908.48it/s, Materializing param=encoder.layer.1.attention.self.query.bias]
Loading weights:  27%|██▋       | 28/103 [00:00<00:00, 883.60it/s, Materializing param=encoder.layer.1.attention.self.query.bias]
Loading weights:  28%|██▊       | 29/103 [00:00<00:00, 877.07it/s, Materializing param=encoder.layer.1.attention.self.query.weight]
Loading weights:  28%|██▊       | 29/103 [00:00<00:00, 873.42it/s, Materializing param=encoder.layer.1.attention.self.query.weight]
Loading weights:  29%|██▉       | 30/103 [00:00<00:00, 855.42it/s, Materializing param=encoder.layer.1.attention.self.value.bias]  
Loading weights:  29%|██▉       | 30/103 [00:00<00:00, 852.17it/s, Materializing param=encoder.layer.1.attention.self.value.bias]
Loading weights:  30%|███       | 31/103 [00:00<00:00, 854.30it/s, Materializing param=encoder.layer.1.attention.self.value.weight]
Loading weights:  30%|███       | 31/103 [00:00<00:00, 843.37it/s, Materializing param=encoder.layer.1.attention.self.value.weight]
Loading weights:  31%|███       | 32/103 [00:00<00:00, 838.55it/s, Materializing param=encoder.layer.1.intermediate.dense.bias]    
Loading weights:  31%|███       | 32/103 [00:00<00:00, 835.41it/s, Materializing param=encoder.layer.1.intermediate.dense.bias]
Loading weights:  32%|███▏      | 33/103 [00:00<00:00, 855.00it/s, Materializing param=encoder.layer.1.intermediate.dense.weight]
Loading weights:  32%|███▏      | 33/103 [00:00<00:00, 852.24it/s, Materializing param=encoder.layer.1.intermediate.dense.weight]
Loading weights:  33%|███▎      | 34/103 [00:00<00:00, 871.91it/s, Materializing param=encoder.layer.1.output.LayerNorm.bias]    
Loading weights:  33%|███▎      | 34/103 [00:00<00:00, 865.92it/s, Materializing param=encoder.layer.1.output.LayerNorm.bias]
Loading weights:  34%|███▍      | 35/103 [00:00<00:00, 869.60it/s, Materializing param=encoder.layer.1.output.LayerNorm.weight]
Loading weights:  34%|███▍      | 35/103 [00:00<00:00, 859.53it/s, Materializing param=encoder.layer.1.output.LayerNorm.weight]
Loading weights:  35%|███▍      | 36/103 [00:00<00:00, 844.97it/s, Materializing param=encoder.layer.1.output.dense.bias]      
Loading weights:  35%|███▍      | 36/103 [00:00<00:00, 842.39it/s, Materializing param=encoder.layer.1.output.dense.bias]
Loading weights:  36%|███▌      | 37/103 [00:00<00:00, 860.47it/s, Materializing param=encoder.layer.1.output.dense.weight]
Loading weights:  36%|███▌      | 37/103 [00:00<00:00, 857.95it/s, Materializing param=encoder.layer.1.output.dense.weight]
Loading weights:  37%|███▋      | 38/103 [00:00<00:00, 848.08it/s, Materializing param=encoder.layer.2.attention.output.LayerNorm.bias]
Loading weights:  37%|███▋      | 38/103 [00:00<00:00, 845.41it/s, Materializing param=encoder.layer.2.attention.output.LayerNorm.bias]
Loading weights:  38%|███▊      | 39/103 [00:00<00:00, 840.91it/s, Materializing param=encoder.layer.2.attention.output.LayerNorm.weight]
Loading weights:  38%|███▊      | 39/103 [00:00<00:00, 838.49it/s, Materializing param=encoder.layer.2.attention.output.LayerNorm.weight]
Loading weights:  39%|███▉      | 40/103 [00:00<00:00, 855.73it/s, Materializing param=encoder.layer.2.attention.output.dense.bias]      
Loading weights:  39%|███▉      | 40/103 [00:00<00:00, 853.42it/s, Materializing param=encoder.layer.2.attention.output.dense.bias]
Loading weights:  40%|███▉      | 41/103 [00:00<00:00, 870.14it/s, Materializing param=encoder.layer.2.attention.output.dense.weight]
Loading weights:  40%|███▉      | 41/103 [00:00<00:00, 868.13it/s, Materializing param=encoder.layer.2.attention.output.dense.weight]
Loading weights:  41%|████      | 42/103 [00:00<00:00, 884.87it/s, Materializing param=encoder.layer.2.attention.self.key.bias]      
Loading weights:  41%|████      | 42/103 [00:00<00:00, 882.91it/s, Materializing param=encoder.layer.2.attention.self.key.bias]
Loading weights:  42%|████▏     | 43/103 [00:00<00:00, 899.34it/s, Materializing param=encoder.layer.2.attention.self.key.weight]
Loading weights:  42%|████▏     | 43/103 [00:00<00:00, 896.99it/s, Materializing param=encoder.layer.2.attention.self.key.weight]
Loading weights:  43%|████▎     | 44/103 [00:00<00:00, 913.69it/s, Materializing param=encoder.layer.2.attention.self.query.bias]
Loading weights:  43%|████▎     | 44/103 [00:00<00:00, 911.58it/s, Materializing param=encoder.layer.2.attention.self.query.bias]
Loading weights:  44%|████▎     | 45/103 [00:00<00:00, 926.34it/s, Materializing param=encoder.layer.2.attention.self.query.weight]
Loading weights:  44%|████▎     | 45/103 [00:00<00:00, 924.24it/s, Materializing param=encoder.layer.2.attention.self.query.weight]
Loading weights:  45%|████▍     | 46/103 [00:00<00:00, 941.06it/s, Materializing param=encoder.layer.2.attention.self.value.bias]  
Loading weights:  45%|████▍     | 46/103 [00:00<00:00, 938.61it/s, Materializing param=encoder.layer.2.attention.self.value.bias]
Loading weights:  46%|████▌     | 47/103 [00:00<00:00, 955.16it/s, Materializing param=encoder.layer.2.attention.self.value.weight]
Loading weights:  46%|████▌     | 47/103 [00:00<00:00, 953.07it/s, Materializing param=encoder.layer.2.attention.self.value.weight]
Loading weights:  47%|████▋     | 48/103 [00:00<00:00, 968.74it/s, Materializing param=encoder.layer.2.intermediate.dense.bias]    
Loading weights:  47%|████▋     | 48/103 [00:00<00:00, 966.68it/s, Materializing param=encoder.layer.2.intermediate.dense.bias]
Loading weights:  48%|████▊     | 49/103 [00:00<00:00, 983.11it/s, Materializing param=encoder.layer.2.intermediate.dense.weight]
Loading weights:  48%|████▊     | 49/103 [00:00<00:00, 980.75it/s, Materializing param=encoder.layer.2.intermediate.dense.weight]
Loading weights:  49%|████▊     | 50/103 [00:00<00:00, 996.99it/s, Materializing param=encoder.layer.2.output.LayerNorm.bias]    
Loading weights:  49%|████▊     | 50/103 [00:00<00:00, 994.58it/s, Materializing param=encoder.layer.2.output.LayerNorm.bias]
Loading weights:  50%|████▉     | 51/103 [00:00<00:00, 1010.09it/s, Materializing param=encoder.layer.2.output.LayerNorm.weight]
Loading weights:  50%|████▉     | 51/103 [00:00<00:00, 1007.85it/s, Materializing param=encoder.layer.2.output.LayerNorm.weight]
Loading weights:  50%|█████     | 52/103 [00:00<00:00, 1023.56it/s, Materializing param=encoder.layer.2.output.dense.bias]      
Loading weights:  50%|█████     | 52/103 [00:00<00:00, 1020.96it/s, Materializing param=encoder.layer.2.output.dense.bias]
Loading weights:  51%|█████▏    | 53/103 [00:00<00:00, 1036.52it/s, Materializing param=encoder.layer.2.output.dense.weight]
Loading weights:  51%|█████▏    | 53/103 [00:00<00:00, 1034.36it/s, Materializing param=encoder.layer.2.output.dense.weight]
Loading weights:  52%|█████▏    | 54/103 [00:00<00:00, 1048.77it/s, Materializing param=encoder.layer.3.attention.output.LayerNorm.bias]
Loading weights:  52%|█████▏    | 54/103 [00:00<00:00, 1046.34it/s, Materializing param=encoder.layer.3.attention.output.LayerNorm.bias]
Loading weights:  53%|█████▎    | 55/103 [00:00<00:00, 1061.20it/s, Materializing param=encoder.layer.3.attention.output.LayerNorm.weight]
Loading weights:  53%|█████▎    | 55/103 [00:00<00:00, 1058.46it/s, Materializing param=encoder.layer.3.attention.output.LayerNorm.weight]
Loading weights:  54%|█████▍    | 56/103 [00:00<00:00, 1073.14it/s, Materializing param=encoder.layer.3.attention.output.dense.bias]      
Loading weights:  54%|█████▍    | 56/103 [00:00<00:00, 1070.75it/s, Materializing param=encoder.layer.3.attention.output.dense.bias]
Loading weights:  55%|█████▌    | 57/103 [00:00<00:00, 1085.02it/s, Materializing param=encoder.layer.3.attention.output.dense.weight]
Loading weights:  55%|█████▌    | 57/103 [00:00<00:00, 1082.61it/s, Materializing param=encoder.layer.3.attention.output.dense.weight]
Loading weights:  56%|█████▋    | 58/103 [00:00<00:00, 1097.18it/s, Materializing param=encoder.layer.3.attention.self.key.bias]      
Loading weights:  56%|█████▋    | 58/103 [00:00<00:00, 1094.38it/s, Materializing param=encoder.layer.3.attention.self.key.bias]
Loading weights:  57%|█████▋    | 59/103 [00:00<00:00, 1108.68it/s, Materializing param=encoder.layer.3.attention.self.key.weight]
Loading weights:  57%|█████▋    | 59/103 [00:00<00:00, 1106.45it/s, Materializing param=encoder.layer.3.attention.self.key.weight]
Loading weights:  58%|█████▊    | 60/103 [00:00<00:00, 1120.46it/s, Materializing param=encoder.layer.3.attention.self.query.bias]
Loading weights:  58%|█████▊    | 60/103 [00:00<00:00, 1118.38it/s, Materializing param=encoder.layer.3.attention.self.query.bias]
Loading weights:  59%|█████▉    | 61/103 [00:00<00:00, 1133.19it/s, Materializing param=encoder.layer.3.attention.self.query.weight]
Loading weights:  59%|█████▉    | 61/103 [00:00<00:00, 1130.82it/s, Materializing param=encoder.layer.3.attention.self.query.weight]
Loading weights:  60%|██████    | 62/103 [00:00<00:00, 1145.47it/s, Materializing param=encoder.layer.3.attention.self.value.bias]  
Loading weights:  60%|██████    | 62/103 [00:00<00:00, 1143.47it/s, Materializing param=encoder.layer.3.attention.self.value.bias]
Loading weights:  61%|██████    | 63/103 [00:00<00:00, 1157.38it/s, Materializing param=encoder.layer.3.attention.self.value.weight]
Loading weights:  61%|██████    | 63/103 [00:00<00:00, 1154.85it/s, Materializing param=encoder.layer.3.attention.self.value.weight]
Loading weights:  62%|██████▏   | 64/103 [00:00<00:00, 1168.86it/s, Materializing param=encoder.layer.3.intermediate.dense.bias]    
Loading weights:  62%|██████▏   | 64/103 [00:00<00:00, 1166.76it/s, Materializing param=encoder.layer.3.intermediate.dense.bias]
Loading weights:  63%|██████▎   | 65/103 [00:00<00:00, 1180.50it/s, Materializing param=encoder.layer.3.intermediate.dense.weight]
Loading weights:  63%|██████▎   | 65/103 [00:00<00:00, 1178.31it/s, Materializing param=encoder.layer.3.intermediate.dense.weight]
Loading weights:  64%|██████▍   | 66/103 [00:00<00:00, 1192.36it/s, Materializing param=encoder.layer.3.output.LayerNorm.bias]    
Loading weights:  64%|██████▍   | 66/103 [00:00<00:00, 1189.90it/s, Materializing param=encoder.layer.3.output.LayerNorm.bias]
Loading weights:  65%|██████▌   | 67/103 [00:00<00:00, 1203.85it/s, Materializing param=encoder.layer.3.output.LayerNorm.weight]
Loading weights:  65%|██████▌   | 67/103 [00:00<00:00, 1201.70it/s, Materializing param=encoder.layer.3.output.LayerNorm.weight]
Loading weights:  66%|██████▌   | 68/103 [00:00<00:00, 1214.49it/s, Materializing param=encoder.layer.3.output.dense.bias]      
Loading weights:  66%|██████▌   | 68/103 [00:00<00:00, 1212.27it/s, Materializing param=encoder.layer.3.output.dense.bias]
Loading weights:  67%|██████▋   | 69/103 [00:00<00:00, 1225.94it/s, Materializing param=encoder.layer.3.output.dense.weight]
Loading weights:  67%|██████▋   | 69/103 [00:00<00:00, 1223.75it/s, Materializing param=encoder.layer.3.output.dense.weight]
Loading weights:  68%|██████▊   | 70/103 [00:00<00:00, 1237.07it/s, Materializing param=encoder.layer.4.attention.output.LayerNorm.bias]
Loading weights:  68%|██████▊   | 70/103 [00:00<00:00, 1234.85it/s, Materializing param=encoder.layer.4.attention.output.LayerNorm.bias]
Loading weights:  69%|██████▉   | 71/103 [00:00<00:00, 1248.30it/s, Materializing param=encoder.layer.4.attention.output.LayerNorm.weight]
Loading weights:  69%|██████▉   | 71/103 [00:00<00:00, 1245.54it/s, Materializing param=encoder.layer.4.attention.output.LayerNorm.weight]
Loading weights:  70%|██████▉   | 72/103 [00:00<00:00, 1258.57it/s, Materializing param=encoder.layer.4.attention.output.dense.bias]      
Loading weights:  70%|██████▉   | 72/103 [00:00<00:00, 1256.40it/s, Materializing param=encoder.layer.4.attention.output.dense.bias]
Loading weights:  71%|███████   | 73/103 [00:00<00:00, 1269.54it/s, Materializing param=encoder.layer.4.attention.output.dense.weight]
Loading weights:  71%|███████   | 73/103 [00:00<00:00, 1267.42it/s, Materializing param=encoder.layer.4.attention.output.dense.weight]
Loading weights:  72%|███████▏  | 74/103 [00:00<00:00, 1280.89it/s, Materializing param=encoder.layer.4.attention.self.key.bias]      
Loading weights:  72%|███████▏  | 74/103 [00:00<00:00, 1278.81it/s, Materializing param=encoder.layer.4.attention.self.key.bias]
Loading weights:  73%|███████▎  | 75/103 [00:00<00:00, 1291.57it/s, Materializing param=encoder.layer.4.attention.self.key.weight]
Loading weights:  73%|███████▎  | 75/103 [00:00<00:00, 1289.40it/s, Materializing param=encoder.layer.4.attention.self.key.weight]
Loading weights:  74%|███████▍  | 76/103 [00:00<00:00, 1302.66it/s, Materializing param=encoder.layer.4.attention.self.query.bias]
Loading weights:  74%|███████▍  | 76/103 [00:00<00:00, 1299.89it/s, Materializing param=encoder.layer.4.attention.self.query.bias]
Loading weights:  75%|███████▍  | 77/103 [00:00<00:00, 1312.77it/s, Materializing param=encoder.layer.4.attention.self.query.weight]
Loading weights:  75%|███████▍  | 77/103 [00:00<00:00, 1310.56it/s, Materializing param=encoder.layer.4.attention.self.query.weight]
Loading weights:  76%|███████▌  | 78/103 [00:00<00:00, 1322.94it/s, Materializing param=encoder.layer.4.attention.self.value.bias]  
Loading weights:  76%|███████▌  | 78/103 [00:00<00:00, 1320.58it/s, Materializing param=encoder.layer.4.attention.self.value.bias]
Loading weights:  77%|███████▋  | 79/103 [00:00<00:00, 1333.15it/s, Materializing param=encoder.layer.4.attention.self.value.weight]
Loading weights:  77%|███████▋  | 79/103 [00:00<00:00, 1330.93it/s, Materializing param=encoder.layer.4.attention.self.value.weight]
Loading weights:  78%|███████▊  | 80/103 [00:00<00:00, 1343.10it/s, Materializing param=encoder.layer.4.intermediate.dense.bias]    
Loading weights:  78%|███████▊  | 80/103 [00:00<00:00, 1340.84it/s, Materializing param=encoder.layer.4.intermediate.dense.bias]
Loading weights:  79%|███████▊  | 81/103 [00:00<00:00, 1353.35it/s, Materializing param=encoder.layer.4.intermediate.dense.weight]
Loading weights:  79%|███████▊  | 81/103 [00:00<00:00, 1350.70it/s, Materializing param=encoder.layer.4.intermediate.dense.weight]
Loading weights:  80%|███████▉  | 82/103 [00:00<00:00, 1362.99it/s, Materializing param=encoder.layer.4.output.LayerNorm.bias]    
Loading weights:  80%|███████▉  | 82/103 [00:00<00:00, 1360.77it/s, Materializing param=encoder.layer.4.output.LayerNorm.bias]
Loading weights:  81%|████████  | 83/103 [00:00<00:00, 1372.93it/s, Materializing param=encoder.layer.4.output.LayerNorm.weight]
Loading weights:  81%|████████  | 83/103 [00:00<00:00, 1370.69it/s, Materializing param=encoder.layer.4.output.LayerNorm.weight]
Loading weights:  82%|████████▏ | 84/103 [00:00<00:00, 1382.82it/s, Materializing param=encoder.layer.4.output.dense.bias]      
Loading weights:  82%|████████▏ | 84/103 [00:00<00:00, 1380.71it/s, Materializing param=encoder.layer.4.output.dense.bias]
Loading weights:  83%|████████▎ | 85/103 [00:00<00:00, 1392.63it/s, Materializing param=encoder.layer.4.output.dense.weight]
Loading weights:  83%|████████▎ | 85/103 [00:00<00:00, 1390.52it/s, Materializing param=encoder.layer.4.output.dense.weight]
Loading weights:  83%|████████▎ | 86/103 [00:00<00:00, 1403.00it/s, Materializing param=encoder.layer.5.attention.output.LayerNorm.bias]
Loading weights:  83%|████████▎ | 86/103 [00:00<00:00, 1400.65it/s, Materializing param=encoder.layer.5.attention.output.LayerNorm.bias]
Loading weights:  84%|████████▍ | 87/103 [00:00<00:00, 1412.61it/s, Materializing param=encoder.layer.5.attention.output.LayerNorm.weight]
Loading weights:  84%|████████▍ | 87/103 [00:00<00:00, 1410.41it/s, Materializing param=encoder.layer.5.attention.output.LayerNorm.weight]
Loading weights:  85%|████████▌ | 88/103 [00:00<00:00, 1421.78it/s, Materializing param=encoder.layer.5.attention.output.dense.bias]      
Loading weights:  85%|████████▌ | 88/103 [00:00<00:00, 1418.97it/s, Materializing param=encoder.layer.5.attention.output.dense.bias]
Loading weights:  86%|████████▋ | 89/103 [00:00<00:00, 1430.32it/s, Materializing param=encoder.layer.5.attention.output.dense.weight]
Loading weights:  86%|████████▋ | 89/103 [00:00<00:00, 1427.58it/s, Materializing param=encoder.layer.5.attention.output.dense.weight]
Loading weights:  87%|████████▋ | 90/103 [00:00<00:00, 1438.55it/s, Materializing param=encoder.layer.5.attention.self.key.bias]      
Loading weights:  87%|████████▋ | 90/103 [00:00<00:00, 1435.57it/s, Materializing param=encoder.layer.5.attention.self.key.bias]
Loading weights:  88%|████████▊ | 91/103 [00:00<00:00, 1446.20it/s, Materializing param=encoder.layer.5.attention.self.key.weight]
Loading weights:  88%|████████▊ | 91/103 [00:00<00:00, 1443.67it/s, Materializing param=encoder.layer.5.attention.self.key.weight]
Loading weights:  89%|████████▉ | 92/103 [00:00<00:00, 1454.70it/s, Materializing param=encoder.layer.5.attention.self.query.bias]
Loading weights:  89%|████████▉ | 92/103 [00:00<00:00, 1451.95it/s, Materializing param=encoder.layer.5.attention.self.query.bias]
Loading weights:  90%|█████████ | 93/103 [00:00<00:00, 1462.37it/s, Materializing param=encoder.layer.5.attention.self.query.weight]
Loading weights:  90%|█████████ | 93/103 [00:00<00:00, 1460.21it/s, Materializing param=encoder.layer.5.attention.self.query.weight]
Loading weights:  91%|█████████▏| 94/103 [00:00<00:00, 1471.59it/s, Materializing param=encoder.layer.5.attention.self.value.bias]  
Loading weights:  91%|█████████▏| 94/103 [00:00<00:00, 1468.89it/s, Materializing param=encoder.layer.5.attention.self.value.bias]
Loading weights:  92%|█████████▏| 95/103 [00:00<00:00, 1479.70it/s, Materializing param=encoder.layer.5.attention.self.value.weight]
Loading weights:  92%|█████████▏| 95/103 [00:00<00:00, 1477.44it/s, Materializing param=encoder.layer.5.attention.self.value.weight]
Loading weights:  93%|█████████▎| 96/103 [00:00<00:00, 1487.69it/s, Materializing param=encoder.layer.5.intermediate.dense.bias]    
Loading weights:  93%|█████████▎| 96/103 [00:00<00:00, 1485.35it/s, Materializing param=encoder.layer.5.intermediate.dense.bias]
Loading weights:  94%|█████████▍| 97/103 [00:00<00:00, 1496.29it/s, Materializing param=encoder.layer.5.intermediate.dense.weight]
Loading weights:  94%|█████████▍| 97/103 [00:00<00:00, 1493.58it/s, Materializing param=encoder.layer.5.intermediate.dense.weight]
Loading weights:  95%|█████████▌| 98/103 [00:00<00:00, 1504.43it/s, Materializing param=encoder.layer.5.output.LayerNorm.bias]    
Loading weights:  95%|█████████▌| 98/103 [00:00<00:00, 1502.35it/s, Materializing param=encoder.layer.5.output.LayerNorm.bias]
Loading weights:  96%|█████████▌| 99/103 [00:00<00:00, 1512.85it/s, Materializing param=encoder.layer.5.output.LayerNorm.weight]
Loading weights:  96%|█████████▌| 99/103 [00:00<00:00, 1510.45it/s, Materializing param=encoder.layer.5.output.LayerNorm.weight]
Loading weights:  97%|█████████▋| 100/103 [00:00<00:00, 1521.17it/s, Materializing param=encoder.layer.5.output.dense.bias]     
Loading weights:  97%|█████████▋| 100/103 [00:00<00:00, 1518.89it/s, Materializing param=encoder.layer.5.output.dense.bias]
Loading weights:  98%|█████████▊| 101/103 [00:00<00:00, 1529.28it/s, Materializing param=encoder.layer.5.output.dense.weight]
Loading weights:  98%|█████████▊| 101/103 [00:00<00:00, 1527.02it/s, Materializing param=encoder.layer.5.output.dense.weight]
Loading weights:  99%|█████████▉| 102/103 [00:00<00:00, 1537.87it/s, Materializing param=pooler.dense.bias]                  
Loading weights:  99%|█████████▉| 102/103 [00:00<00:00, 1534.62it/s, Materializing param=pooler.dense.bias]
Loading weights: 100%|██████████| 103/103 [00:00<00:00, 1544.61it/s, Materializing param=pooler.dense.weight]
Loading weights: 100%|██████████| 103/103 [00:00<00:00, 1541.97it/s, Materializing param=pooler.dense.weight]
Loading weights: 100%|██████████| 103/103 [00:00<00:00, 1536.39it/s, Materializing param=pooler.dense.weight]
14:50:01 INFO    ΦEmb codificou 88,807 documentos em 172 s

Loading weights:   0%|          | 0/201 [00:00<?, ?it/s]
Loading weights:   0%|          | 1/201 [00:00<00:00, 39199.10it/s, Materializing param=bert.embeddings.LayerNorm.bias]
Loading weights:   0%|          | 1/201 [00:00<00:00, 7436.71it/s, Materializing param=bert.embeddings.LayerNorm.bias] 
Loading weights:   1%|          | 2/201 [00:00<00:00, 4512.43it/s, Materializing param=bert.embeddings.LayerNorm.weight]
Loading weights:   1%|          | 2/201 [00:00<00:00, 3508.41it/s, Materializing param=bert.embeddings.LayerNorm.weight]
Loading weights:   1%|▏         | 3/201 [00:00<00:00, 858.43it/s, Materializing param=bert.embeddings.position_embeddings.weight]
Loading weights:   1%|▏         | 3/201 [00:00<00:00, 816.07it/s, Materializing param=bert.embeddings.position_embeddings.weight]
Loading weights:   2%|▏         | 4/201 [00:00<00:00, 871.91it/s, Materializing param=bert.embeddings.token_type_embeddings.weight]
Loading weights:   2%|▏         | 4/201 [00:00<00:00, 843.08it/s, Materializing param=bert.embeddings.token_type_embeddings.weight]
Loading weights:   2%|▏         | 5/201 [00:00<00:00, 912.92it/s, Materializing param=bert.embeddings.word_embeddings.weight]      
Loading weights:   2%|▏         | 5/201 [00:00<00:00, 888.10it/s, Materializing param=bert.embeddings.word_embeddings.weight]
Loading weights:   3%|▎         | 6/201 [00:00<00:00, 855.83it/s, Materializing param=bert.encoder.layer.0.attention.output.LayerNorm.bias]
Loading weights:   3%|▎         | 6/201 [00:00<00:00, 837.16it/s, Materializing param=bert.encoder.layer.0.attention.output.LayerNorm.bias]
Loading weights:   3%|▎         | 7/201 [00:00<00:00, 694.42it/s, Materializing param=bert.encoder.layer.0.attention.output.LayerNorm.weight]
Loading weights:   3%|▎         | 7/201 [00:00<00:00, 670.83it/s, Materializing param=bert.encoder.layer.0.attention.output.LayerNorm.weight]
Loading weights:   4%|▍         | 8/201 [00:00<00:00, 709.82it/s, Materializing param=bert.encoder.layer.0.attention.output.dense.bias]      
Loading weights:   4%|▍         | 8/201 [00:00<00:00, 700.31it/s, Materializing param=bert.encoder.layer.0.attention.output.dense.bias]
Loading weights:   4%|▍         | 9/201 [00:00<00:00, 758.30it/s, Materializing param=bert.encoder.layer.0.attention.output.dense.weight]
Loading weights:   4%|▍         | 9/201 [00:00<00:00, 749.92it/s, Materializing param=bert.encoder.layer.0.attention.output.dense.weight]
Loading weights:   5%|▍         | 10/201 [00:00<00:00, 778.09it/s, Materializing param=bert.encoder.layer.0.attention.self.key.bias]     
Loading weights:   5%|▍         | 10/201 [00:00<00:00, 740.87it/s, Materializing param=bert.encoder.layer.0.attention.self.key.bias]
Loading weights:   5%|▌         | 11/201 [00:00<00:00, 796.98it/s, Materializing param=bert.encoder.layer.0.attention.self.key.weight]
Loading weights:   5%|▌         | 11/201 [00:00<00:00, 789.04it/s, Materializing param=bert.encoder.layer.0.attention.self.key.weight]
Loading weights:   6%|▌         | 12/201 [00:00<00:00, 790.81it/s, Materializing param=bert.encoder.layer.0.attention.self.query.bias]
Loading weights:   6%|▌         | 12/201 [00:00<00:00, 783.76it/s, Materializing param=bert.encoder.layer.0.attention.self.query.bias]
Loading weights:   6%|▋         | 13/201 [00:00<00:00, 814.06it/s, Materializing param=bert.encoder.layer.0.attention.self.query.weight]
Loading weights:   6%|▋         | 13/201 [00:00<00:00, 806.41it/s, Materializing param=bert.encoder.layer.0.attention.self.query.weight]
Loading weights:   7%|▋         | 14/201 [00:00<00:00, 816.13it/s, Materializing param=bert.encoder.layer.0.attention.self.value.bias]  
Loading weights:   7%|▋         | 14/201 [00:00<00:00, 809.28it/s, Materializing param=bert.encoder.layer.0.attention.self.value.bias]
Loading weights:   7%|▋         | 15/201 [00:00<00:00, 821.79it/s, Materializing param=bert.encoder.layer.0.attention.self.value.weight]
Loading weights:   7%|▋         | 15/201 [00:00<00:00, 795.44it/s, Materializing param=bert.encoder.layer.0.attention.self.value.weight]
Loading weights:   8%|▊         | 16/201 [00:00<00:00, 759.89it/s, Materializing param=bert.encoder.layer.0.intermediate.dense.bias]    
Loading weights:   8%|▊         | 16/201 [00:00<00:00, 746.36it/s, Materializing param=bert.encoder.layer.0.intermediate.dense.bias]
Loading weights:   8%|▊         | 17/201 [00:00<00:00, 757.68it/s, Materializing param=bert.encoder.layer.0.intermediate.dense.weight]
Loading weights:   8%|▊         | 17/201 [00:00<00:00, 753.07it/s, Materializing param=bert.encoder.layer.0.intermediate.dense.weight]
Loading weights:   9%|▉         | 18/201 [00:00<00:00, 780.21it/s, Materializing param=bert.encoder.layer.0.output.LayerNorm.bias]    
Loading weights:   9%|▉         | 18/201 [00:00<00:00, 774.71it/s, Materializing param=bert.encoder.layer.0.output.LayerNorm.bias]
Loading weights:   9%|▉         | 19/201 [00:00<00:00, 770.56it/s, Materializing param=bert.encoder.layer.0.output.LayerNorm.weight]
Loading weights:   9%|▉         | 19/201 [00:00<00:00, 766.19it/s, Materializing param=bert.encoder.layer.0.output.LayerNorm.weight]
Loading weights:  10%|▉         | 20/201 [00:00<00:00, 782.80it/s, Materializing param=bert.encoder.layer.0.output.dense.bias]      
Loading weights:  10%|▉         | 20/201 [00:00<00:00, 778.24it/s, Materializing param=bert.encoder.layer.0.output.dense.bias]
Loading weights:  10%|█         | 21/201 [00:00<00:00, 781.69it/s, Materializing param=bert.encoder.layer.0.output.dense.weight]
Loading weights:  10%|█         | 21/201 [00:00<00:00, 777.58it/s, Materializing param=bert.encoder.layer.0.output.dense.weight]
Loading weights:  11%|█         | 22/201 [00:00<00:00, 702.31it/s, Materializing param=bert.encoder.layer.1.attention.output.LayerNorm.bias]
Loading weights:  11%|█         | 22/201 [00:00<00:00, 697.82it/s, Materializing param=bert.encoder.layer.1.attention.output.LayerNorm.bias]
Loading weights:  11%|█▏        | 23/201 [00:00<00:00, 712.16it/s, Materializing param=bert.encoder.layer.1.attention.output.LayerNorm.weight]
Loading weights:  11%|█▏        | 23/201 [00:00<00:00, 708.37it/s, Materializing param=bert.encoder.layer.1.attention.output.LayerNorm.weight]
Loading weights:  12%|█▏        | 24/201 [00:00<00:00, 721.67it/s, Materializing param=bert.encoder.layer.1.attention.output.dense.bias]      
Loading weights:  12%|█▏        | 24/201 [00:00<00:00, 718.23it/s, Materializing param=bert.encoder.layer.1.attention.output.dense.bias]
Loading weights:  12%|█▏        | 25/201 [00:00<00:00, 670.63it/s, Materializing param=bert.encoder.layer.1.attention.output.dense.weight]
Loading weights:  12%|█▏        | 25/201 [00:00<00:00, 665.12it/s, Materializing param=bert.encoder.layer.1.attention.output.dense.weight]
Loading weights:  13%|█▎        | 26/201 [00:00<00:00, 658.00it/s, Materializing param=bert.encoder.layer.1.attention.self.key.bias]      
Loading weights:  13%|█▎        | 26/201 [00:00<00:00, 655.66it/s, Materializing param=bert.encoder.layer.1.attention.self.key.bias]
Loading weights:  13%|█▎        | 27/201 [00:00<00:00, 655.00it/s, Materializing param=bert.encoder.layer.1.attention.self.key.weight]
Loading weights:  13%|█▎        | 27/201 [00:00<00:00, 652.70it/s, Materializing param=bert.encoder.layer.1.attention.self.key.weight]
Loading weights:  14%|█▍        | 28/201 [00:00<00:00, 666.95it/s, Materializing param=bert.encoder.layer.1.attention.self.query.bias]
Loading weights:  14%|█▍        | 28/201 [00:00<00:00, 664.65it/s, Materializing param=bert.encoder.layer.1.attention.self.query.bias]
Loading weights:  14%|█▍        | 29/201 [00:00<00:00, 672.84it/s, Materializing param=bert.encoder.layer.1.attention.self.query.weight]
Loading weights:  14%|█▍        | 29/201 [00:00<00:00, 670.64it/s, Materializing param=bert.encoder.layer.1.attention.self.query.weight]
Loading weights:  15%|█▍        | 30/201 [00:00<00:00, 683.30it/s, Materializing param=bert.encoder.layer.1.attention.self.value.bias]  
Loading weights:  15%|█▍        | 30/201 [00:00<00:00, 681.01it/s, Materializing param=bert.encoder.layer.1.attention.self.value.bias]
Loading weights:  15%|█▌        | 31/201 [00:00<00:00, 693.03it/s, Materializing param=bert.encoder.layer.1.attention.self.value.weight]
Loading weights:  15%|█▌        | 31/201 [00:00<00:00, 690.74it/s, Materializing param=bert.encoder.layer.1.attention.self.value.weight]
Loading weights:  16%|█▌        | 32/201 [00:00<00:00, 701.53it/s, Materializing param=bert.encoder.layer.1.intermediate.dense.bias]    
Loading weights:  16%|█▌        | 32/201 [00:00<00:00, 699.00it/s, Materializing param=bert.encoder.layer.1.intermediate.dense.bias]
Loading weights:  16%|█▋        | 33/201 [00:00<00:00, 705.59it/s, Materializing param=bert.encoder.layer.1.intermediate.dense.weight]
Loading weights:  16%|█▋        | 33/201 [00:00<00:00, 701.84it/s, Materializing param=bert.encoder.layer.1.intermediate.dense.weight]
Loading weights:  17%|█▋        | 34/201 [00:00<00:00, 708.47it/s, Materializing param=bert.encoder.layer.1.output.LayerNorm.bias]    
Loading weights:  17%|█▋        | 34/201 [00:00<00:00, 705.91it/s, Materializing param=bert.encoder.layer.1.output.LayerNorm.bias]
Loading weights:  17%|█▋        | 35/201 [00:00<00:00, 706.96it/s, Materializing param=bert.encoder.layer.1.output.LayerNorm.weight]
Loading weights:  17%|█▋        | 35/201 [00:00<00:00, 704.84it/s, Materializing param=bert.encoder.layer.1.output.LayerNorm.weight]
Loading weights:  18%|█▊        | 36/201 [00:00<00:00, 699.13it/s, Materializing param=bert.encoder.layer.1.output.dense.bias]      
Loading weights:  18%|█▊        | 36/201 [00:00<00:00, 696.96it/s, Materializing param=bert.encoder.layer.1.output.dense.bias]
Loading weights:  18%|█▊        | 37/201 [00:00<00:00, 705.94it/s, Materializing param=bert.encoder.layer.1.output.dense.weight]
Loading weights:  18%|█▊        | 37/201 [00:00<00:00, 704.08it/s, Materializing param=bert.encoder.layer.1.output.dense.weight]
Loading weights:  19%|█▉        | 38/201 [00:00<00:00, 707.48it/s, Materializing param=bert.encoder.layer.2.attention.output.LayerNorm.bias]
Loading weights:  19%|█▉        | 38/201 [00:00<00:00, 705.52it/s, Materializing param=bert.encoder.layer.2.attention.output.LayerNorm.bias]
Loading weights:  19%|█▉        | 39/201 [00:00<00:00, 718.96it/s, Materializing param=bert.encoder.layer.2.attention.output.LayerNorm.weight]
Loading weights:  19%|█▉        | 39/201 [00:00<00:00, 716.88it/s, Materializing param=bert.encoder.layer.2.attention.output.LayerNorm.weight]
Loading weights:  20%|█▉        | 40/201 [00:00<00:00, 728.79it/s, Materializing param=bert.encoder.layer.2.attention.output.dense.bias]      
Loading weights:  20%|█▉        | 40/201 [00:00<00:00, 727.44it/s, Materializing param=bert.encoder.layer.2.attention.output.dense.bias]
Loading weights:  20%|██        | 41/201 [00:00<00:00, 741.86it/s, Materializing param=bert.encoder.layer.2.attention.output.dense.weight]
Loading weights:  20%|██        | 41/201 [00:00<00:00, 740.62it/s, Materializing param=bert.encoder.layer.2.attention.output.dense.weight]
Loading weights:  21%|██        | 42/201 [00:00<00:00, 742.23it/s, Materializing param=bert.encoder.layer.2.attention.self.key.bias]      
Loading weights:  21%|██        | 42/201 [00:00<00:00, 740.15it/s, Materializing param=bert.encoder.layer.2.attention.self.key.bias]
Loading weights:  21%|██▏       | 43/201 [00:00<00:00, 744.04it/s, Materializing param=bert.encoder.layer.2.attention.self.key.weight]
Loading weights:  21%|██▏       | 43/201 [00:00<00:00, 742.08it/s, Materializing param=bert.encoder.layer.2.attention.self.key.weight]
Loading weights:  22%|██▏       | 44/201 [00:00<00:00, 748.48it/s, Materializing param=bert.encoder.layer.2.attention.self.query.bias]
Loading weights:  22%|██▏       | 44/201 [00:00<00:00, 746.61it/s, Materializing param=bert.encoder.layer.2.attention.self.query.bias]
Loading weights:  22%|██▏       | 45/201 [00:00<00:00, 753.61it/s, Materializing param=bert.encoder.layer.2.attention.self.query.weight]
Loading weights:  22%|██▏       | 45/201 [00:00<00:00, 751.91it/s, Materializing param=bert.encoder.layer.2.attention.self.query.weight]
Loading weights:  23%|██▎       | 46/201 [00:00<00:00, 744.53it/s, Materializing param=bert.encoder.layer.2.attention.self.value.bias]  
Loading weights:  23%|██▎       | 46/201 [00:00<00:00, 733.98it/s, Materializing param=bert.encoder.layer.2.attention.self.value.bias]
Loading weights:  23%|██▎       | 47/201 [00:00<00:00, 730.50it/s, Materializing param=bert.encoder.layer.2.attention.self.value.weight]
Loading weights:  23%|██▎       | 47/201 [00:00<00:00, 728.72it/s, Materializing param=bert.encoder.layer.2.attention.self.value.weight]
Loading weights:  24%|██▍       | 48/201 [00:00<00:00, 739.98it/s, Materializing param=bert.encoder.layer.2.intermediate.dense.bias]    
Loading weights:  24%|██▍       | 48/201 [00:00<00:00, 738.28it/s, Materializing param=bert.encoder.layer.2.intermediate.dense.bias]
Loading weights:  24%|██▍       | 49/201 [00:00<00:00, 714.71it/s, Materializing param=bert.encoder.layer.2.intermediate.dense.weight]
Loading weights:  24%|██▍       | 49/201 [00:00<00:00, 713.30it/s, Materializing param=bert.encoder.layer.2.intermediate.dense.weight]
Loading weights:  25%|██▍       | 50/201 [00:00<00:00, 724.34it/s, Materializing param=bert.encoder.layer.2.output.LayerNorm.bias]    
Loading weights:  25%|██▍       | 50/201 [00:00<00:00, 722.95it/s, Materializing param=bert.encoder.layer.2.output.LayerNorm.bias]
Loading weights:  25%|██▌       | 51/201 [00:00<00:00, 734.35it/s, Materializing param=bert.encoder.layer.2.output.LayerNorm.weight]
Loading weights:  25%|██▌       | 51/201 [00:00<00:00, 732.98it/s, Materializing param=bert.encoder.layer.2.output.LayerNorm.weight]
Loading weights:  26%|██▌       | 52/201 [00:00<00:00, 735.20it/s, Materializing param=bert.encoder.layer.2.output.dense.bias]      
Loading weights:  26%|██▌       | 52/201 [00:00<00:00, 733.77it/s, Materializing param=bert.encoder.layer.2.output.dense.bias]
Loading weights:  26%|██▋       | 53/201 [00:00<00:00, 734.42it/s, Materializing param=bert.encoder.layer.2.output.dense.weight]
Loading weights:  26%|██▋       | 53/201 [00:00<00:00, 731.52it/s, Materializing param=bert.encoder.layer.2.output.dense.weight]
Loading weights:  27%|██▋       | 54/201 [00:00<00:00, 732.57it/s, Materializing param=bert.encoder.layer.3.attention.output.LayerNorm.bias]
Loading weights:  27%|██▋       | 54/201 [00:00<00:00, 731.05it/s, Materializing param=bert.encoder.layer.3.attention.output.LayerNorm.bias]
Loading weights:  27%|██▋       | 55/201 [00:00<00:00, 732.16it/s, Materializing param=bert.encoder.layer.3.attention.output.LayerNorm.weight]
Loading weights:  27%|██▋       | 55/201 [00:00<00:00, 730.49it/s, Materializing param=bert.encoder.layer.3.attention.output.LayerNorm.weight]
Loading weights:  28%|██▊       | 56/201 [00:00<00:00, 717.24it/s, Materializing param=bert.encoder.layer.3.attention.output.dense.bias]      
Loading weights:  28%|██▊       | 56/201 [00:00<00:00, 715.51it/s, Materializing param=bert.encoder.layer.3.attention.output.dense.bias]
Loading weights:  28%|██▊       | 57/201 [00:00<00:00, 720.74it/s, Materializing param=bert.encoder.layer.3.attention.output.dense.weight]
Loading weights:  28%|██▊       | 57/201 [00:00<00:00, 716.67it/s, Materializing param=bert.encoder.layer.3.attention.output.dense.weight]
Loading weights:  29%|██▉       | 58/201 [00:00<00:00, 723.81it/s, Materializing param=bert.encoder.layer.3.attention.self.key.bias]      
Loading weights:  29%|██▉       | 58/201 [00:00<00:00, 722.59it/s, Materializing param=bert.encoder.layer.3.attention.self.key.bias]
Loading weights:  29%|██▉       | 59/201 [00:00<00:00, 728.10it/s, Materializing param=bert.encoder.layer.3.attention.self.key.weight]
Loading weights:  29%|██▉       | 59/201 [00:00<00:00, 726.65it/s, Materializing param=bert.encoder.layer.3.attention.self.key.weight]
Loading weights:  30%|██▉       | 60/201 [00:00<00:00, 721.69it/s, Materializing param=bert.encoder.layer.3.attention.self.query.bias]
Loading weights:  30%|██▉       | 60/201 [00:00<00:00, 719.07it/s, Materializing param=bert.encoder.layer.3.attention.self.query.bias]
Loading weights:  30%|███       | 61/201 [00:00<00:00, 721.34it/s, Materializing param=bert.encoder.layer.3.attention.self.query.weight]
Loading weights:  30%|███       | 61/201 [00:00<00:00, 720.52it/s, Materializing param=bert.encoder.layer.3.attention.self.query.weight]
Loading weights:  31%|███       | 62/201 [00:00<00:00, 729.97it/s, Materializing param=bert.encoder.layer.3.attention.self.value.bias]  
Loading weights:  31%|███       | 62/201 [00:00<00:00, 729.20it/s, Materializing param=bert.encoder.layer.3.attention.self.value.bias]
Loading weights:  31%|███▏      | 63/201 [00:00<00:00, 738.64it/s, Materializing param=bert.encoder.layer.3.attention.self.value.weight]
Loading weights:  31%|███▏      | 63/201 [00:00<00:00, 737.43it/s, Materializing param=bert.encoder.layer.3.attention.self.value.weight]
Loading weights:  32%|███▏      | 64/201 [00:00<00:00, 730.85it/s, Materializing param=bert.encoder.layer.3.intermediate.dense.bias]    
Loading weights:  32%|███▏      | 64/201 [00:00<00:00, 729.71it/s, Materializing param=bert.encoder.layer.3.intermediate.dense.bias]
Loading weights:  32%|███▏      | 65/201 [00:00<00:00, 727.90it/s, Materializing param=bert.encoder.layer.3.intermediate.dense.weight]
Loading weights:  32%|███▏      | 65/201 [00:00<00:00, 722.99it/s, Materializing param=bert.encoder.layer.3.intermediate.dense.weight]
Loading weights:  33%|███▎      | 66/201 [00:00<00:00, 729.77it/s, Materializing param=bert.encoder.layer.3.output.LayerNorm.bias]    
Loading weights:  33%|███▎      | 66/201 [00:00<00:00, 728.63it/s, Materializing param=bert.encoder.layer.3.output.LayerNorm.bias]
Loading weights:  33%|███▎      | 67/201 [00:00<00:00, 735.27it/s, Materializing param=bert.encoder.layer.3.output.LayerNorm.weight]
Loading weights:  33%|███▎      | 67/201 [00:00<00:00, 733.93it/s, Materializing param=bert.encoder.layer.3.output.LayerNorm.weight]
Loading weights:  34%|███▍      | 68/201 [00:00<00:00, 740.72it/s, Materializing param=bert.encoder.layer.3.output.dense.bias]      
Loading weights:  34%|███▍      | 68/201 [00:00<00:00, 739.37it/s, Materializing param=bert.encoder.layer.3.output.dense.bias]
Loading weights:  34%|███▍      | 69/201 [00:00<00:00, 747.72it/s, Materializing param=bert.encoder.layer.3.output.dense.weight]
Loading weights:  34%|███▍      | 69/201 [00:00<00:00, 746.54it/s, Materializing param=bert.encoder.layer.3.output.dense.weight]
Loading weights:  35%|███▍      | 70/201 [00:00<00:00, 755.43it/s, Materializing param=bert.encoder.layer.4.attention.output.LayerNorm.bias]
Loading weights:  35%|███▍      | 70/201 [00:00<00:00, 754.48it/s, Materializing param=bert.encoder.layer.4.attention.output.LayerNorm.bias]
Loading weights:  35%|███▌      | 71/201 [00:00<00:00, 762.43it/s, Materializing param=bert.encoder.layer.4.attention.output.LayerNorm.weight]
Loading weights:  35%|███▌      | 71/201 [00:00<00:00, 761.43it/s, Materializing param=bert.encoder.layer.4.attention.output.LayerNorm.weight]
Loading weights:  36%|███▌      | 72/201 [00:00<00:00, 770.08it/s, Materializing param=bert.encoder.layer.4.attention.output.dense.bias]      
Loading weights:  36%|███▌      | 72/201 [00:00<00:00, 769.11it/s, Materializing param=bert.encoder.layer.4.attention.output.dense.bias]
Loading weights:  36%|███▋      | 73/201 [00:00<00:00, 777.01it/s, Materializing param=bert.encoder.layer.4.attention.output.dense.weight]
Loading weights:  36%|███▋      | 73/201 [00:00<00:00, 776.01it/s, Materializing param=bert.encoder.layer.4.attention.output.dense.weight]
Loading weights:  37%|███▋      | 74/201 [00:00<00:00, 784.61it/s, Materializing param=bert.encoder.layer.4.attention.self.key.bias]      
Loading weights:  37%|███▋      | 74/201 [00:00<00:00, 783.44it/s, Materializing param=bert.encoder.layer.4.attention.self.key.bias]
Loading weights:  37%|███▋      | 75/201 [00:00<00:00, 792.03it/s, Materializing param=bert.encoder.layer.4.attention.self.key.weight]
Loading weights:  37%|███▋      | 75/201 [00:00<00:00, 791.00it/s, Materializing param=bert.encoder.layer.4.attention.self.key.weight]
Loading weights:  38%|███▊      | 76/201 [00:00<00:00, 798.54it/s, Materializing param=bert.encoder.layer.4.attention.self.query.bias]
Loading weights:  38%|███▊      | 76/201 [00:00<00:00, 797.57it/s, Materializing param=bert.encoder.layer.4.attention.self.query.bias]
Loading weights:  38%|███▊      | 77/201 [00:00<00:00, 805.94it/s, Materializing param=bert.encoder.layer.4.attention.self.query.weight]
Loading weights:  38%|███▊      | 77/201 [00:00<00:00, 804.98it/s, Materializing param=bert.encoder.layer.4.attention.self.query.weight]
Loading weights:  39%|███▉      | 78/201 [00:00<00:00, 813.24it/s, Materializing param=bert.encoder.layer.4.attention.self.value.bias]  
Loading weights:  39%|███▉      | 78/201 [00:00<00:00, 812.18it/s, Materializing param=bert.encoder.layer.4.attention.self.value.bias]
Loading weights:  39%|███▉      | 79/201 [00:00<00:00, 819.93it/s, Materializing param=bert.encoder.layer.4.attention.self.value.weight]
Loading weights:  39%|███▉      | 79/201 [00:00<00:00, 818.77it/s, Materializing param=bert.encoder.layer.4.attention.self.value.weight]
Loading weights:  40%|███▉      | 80/201 [00:00<00:00, 827.18it/s, Materializing param=bert.encoder.layer.4.intermediate.dense.bias]    
Loading weights:  40%|███▉      | 80/201 [00:00<00:00, 826.18it/s, Materializing param=bert.encoder.layer.4.intermediate.dense.bias]
Loading weights:  40%|████      | 81/201 [00:00<00:00, 834.56it/s, Materializing param=bert.encoder.layer.4.intermediate.dense.weight]
Loading weights:  40%|████      | 81/201 [00:00<00:00, 833.29it/s, Materializing param=bert.encoder.layer.4.intermediate.dense.weight]
Loading weights:  41%|████      | 82/201 [00:00<00:00, 840.90it/s, Materializing param=bert.encoder.layer.4.output.LayerNorm.bias]    
Loading weights:  41%|████      | 82/201 [00:00<00:00, 839.77it/s, Materializing param=bert.encoder.layer.4.output.LayerNorm.bias]
Loading weights:  41%|████▏     | 83/201 [00:00<00:00, 847.83it/s, Materializing param=bert.encoder.layer.4.output.LayerNorm.weight]
Loading weights:  41%|████▏     | 83/201 [00:00<00:00, 846.77it/s, Materializing param=bert.encoder.layer.4.output.LayerNorm.weight]
Loading weights:  42%|████▏     | 84/201 [00:00<00:00, 854.47it/s, Materializing param=bert.encoder.layer.4.output.dense.bias]      
Loading weights:  42%|████▏     | 84/201 [00:00<00:00, 853.32it/s, Materializing param=bert.encoder.layer.4.output.dense.bias]
Loading weights:  42%|████▏     | 85/201 [00:00<00:00, 861.62it/s, Materializing param=bert.encoder.layer.4.output.dense.weight]
Loading weights:  42%|████▏     | 85/201 [00:00<00:00, 860.65it/s, Materializing param=bert.encoder.layer.4.output.dense.weight]
Loading weights:  43%|████▎     | 86/201 [00:00<00:00, 868.44it/s, Materializing param=bert.encoder.layer.5.attention.output.LayerNorm.bias]
Loading weights:  43%|████▎     | 86/201 [00:00<00:00, 866.88it/s, Materializing param=bert.encoder.layer.5.attention.output.LayerNorm.bias]
Loading weights:  43%|████▎     | 87/201 [00:00<00:00, 874.27it/s, Materializing param=bert.encoder.layer.5.attention.output.LayerNorm.weight]
Loading weights:  43%|████▎     | 87/201 [00:00<00:00, 873.22it/s, Materializing param=bert.encoder.layer.5.attention.output.LayerNorm.weight]
Loading weights:  44%|████▍     | 88/201 [00:00<00:00, 880.89it/s, Materializing param=bert.encoder.layer.5.attention.output.dense.bias]      
Loading weights:  44%|████▍     | 88/201 [00:00<00:00, 879.83it/s, Materializing param=bert.encoder.layer.5.attention.output.dense.bias]
Loading weights:  44%|████▍     | 89/201 [00:00<00:00, 887.01it/s, Materializing param=bert.encoder.layer.5.attention.output.dense.bias]
Loading weights:  44%|████▍     | 89/201 [00:00<00:00, 887.01it/s, Materializing param=bert.encoder.layer.5.attention.output.dense.weight]
Loading weights:  44%|████▍     | 89/201 [00:00<00:00, 887.01it/s, Materializing param=bert.encoder.layer.5.attention.output.dense.weight]
Loading weights:  45%|████▍     | 90/201 [00:00<00:00, 887.01it/s, Materializing param=bert.encoder.layer.5.attention.self.key.bias]      
Loading weights:  45%|████▍     | 90/201 [00:00<00:00, 887.01it/s, Materializing param=bert.encoder.layer.5.attention.self.key.bias]
Loading weights:  45%|████▌     | 91/201 [00:00<00:00, 887.01it/s, Materializing param=bert.encoder.layer.5.attention.self.key.weight]
Loading weights:  45%|████▌     | 91/201 [00:00<00:00, 887.01it/s, Materializing param=bert.encoder.layer.5.attention.self.key.weight]
Loading weights:  46%|████▌     | 92/201 [00:00<00:00, 887.01it/s, Materializing param=bert.encoder.layer.5.attention.self.query.bias]
Loading weights:  46%|████▌     | 92/201 [00:00<00:00, 887.01it/s, Materializing param=bert.encoder.layer.5.attention.self.query.bias]
Loading weights:  46%|████▋     | 93/201 [00:00<00:00, 887.01it/s, Materializing param=bert.encoder.layer.5.attention.self.query.weight]
Loading weights:  46%|████▋     | 93/201 [00:00<00:00, 887.01it/s, Materializing param=bert.encoder.layer.5.attention.self.query.weight]
Loading weights:  47%|████▋     | 94/201 [00:00<00:00, 887.01it/s, Materializing param=bert.encoder.layer.5.attention.self.value.bias]  
Loading weights:  47%|████▋     | 94/201 [00:00<00:00, 887.01it/s, Materializing param=bert.encoder.layer.5.attention.self.value.bias]
Loading weights:  47%|████▋     | 95/201 [00:00<00:00, 887.01it/s, Materializing param=bert.encoder.layer.5.attention.self.value.weight]
Loading weights:  47%|████▋     | 95/201 [00:00<00:00, 887.01it/s, Materializing param=bert.encoder.layer.5.attention.self.value.weight]
Loading weights:  48%|████▊     | 96/201 [00:00<00:00, 887.01it/s, Materializing param=bert.encoder.layer.5.intermediate.dense.bias]    
Loading weights:  48%|████▊     | 96/201 [00:00<00:00, 887.01it/s, Materializing param=bert.encoder.layer.5.intermediate.dense.bias]
Loading weights:  48%|████▊     | 97/201 [00:00<00:00, 887.01it/s, Materializing param=bert.encoder.layer.5.intermediate.dense.weight]
Loading weights:  48%|████▊     | 97/201 [00:00<00:00, 887.01it/s, Materializing param=bert.encoder.layer.5.intermediate.dense.weight]
Loading weights:  49%|████▉     | 98/201 [00:00<00:00, 887.01it/s, Materializing param=bert.encoder.layer.5.output.LayerNorm.bias]    
Loading weights:  49%|████▉     | 98/201 [00:00<00:00, 887.01it/s, Materializing param=bert.encoder.layer.5.output.LayerNorm.bias]
Loading weights:  49%|████▉     | 99/201 [00:00<00:00, 887.01it/s, Materializing param=bert.encoder.layer.5.output.LayerNorm.weight]
Loading weights:  49%|████▉     | 99/201 [00:00<00:00, 887.01it/s, Materializing param=bert.encoder.layer.5.output.LayerNorm.weight]
Loading weights:  50%|████▉     | 100/201 [00:00<00:00, 887.01it/s, Materializing param=bert.encoder.layer.5.output.dense.bias]     
Loading weights:  50%|████▉     | 100/201 [00:00<00:00, 887.01it/s, Materializing param=bert.encoder.layer.5.output.dense.bias]
Loading weights:  50%|█████     | 101/201 [00:00<00:00, 887.01it/s, Materializing param=bert.encoder.layer.5.output.dense.weight]
Loading weights:  50%|█████     | 101/201 [00:00<00:00, 887.01it/s, Materializing param=bert.encoder.layer.5.output.dense.weight]
Loading weights:  51%|█████     | 102/201 [00:00<00:00, 887.01it/s, Materializing param=bert.encoder.layer.6.attention.output.LayerNorm.bias]
Loading weights:  51%|█████     | 102/201 [00:00<00:00, 887.01it/s, Materializing param=bert.encoder.layer.6.attention.output.LayerNorm.bias]
Loading weights:  51%|█████     | 103/201 [00:00<00:00, 887.01it/s, Materializing param=bert.encoder.layer.6.attention.output.LayerNorm.weight]
Loading weights:  51%|█████     | 103/201 [00:00<00:00, 887.01it/s, Materializing param=bert.encoder.layer.6.attention.output.LayerNorm.weight]
Loading weights:  52%|█████▏    | 104/201 [00:00<00:00, 887.01it/s, Materializing param=bert.encoder.layer.6.attention.output.dense.bias]      
Loading weights:  52%|█████▏    | 104/201 [00:00<00:00, 887.01it/s, Materializing param=bert.encoder.layer.6.attention.output.dense.bias]
Loading weights:  52%|█████▏    | 105/201 [00:00<00:00, 887.01it/s, Materializing param=bert.encoder.layer.6.attention.output.dense.weight]
Loading weights:  52%|█████▏    | 105/201 [00:00<00:00, 887.01it/s, Materializing param=bert.encoder.layer.6.attention.output.dense.weight]
Loading weights:  53%|█████▎    | 106/201 [00:00<00:00, 887.01it/s, Materializing param=bert.encoder.layer.6.attention.self.key.bias]      
Loading weights:  53%|█████▎    | 106/201 [00:00<00:00, 887.01it/s, Materializing param=bert.encoder.layer.6.attention.self.key.bias]
Loading weights:  53%|█████▎    | 107/201 [00:00<00:00, 887.01it/s, Materializing param=bert.encoder.layer.6.attention.self.key.weight]
Loading weights:  53%|█████▎    | 107/201 [00:00<00:00, 887.01it/s, Materializing param=bert.encoder.layer.6.attention.self.key.weight]
Loading weights:  54%|█████▎    | 108/201 [00:00<00:00, 887.01it/s, Materializing param=bert.encoder.layer.6.attention.self.query.bias]
Loading weights:  54%|█████▎    | 108/201 [00:00<00:00, 887.01it/s, Materializing param=bert.encoder.layer.6.attention.self.query.bias]
Loading weights:  54%|█████▍    | 109/201 [00:00<00:00, 887.01it/s, Materializing param=bert.encoder.layer.6.attention.self.query.weight]
Loading weights:  54%|█████▍    | 109/201 [00:00<00:00, 887.01it/s, Materializing param=bert.encoder.layer.6.attention.self.query.weight]
Loading weights:  55%|█████▍    | 110/201 [00:00<00:00, 887.01it/s, Materializing param=bert.encoder.layer.6.attention.self.value.bias]  
Loading weights:  55%|█████▍    | 110/201 [00:00<00:00, 887.01it/s, Materializing param=bert.encoder.layer.6.attention.self.value.bias]
Loading weights:  55%|█████▌    | 111/201 [00:00<00:00, 887.01it/s, Materializing param=bert.encoder.layer.6.attention.self.value.weight]
Loading weights:  55%|█████▌    | 111/201 [00:00<00:00, 887.01it/s, Materializing param=bert.encoder.layer.6.attention.self.value.weight]
Loading weights:  56%|█████▌    | 112/201 [00:00<00:00, 887.01it/s, Materializing param=bert.encoder.layer.6.intermediate.dense.bias]    
Loading weights:  56%|█████▌    | 112/201 [00:00<00:00, 887.01it/s, Materializing param=bert.encoder.layer.6.intermediate.dense.bias]
Loading weights:  56%|█████▌    | 113/201 [00:00<00:00, 887.01it/s, Materializing param=bert.encoder.layer.6.intermediate.dense.weight]
Loading weights:  56%|█████▌    | 113/201 [00:00<00:00, 887.01it/s, Materializing param=bert.encoder.layer.6.intermediate.dense.weight]
Loading weights:  57%|█████▋    | 114/201 [00:00<00:00, 887.01it/s, Materializing param=bert.encoder.layer.6.output.LayerNorm.bias]    
Loading weights:  57%|█████▋    | 114/201 [00:00<00:00, 887.01it/s, Materializing param=bert.encoder.layer.6.output.LayerNorm.bias]
Loading weights:  57%|█████▋    | 115/201 [00:00<00:00, 887.01it/s, Materializing param=bert.encoder.layer.6.output.LayerNorm.weight]
Loading weights:  57%|█████▋    | 115/201 [00:00<00:00, 887.01it/s, Materializing param=bert.encoder.layer.6.output.LayerNorm.weight]
Loading weights:  58%|█████▊    | 116/201 [00:00<00:00, 887.01it/s, Materializing param=bert.encoder.layer.6.output.dense.bias]      
Loading weights:  58%|█████▊    | 116/201 [00:00<00:00, 887.01it/s, Materializing param=bert.encoder.layer.6.output.dense.bias]
Loading weights:  58%|█████▊    | 117/201 [00:00<00:00, 887.01it/s, Materializing param=bert.encoder.layer.6.output.dense.weight]
Loading weights:  58%|█████▊    | 117/201 [00:00<00:00, 887.01it/s, Materializing param=bert.encoder.layer.6.output.dense.weight]
Loading weights:  59%|█████▊    | 118/201 [00:00<00:00, 887.01it/s, Materializing param=bert.encoder.layer.7.attention.output.LayerNorm.bias]
Loading weights:  59%|█████▊    | 118/201 [00:00<00:00, 887.01it/s, Materializing param=bert.encoder.layer.7.attention.output.LayerNorm.bias]
Loading weights:  59%|█████▉    | 119/201 [00:00<00:00, 887.01it/s, Materializing param=bert.encoder.layer.7.attention.output.LayerNorm.weight]
Loading weights:  59%|█████▉    | 119/201 [00:00<00:00, 887.01it/s, Materializing param=bert.encoder.layer.7.attention.output.LayerNorm.weight]
Loading weights:  60%|█████▉    | 120/201 [00:00<00:00, 887.01it/s, Materializing param=bert.encoder.layer.7.attention.output.dense.bias]      
Loading weights:  60%|█████▉    | 120/201 [00:00<00:00, 887.01it/s, Materializing param=bert.encoder.layer.7.attention.output.dense.bias]
Loading weights:  60%|██████    | 121/201 [00:00<00:00, 887.01it/s, Materializing param=bert.encoder.layer.7.attention.output.dense.weight]
Loading weights:  60%|██████    | 121/201 [00:00<00:00, 887.01it/s, Materializing param=bert.encoder.layer.7.attention.output.dense.weight]
Loading weights:  61%|██████    | 122/201 [00:00<00:00, 887.01it/s, Materializing param=bert.encoder.layer.7.attention.self.key.bias]      
Loading weights:  61%|██████    | 122/201 [00:00<00:00, 887.01it/s, Materializing param=bert.encoder.layer.7.attention.self.key.bias]
Loading weights:  61%|██████    | 123/201 [00:00<00:00, 887.01it/s, Materializing param=bert.encoder.layer.7.attention.self.key.weight]
Loading weights:  61%|██████    | 123/201 [00:00<00:00, 887.01it/s, Materializing param=bert.encoder.layer.7.attention.self.key.weight]
Loading weights:  62%|██████▏   | 124/201 [00:00<00:00, 887.01it/s, Materializing param=bert.encoder.layer.7.attention.self.query.bias]
Loading weights:  62%|██████▏   | 124/201 [00:00<00:00, 887.01it/s, Materializing param=bert.encoder.layer.7.attention.self.query.bias]
Loading weights:  62%|██████▏   | 125/201 [00:00<00:00, 887.01it/s, Materializing param=bert.encoder.layer.7.attention.self.query.weight]
Loading weights:  62%|██████▏   | 125/201 [00:00<00:00, 887.01it/s, Materializing param=bert.encoder.layer.7.attention.self.query.weight]
Loading weights:  63%|██████▎   | 126/201 [00:00<00:00, 887.01it/s, Materializing param=bert.encoder.layer.7.attention.self.value.bias]  
Loading weights:  63%|██████▎   | 126/201 [00:00<00:00, 887.01it/s, Materializing param=bert.encoder.layer.7.attention.self.value.bias]
Loading weights:  63%|██████▎   | 127/201 [00:00<00:00, 887.01it/s, Materializing param=bert.encoder.layer.7.attention.self.value.weight]
Loading weights:  63%|██████▎   | 127/201 [00:00<00:00, 887.01it/s, Materializing param=bert.encoder.layer.7.attention.self.value.weight]
Loading weights:  64%|██████▎   | 128/201 [00:00<00:00, 887.01it/s, Materializing param=bert.encoder.layer.7.intermediate.dense.bias]    
Loading weights:  64%|██████▎   | 128/201 [00:00<00:00, 887.01it/s, Materializing param=bert.encoder.layer.7.intermediate.dense.bias]
Loading weights:  64%|██████▍   | 129/201 [00:00<00:00, 887.01it/s, Materializing param=bert.encoder.layer.7.intermediate.dense.weight]
Loading weights:  64%|██████▍   | 129/201 [00:00<00:00, 887.01it/s, Materializing param=bert.encoder.layer.7.intermediate.dense.weight]
Loading weights:  65%|██████▍   | 130/201 [00:00<00:00, 887.01it/s, Materializing param=bert.encoder.layer.7.output.LayerNorm.bias]    
Loading weights:  65%|██████▍   | 130/201 [00:00<00:00, 887.01it/s, Materializing param=bert.encoder.layer.7.output.LayerNorm.bias]
Loading weights:  65%|██████▌   | 131/201 [00:00<00:00, 887.01it/s, Materializing param=bert.encoder.layer.7.output.LayerNorm.weight]
Loading weights:  65%|██████▌   | 131/201 [00:00<00:00, 887.01it/s, Materializing param=bert.encoder.layer.7.output.LayerNorm.weight]
Loading weights:  66%|██████▌   | 132/201 [00:00<00:00, 887.01it/s, Materializing param=bert.encoder.layer.7.output.dense.bias]      
Loading weights:  66%|██████▌   | 132/201 [00:00<00:00, 887.01it/s, Materializing param=bert.encoder.layer.7.output.dense.bias]
Loading weights:  66%|██████▌   | 133/201 [00:00<00:00, 887.01it/s, Materializing param=bert.encoder.layer.7.output.dense.weight]
Loading weights:  66%|██████▌   | 133/201 [00:00<00:00, 887.01it/s, Materializing param=bert.encoder.layer.7.output.dense.weight]
Loading weights:  67%|██████▋   | 134/201 [00:00<00:00, 887.01it/s, Materializing param=bert.encoder.layer.8.attention.output.LayerNorm.bias]
Loading weights:  67%|██████▋   | 134/201 [00:00<00:00, 887.01it/s, Materializing param=bert.encoder.layer.8.attention.output.LayerNorm.bias]
Loading weights:  67%|██████▋   | 135/201 [00:00<00:00, 887.01it/s, Materializing param=bert.encoder.layer.8.attention.output.LayerNorm.weight]
Loading weights:  67%|██████▋   | 135/201 [00:00<00:00, 887.01it/s, Materializing param=bert.encoder.layer.8.attention.output.LayerNorm.weight]
Loading weights:  68%|██████▊   | 136/201 [00:00<00:00, 887.01it/s, Materializing param=bert.encoder.layer.8.attention.output.dense.bias]      
Loading weights:  68%|██████▊   | 136/201 [00:00<00:00, 887.01it/s, Materializing param=bert.encoder.layer.8.attention.output.dense.bias]
Loading weights:  68%|██████▊   | 137/201 [00:00<00:00, 887.01it/s, Materializing param=bert.encoder.layer.8.attention.output.dense.weight]
Loading weights:  68%|██████▊   | 137/201 [00:00<00:00, 887.01it/s, Materializing param=bert.encoder.layer.8.attention.output.dense.weight]
Loading weights:  69%|██████▊   | 138/201 [00:00<00:00, 887.01it/s, Materializing param=bert.encoder.layer.8.attention.self.key.bias]      
Loading weights:  69%|██████▊   | 138/201 [00:00<00:00, 887.01it/s, Materializing param=bert.encoder.layer.8.attention.self.key.bias]
Loading weights:  69%|██████▉   | 139/201 [00:00<00:00, 887.01it/s, Materializing param=bert.encoder.layer.8.attention.self.key.weight]
Loading weights:  69%|██████▉   | 139/201 [00:00<00:00, 887.01it/s, Materializing param=bert.encoder.layer.8.attention.self.key.weight]
Loading weights:  70%|██████▉   | 140/201 [00:00<00:00, 887.01it/s, Materializing param=bert.encoder.layer.8.attention.self.query.bias]
Loading weights:  70%|██████▉   | 140/201 [00:00<00:00, 887.01it/s, Materializing param=bert.encoder.layer.8.attention.self.query.bias]
Loading weights:  70%|███████   | 141/201 [00:00<00:00, 887.01it/s, Materializing param=bert.encoder.layer.8.attention.self.query.weight]
Loading weights:  70%|███████   | 141/201 [00:00<00:00, 887.01it/s, Materializing param=bert.encoder.layer.8.attention.self.query.weight]
Loading weights:  71%|███████   | 142/201 [00:00<00:00, 887.01it/s, Materializing param=bert.encoder.layer.8.attention.self.value.bias]  
Loading weights:  71%|███████   | 142/201 [00:00<00:00, 887.01it/s, Materializing param=bert.encoder.layer.8.attention.self.value.bias]
Loading weights:  71%|███████   | 143/201 [00:00<00:00, 887.01it/s, Materializing param=bert.encoder.layer.8.attention.self.value.weight]
Loading weights:  71%|███████   | 143/201 [00:00<00:00, 887.01it/s, Materializing param=bert.encoder.layer.8.attention.self.value.weight]
Loading weights:  72%|███████▏  | 144/201 [00:00<00:00, 887.01it/s, Materializing param=bert.encoder.layer.8.intermediate.dense.bias]    
Loading weights:  72%|███████▏  | 144/201 [00:00<00:00, 887.01it/s, Materializing param=bert.encoder.layer.8.intermediate.dense.bias]
Loading weights:  72%|███████▏  | 145/201 [00:00<00:00, 887.01it/s, Materializing param=bert.encoder.layer.8.intermediate.dense.weight]
Loading weights:  72%|███████▏  | 145/201 [00:00<00:00, 887.01it/s, Materializing param=bert.encoder.layer.8.intermediate.dense.weight]
Loading weights:  73%|███████▎  | 146/201 [00:00<00:00, 887.01it/s, Materializing param=bert.encoder.layer.8.output.LayerNorm.bias]    
Loading weights:  73%|███████▎  | 146/201 [00:00<00:00, 887.01it/s, Materializing param=bert.encoder.layer.8.output.LayerNorm.bias]
Loading weights:  73%|███████▎  | 147/201 [00:00<00:00, 887.01it/s, Materializing param=bert.encoder.layer.8.output.LayerNorm.weight]
Loading weights:  73%|███████▎  | 147/201 [00:00<00:00, 887.01it/s, Materializing param=bert.encoder.layer.8.output.LayerNorm.weight]
Loading weights:  74%|███████▎  | 148/201 [00:00<00:00, 887.01it/s, Materializing param=bert.encoder.layer.8.output.dense.bias]      
Loading weights:  74%|███████▎  | 148/201 [00:00<00:00, 887.01it/s, Materializing param=bert.encoder.layer.8.output.dense.bias]
Loading weights:  74%|███████▍  | 149/201 [00:00<00:00, 887.01it/s, Materializing param=bert.encoder.layer.8.output.dense.weight]
Loading weights:  74%|███████▍  | 149/201 [00:00<00:00, 887.01it/s, Materializing param=bert.encoder.layer.8.output.dense.weight]
Loading weights:  75%|███████▍  | 150/201 [00:00<00:00, 887.01it/s, Materializing param=bert.encoder.layer.9.attention.output.LayerNorm.bias]
Loading weights:  75%|███████▍  | 150/201 [00:00<00:00, 887.01it/s, Materializing param=bert.encoder.layer.9.attention.output.LayerNorm.bias]
Loading weights:  75%|███████▌  | 151/201 [00:00<00:00, 887.01it/s, Materializing param=bert.encoder.layer.9.attention.output.LayerNorm.weight]
Loading weights:  75%|███████▌  | 151/201 [00:00<00:00, 887.01it/s, Materializing param=bert.encoder.layer.9.attention.output.LayerNorm.weight]
Loading weights:  76%|███████▌  | 152/201 [00:00<00:00, 887.01it/s, Materializing param=bert.encoder.layer.9.attention.output.dense.bias]      
Loading weights:  76%|███████▌  | 152/201 [00:00<00:00, 887.01it/s, Materializing param=bert.encoder.layer.9.attention.output.dense.bias]
Loading weights:  76%|███████▌  | 153/201 [00:00<00:00, 887.01it/s, Materializing param=bert.encoder.layer.9.attention.output.dense.weight]
Loading weights:  76%|███████▌  | 153/201 [00:00<00:00, 887.01it/s, Materializing param=bert.encoder.layer.9.attention.output.dense.weight]
Loading weights:  77%|███████▋  | 154/201 [00:00<00:00, 887.01it/s, Materializing param=bert.encoder.layer.9.attention.self.key.bias]      
Loading weights:  77%|███████▋  | 154/201 [00:00<00:00, 887.01it/s, Materializing param=bert.encoder.layer.9.attention.self.key.bias]
Loading weights:  77%|███████▋  | 155/201 [00:00<00:00, 887.01it/s, Materializing param=bert.encoder.layer.9.attention.self.key.weight]
Loading weights:  77%|███████▋  | 155/201 [00:00<00:00, 887.01it/s, Materializing param=bert.encoder.layer.9.attention.self.key.weight]
Loading weights:  78%|███████▊  | 156/201 [00:00<00:00, 887.01it/s, Materializing param=bert.encoder.layer.9.attention.self.query.bias]
Loading weights:  78%|███████▊  | 156/201 [00:00<00:00, 887.01it/s, Materializing param=bert.encoder.layer.9.attention.self.query.bias]
Loading weights:  78%|███████▊  | 157/201 [00:00<00:00, 887.01it/s, Materializing param=bert.encoder.layer.9.attention.self.query.weight]
Loading weights:  78%|███████▊  | 157/201 [00:00<00:00, 887.01it/s, Materializing param=bert.encoder.layer.9.attention.self.query.weight]
Loading weights:  79%|███████▊  | 158/201 [00:00<00:00, 887.01it/s, Materializing param=bert.encoder.layer.9.attention.self.value.bias]  
Loading weights:  79%|███████▊  | 158/201 [00:00<00:00, 887.01it/s, Materializing param=bert.encoder.layer.9.attention.self.value.bias]
Loading weights:  79%|███████▉  | 159/201 [00:00<00:00, 887.01it/s, Materializing param=bert.encoder.layer.9.attention.self.value.weight]
Loading weights:  79%|███████▉  | 159/201 [00:00<00:00, 887.01it/s, Materializing param=bert.encoder.layer.9.attention.self.value.weight]
Loading weights:  80%|███████▉  | 160/201 [00:00<00:00, 887.01it/s, Materializing param=bert.encoder.layer.9.intermediate.dense.bias]    
Loading weights:  80%|███████▉  | 160/201 [00:00<00:00, 887.01it/s, Materializing param=bert.encoder.layer.9.intermediate.dense.bias]
Loading weights:  80%|████████  | 161/201 [00:00<00:00, 887.01it/s, Materializing param=bert.encoder.layer.9.intermediate.dense.weight]
Loading weights:  80%|████████  | 161/201 [00:00<00:00, 887.01it/s, Materializing param=bert.encoder.layer.9.intermediate.dense.weight]
Loading weights:  81%|████████  | 162/201 [00:00<00:00, 887.01it/s, Materializing param=bert.encoder.layer.9.output.LayerNorm.bias]    
Loading weights:  81%|████████  | 162/201 [00:00<00:00, 887.01it/s, Materializing param=bert.encoder.layer.9.output.LayerNorm.bias]
Loading weights:  81%|████████  | 163/201 [00:00<00:00, 887.01it/s, Materializing param=bert.encoder.layer.9.output.LayerNorm.weight]
Loading weights:  81%|████████  | 163/201 [00:00<00:00, 887.01it/s, Materializing param=bert.encoder.layer.9.output.LayerNorm.weight]
Loading weights:  82%|████████▏ | 164/201 [00:00<00:00, 887.01it/s, Materializing param=bert.encoder.layer.9.output.dense.bias]      
Loading weights:  82%|████████▏ | 164/201 [00:00<00:00, 887.01it/s, Materializing param=bert.encoder.layer.9.output.dense.bias]
Loading weights:  82%|████████▏ | 165/201 [00:00<00:00, 887.01it/s, Materializing param=bert.encoder.layer.9.output.dense.weight]
Loading weights:  82%|████████▏ | 165/201 [00:00<00:00, 887.01it/s, Materializing param=bert.encoder.layer.9.output.dense.weight]
Loading weights:  83%|████████▎ | 166/201 [00:00<00:00, 887.01it/s, Materializing param=bert.encoder.layer.10.attention.output.LayerNorm.bias]
Loading weights:  83%|████████▎ | 166/201 [00:00<00:00, 887.01it/s, Materializing param=bert.encoder.layer.10.attention.output.LayerNorm.bias]
Loading weights:  83%|████████▎ | 167/201 [00:00<00:00, 887.01it/s, Materializing param=bert.encoder.layer.10.attention.output.LayerNorm.weight]
Loading weights:  83%|████████▎ | 167/201 [00:00<00:00, 887.01it/s, Materializing param=bert.encoder.layer.10.attention.output.LayerNorm.weight]
Loading weights:  84%|████████▎ | 168/201 [00:00<00:00, 887.01it/s, Materializing param=bert.encoder.layer.10.attention.output.dense.bias]      
Loading weights:  84%|████████▎ | 168/201 [00:00<00:00, 887.01it/s, Materializing param=bert.encoder.layer.10.attention.output.dense.bias]
Loading weights:  84%|████████▍ | 169/201 [00:00<00:00, 887.01it/s, Materializing param=bert.encoder.layer.10.attention.output.dense.weight]
Loading weights:  84%|████████▍ | 169/201 [00:00<00:00, 887.01it/s, Materializing param=bert.encoder.layer.10.attention.output.dense.weight]
Loading weights:  85%|████████▍ | 170/201 [00:00<00:00, 887.01it/s, Materializing param=bert.encoder.layer.10.attention.self.key.bias]      
Loading weights:  85%|████████▍ | 170/201 [00:00<00:00, 887.01it/s, Materializing param=bert.encoder.layer.10.attention.self.key.bias]
Loading weights:  85%|████████▌ | 171/201 [00:00<00:00, 887.01it/s, Materializing param=bert.encoder.layer.10.attention.self.key.weight]
Loading weights:  85%|████████▌ | 171/201 [00:00<00:00, 887.01it/s, Materializing param=bert.encoder.layer.10.attention.self.key.weight]
Loading weights:  86%|████████▌ | 172/201 [00:00<00:00, 887.01it/s, Materializing param=bert.encoder.layer.10.attention.self.query.bias]
Loading weights:  86%|████████▌ | 172/201 [00:00<00:00, 887.01it/s, Materializing param=bert.encoder.layer.10.attention.self.query.bias]
Loading weights:  86%|████████▌ | 173/201 [00:00<00:00, 887.01it/s, Materializing param=bert.encoder.layer.10.attention.self.query.weight]
Loading weights:  86%|████████▌ | 173/201 [00:00<00:00, 887.01it/s, Materializing param=bert.encoder.layer.10.attention.self.query.weight]
Loading weights:  87%|████████▋ | 174/201 [00:00<00:00, 887.01it/s, Materializing param=bert.encoder.layer.10.attention.self.value.bias]  
Loading weights:  87%|████████▋ | 174/201 [00:00<00:00, 887.01it/s, Materializing param=bert.encoder.layer.10.attention.self.value.bias]
Loading weights:  87%|████████▋ | 175/201 [00:00<00:00, 887.01it/s, Materializing param=bert.encoder.layer.10.attention.self.value.weight]
Loading weights:  87%|████████▋ | 175/201 [00:00<00:00, 887.01it/s, Materializing param=bert.encoder.layer.10.attention.self.value.weight]
Loading weights:  88%|████████▊ | 176/201 [00:00<00:00, 887.01it/s, Materializing param=bert.encoder.layer.10.intermediate.dense.bias]    
Loading weights:  88%|████████▊ | 176/201 [00:00<00:00, 887.01it/s, Materializing param=bert.encoder.layer.10.intermediate.dense.bias]
Loading weights:  88%|████████▊ | 177/201 [00:00<00:00, 887.01it/s, Materializing param=bert.encoder.layer.10.intermediate.dense.weight]
Loading weights:  88%|████████▊ | 177/201 [00:00<00:00, 887.01it/s, Materializing param=bert.encoder.layer.10.intermediate.dense.weight]
Loading weights:  89%|████████▊ | 178/201 [00:00<00:00, 887.01it/s, Materializing param=bert.encoder.layer.10.output.LayerNorm.bias]    
Loading weights:  89%|████████▊ | 178/201 [00:00<00:00, 887.01it/s, Materializing param=bert.encoder.layer.10.output.LayerNorm.bias]
Loading weights:  89%|████████▉ | 179/201 [00:00<00:00, 887.01it/s, Materializing param=bert.encoder.layer.10.output.LayerNorm.weight]
Loading weights:  89%|████████▉ | 179/201 [00:00<00:00, 887.01it/s, Materializing param=bert.encoder.layer.10.output.LayerNorm.weight]
Loading weights:  90%|████████▉ | 180/201 [00:00<00:00, 887.01it/s, Materializing param=bert.encoder.layer.10.output.dense.bias]      
Loading weights:  90%|████████▉ | 180/201 [00:00<00:00, 887.01it/s, Materializing param=bert.encoder.layer.10.output.dense.bias]
Loading weights:  90%|█████████ | 181/201 [00:00<00:00, 887.01it/s, Materializing param=bert.encoder.layer.10.output.dense.weight]
Loading weights:  90%|█████████ | 181/201 [00:00<00:00, 887.01it/s, Materializing param=bert.encoder.layer.10.output.dense.weight]
Loading weights:  91%|█████████ | 182/201 [00:00<00:00, 887.01it/s, Materializing param=bert.encoder.layer.11.attention.output.LayerNorm.bias]
Loading weights:  91%|█████████ | 182/201 [00:00<00:00, 887.01it/s, Materializing param=bert.encoder.layer.11.attention.output.LayerNorm.bias]
Loading weights:  91%|█████████ | 183/201 [00:00<00:00, 887.01it/s, Materializing param=bert.encoder.layer.11.attention.output.LayerNorm.weight]
Loading weights:  91%|█████████ | 183/201 [00:00<00:00, 887.01it/s, Materializing param=bert.encoder.layer.11.attention.output.LayerNorm.weight]
Loading weights:  92%|█████████▏| 184/201 [00:00<00:00, 887.01it/s, Materializing param=bert.encoder.layer.11.attention.output.dense.bias]      
Loading weights:  92%|█████████▏| 184/201 [00:00<00:00, 887.01it/s, Materializing param=bert.encoder.layer.11.attention.output.dense.bias]
Loading weights:  92%|█████████▏| 185/201 [00:00<00:00, 887.01it/s, Materializing param=bert.encoder.layer.11.attention.output.dense.weight]
Loading weights:  92%|█████████▏| 185/201 [00:00<00:00, 887.01it/s, Materializing param=bert.encoder.layer.11.attention.output.dense.weight]
Loading weights:  93%|█████████▎| 186/201 [00:00<00:00, 887.01it/s, Materializing param=bert.encoder.layer.11.attention.self.key.bias]      
Loading weights:  93%|█████████▎| 186/201 [00:00<00:00, 887.01it/s, Materializing param=bert.encoder.layer.11.attention.self.key.bias]
Loading weights:  93%|█████████▎| 187/201 [00:00<00:00, 887.01it/s, Materializing param=bert.encoder.layer.11.attention.self.key.weight]
Loading weights:  93%|█████████▎| 187/201 [00:00<00:00, 887.01it/s, Materializing param=bert.encoder.layer.11.attention.self.key.weight]
Loading weights:  94%|█████████▎| 188/201 [00:00<00:00, 887.01it/s, Materializing param=bert.encoder.layer.11.attention.self.query.bias]
Loading weights:  94%|█████████▎| 188/201 [00:00<00:00, 887.01it/s, Materializing param=bert.encoder.layer.11.attention.self.query.bias]
Loading weights:  94%|█████████▍| 189/201 [00:00<00:00, 887.01it/s, Materializing param=bert.encoder.layer.11.attention.self.query.weight]
Loading weights:  94%|█████████▍| 189/201 [00:00<00:00, 887.01it/s, Materializing param=bert.encoder.layer.11.attention.self.query.weight]
Loading weights:  95%|█████████▍| 190/201 [00:00<00:00, 887.01it/s, Materializing param=bert.encoder.layer.11.attention.self.value.bias]  
Loading weights:  95%|█████████▍| 190/201 [00:00<00:00, 887.01it/s, Materializing param=bert.encoder.layer.11.attention.self.value.bias]
Loading weights:  95%|█████████▌| 191/201 [00:00<00:00, 887.01it/s, Materializing param=bert.encoder.layer.11.attention.self.value.weight]
Loading weights:  95%|█████████▌| 191/201 [00:00<00:00, 887.01it/s, Materializing param=bert.encoder.layer.11.attention.self.value.weight]
Loading weights:  96%|█████████▌| 192/201 [00:00<00:00, 887.01it/s, Materializing param=bert.encoder.layer.11.intermediate.dense.bias]    
Loading weights:  96%|█████████▌| 192/201 [00:00<00:00, 887.01it/s, Materializing param=bert.encoder.layer.11.intermediate.dense.bias]
Loading weights:  96%|█████████▌| 193/201 [00:00<00:00, 887.01it/s, Materializing param=bert.encoder.layer.11.intermediate.dense.weight]
Loading weights:  96%|█████████▌| 193/201 [00:00<00:00, 887.01it/s, Materializing param=bert.encoder.layer.11.intermediate.dense.weight]
Loading weights:  97%|█████████▋| 194/201 [00:00<00:00, 887.01it/s, Materializing param=bert.encoder.layer.11.output.LayerNorm.bias]    
Loading weights:  97%|█████████▋| 194/201 [00:00<00:00, 887.01it/s, Materializing param=bert.encoder.layer.11.output.LayerNorm.bias]
Loading weights:  97%|█████████▋| 195/201 [00:00<00:00, 887.01it/s, Materializing param=bert.encoder.layer.11.output.LayerNorm.weight]
Loading weights:  97%|█████████▋| 195/201 [00:00<00:00, 887.01it/s, Materializing param=bert.encoder.layer.11.output.LayerNorm.weight]
Loading weights:  98%|█████████▊| 196/201 [00:00<00:00, 887.01it/s, Materializing param=bert.encoder.layer.11.output.dense.bias]      
Loading weights:  98%|█████████▊| 196/201 [00:00<00:00, 887.01it/s, Materializing param=bert.encoder.layer.11.output.dense.bias]
Loading weights:  98%|█████████▊| 197/201 [00:00<00:00, 887.01it/s, Materializing param=bert.encoder.layer.11.output.dense.weight]
Loading weights:  98%|█████████▊| 197/201 [00:00<00:00, 887.01it/s, Materializing param=bert.encoder.layer.11.output.dense.weight]
Loading weights:  99%|█████████▊| 198/201 [00:00<00:00, 887.01it/s, Materializing param=bert.pooler.dense.bias]                   
Loading weights:  99%|█████████▊| 198/201 [00:00<00:00, 887.01it/s, Materializing param=bert.pooler.dense.bias]
Loading weights:  99%|█████████▉| 199/201 [00:00<00:00, 887.01it/s, Materializing param=bert.pooler.dense.weight]
Loading weights:  99%|█████████▉| 199/201 [00:00<00:00, 887.01it/s, Materializing param=bert.pooler.dense.weight]
Loading weights: 100%|█████████▉| 200/201 [00:00<00:00, 887.01it/s, Materializing param=classifier.bias]         
Loading weights: 100%|█████████▉| 200/201 [00:00<00:00, 887.01it/s, Materializing param=classifier.bias]
Loading weights: 100%|██████████| 201/201 [00:00<00:00, 887.01it/s, Materializing param=classifier.weight]
Loading weights: 100%|██████████| 201/201 [00:00<00:00, 887.01it/s, Materializing param=classifier.weight]
Loading weights: 100%|██████████| 201/201 [00:00<00:00, 1401.20it/s, Materializing param=classifier.weight]
14:58:12 INFO      201/2,000 consultas · 0.4/s · faltam 73 min
15:06:18 INFO      401/2,000 consultas · 0.4/s · faltam 65 min
15:14:24 INFO      601/2,000 consultas · 0.4/s · faltam 57 min
15:22:29 INFO      801/2,000 consultas · 0.4/s · faltam 49 min
15:30:35 INFO      1,001/2,000 consultas · 0.4/s · faltam 41 min
15:38:40 INFO      1,201/2,000 consultas · 0.4/s · faltam 32 min
15:46:44 INFO      1,401/2,000 consultas · 0.4/s · faltam 24 min
15:54:50 INFO      1,601/2,000 consultas · 0.4/s · faltam 16 min
16:02:55 INFO      1,801/2,000 consultas · 0.4/s · faltam 8 min

==========================================================================
  T1b · 2,000 consultas · universo de 88,807 · top-100
==========================================================================
  sistema                      r@1    r@10   r@100   nDCG@10
  BM25                       0.060   0.229   0.454    0.1340
  ΦEmb                       0.066   0.281   0.632    0.1585
  ΦEmb+BM25 (RRF)            0.072   0.282   0.607    0.1643
  ΦEmb+BM25+ΦRank            0.068   0.297   0.607    0.1688
==========================================================================
  TETO do reranker (recall@100 da fusão): 0.6065

  PAREADO contra a fusão (McNemar exato, mesmas consultas):
    top-1   BM25                  56 a 32  · ΦEmb+BM25 (RRF) vence no top-1 (p=0.014)
    top-10  BM25                 152 a 45  · ΦEmb+BM25 (RRF) vence no top-10 (p=9e-15)
    top-1   ΦEmb                  51 a 38  · empate — 89 discordantes não separam (p=0.203)
    top-10  ΦEmb                 124 a 122 · empate — 246 discordantes não separam (p=0.949)
    top-1   ΦEmb+BM25+ΦRank       67 a 59  · empate — 126 discordantes não separam (p=0.533)
    top-10  ΦEmb+BM25+ΦRank      128 a 158 · empate — 286 discordantes não separam (p=0.086)
==========================================================================
  -> /kaggle/working/t1b2_novo.json
