16:11:11 INFO    universo: 88,807 documentos · 2,000 consultas
16:11:29 INFO    BM25: 88,807 documentos, 138,555 termos
16:11:29 INFO    BM25 indexado em 18 s
16:11:30 INFO    dispositivo: Tesla T4 (CUDA 7.5, 16 GB)

Loading weights:   0%|          | 0/103 [00:00<?, ?it/s]
Loading weights:   1%|          | 1/103 [00:00<00:00, 9198.04it/s, Materializing param=embeddings.LayerNorm.bias]
Loading weights:   1%|          | 1/103 [00:00<00:00, 3792.32it/s, Materializing param=embeddings.LayerNorm.bias]
Loading weights:   2%|▏         | 2/103 [00:00<00:00, 3386.60it/s, Materializing param=embeddings.LayerNorm.weight]
Loading weights:   2%|▏         | 2/103 [00:00<00:00, 1199.06it/s, Materializing param=embeddings.LayerNorm.weight]
Loading weights:   3%|▎         | 3/103 [00:00<00:00, 1149.54it/s, Materializing param=embeddings.position_embeddings.weight]
Loading weights:   3%|▎         | 3/103 [00:00<00:00, 1007.20it/s, Materializing param=embeddings.position_embeddings.weight]
Loading weights:   4%|▍         | 4/103 [00:00<00:00, 1104.13it/s, Materializing param=embeddings.token_type_embeddings.weight]
Loading weights:   4%|▍         | 4/103 [00:00<00:00, 1068.00it/s, Materializing param=embeddings.token_type_embeddings.weight]
Loading weights:   5%|▍         | 5/103 [00:00<00:00, 1000.50it/s, Materializing param=embeddings.word_embeddings.weight]      
Loading weights:   5%|▍         | 5/103 [00:00<00:00, 870.19it/s, Materializing param=embeddings.word_embeddings.weight] 
Loading weights:   6%|▌         | 6/103 [00:00<00:00, 980.32it/s, Materializing param=encoder.layer.0.attention.output.LayerNorm.bias]
Loading weights:   6%|▌         | 6/103 [00:00<00:00, 959.65it/s, Materializing param=encoder.layer.0.attention.output.LayerNorm.bias]
Loading weights:   7%|▋         | 7/103 [00:00<00:00, 1058.48it/s, Materializing param=encoder.layer.0.attention.output.LayerNorm.weight]
Loading weights:   7%|▋         | 7/103 [00:00<00:00, 1035.63it/s, Materializing param=encoder.layer.0.attention.output.LayerNorm.weight]
Loading weights:   8%|▊         | 8/103 [00:00<00:00, 1112.81it/s, Materializing param=encoder.layer.0.attention.output.dense.bias]      
Loading weights:   8%|▊         | 8/103 [00:00<00:00, 1098.74it/s, Materializing param=encoder.layer.0.attention.output.dense.bias]
Loading weights:   9%|▊         | 9/103 [00:00<00:00, 1131.69it/s, Materializing param=encoder.layer.0.attention.output.dense.weight]
Loading weights:   9%|▊         | 9/103 [00:00<00:00, 1110.42it/s, Materializing param=encoder.layer.0.attention.output.dense.weight]
Loading weights:  10%|▉         | 10/103 [00:00<00:00, 1148.37it/s, Materializing param=encoder.layer.0.attention.self.key.bias]     
Loading weights:  10%|▉         | 10/103 [00:00<00:00, 1132.83it/s, Materializing param=encoder.layer.0.attention.self.key.bias]
Loading weights:  11%|█         | 11/103 [00:00<00:00, 1115.78it/s, Materializing param=encoder.layer.0.attention.self.key.weight]
Loading weights:  11%|█         | 11/103 [00:00<00:00, 1099.95it/s, Materializing param=encoder.layer.0.attention.self.key.weight]
Loading weights:  12%|█▏        | 12/103 [00:00<00:00, 1055.64it/s, Materializing param=encoder.layer.0.attention.self.query.bias]
Loading weights:  12%|█▏        | 12/103 [00:00<00:00, 1011.22it/s, Materializing param=encoder.layer.0.attention.self.query.bias]
Loading weights:  13%|█▎        | 13/103 [00:00<00:00, 1010.21it/s, Materializing param=encoder.layer.0.attention.self.query.weight]
Loading weights:  13%|█▎        | 13/103 [00:00<00:00, 978.20it/s, Materializing param=encoder.layer.0.attention.self.query.weight] 
Loading weights:  14%|█▎        | 14/103 [00:00<00:00, 998.61it/s, Materializing param=encoder.layer.0.attention.self.value.bias]  
Loading weights:  14%|█▎        | 14/103 [00:00<00:00, 990.04it/s, Materializing param=encoder.layer.0.attention.self.value.bias]
Loading weights:  15%|█▍        | 15/103 [00:00<00:00, 935.85it/s, Materializing param=encoder.layer.0.attention.self.value.weight]
Loading weights:  15%|█▍        | 15/103 [00:00<00:00, 917.99it/s, Materializing param=encoder.layer.0.attention.self.value.weight]
Loading weights:  16%|█▌        | 16/103 [00:00<00:00, 958.47it/s, Materializing param=encoder.layer.0.intermediate.dense.bias]    
Loading weights:  16%|█▌        | 16/103 [00:00<00:00, 951.66it/s, Materializing param=encoder.layer.0.intermediate.dense.bias]
Loading weights:  17%|█▋        | 17/103 [00:00<00:00, 995.52it/s, Materializing param=encoder.layer.0.intermediate.dense.weight]
Loading weights:  17%|█▋        | 17/103 [00:00<00:00, 988.72it/s, Materializing param=encoder.layer.0.intermediate.dense.weight]
Loading weights:  17%|█▋        | 18/103 [00:00<00:00, 995.23it/s, Materializing param=encoder.layer.0.output.LayerNorm.bias]    
Loading weights:  17%|█▋        | 18/103 [00:00<00:00, 987.31it/s, Materializing param=encoder.layer.0.output.LayerNorm.bias]
Loading weights:  18%|█▊        | 19/103 [00:00<00:00, 1004.80it/s, Materializing param=encoder.layer.0.output.LayerNorm.weight]
Loading weights:  18%|█▊        | 19/103 [00:00<00:00, 997.63it/s, Materializing param=encoder.layer.0.output.LayerNorm.weight] 
Loading weights:  19%|█▉        | 20/103 [00:00<00:00, 1004.12it/s, Materializing param=encoder.layer.0.output.dense.bias]     
Loading weights:  19%|█▉        | 20/103 [00:00<00:00, 996.75it/s, Materializing param=encoder.layer.0.output.dense.bias] 
Loading weights:  20%|██        | 21/103 [00:00<00:00, 1015.34it/s, Materializing param=encoder.layer.0.output.dense.weight]
Loading weights:  20%|██        | 21/103 [00:00<00:00, 1008.17it/s, Materializing param=encoder.layer.0.output.dense.weight]
Loading weights:  21%|██▏       | 22/103 [00:00<00:00, 1036.41it/s, Materializing param=encoder.layer.1.attention.output.LayerNorm.bias]
Loading weights:  21%|██▏       | 22/103 [00:00<00:00, 1029.50it/s, Materializing param=encoder.layer.1.attention.output.LayerNorm.bias]
Loading weights:  22%|██▏       | 23/103 [00:00<00:00, 1049.67it/s, Materializing param=encoder.layer.1.attention.output.LayerNorm.weight]
Loading weights:  22%|██▏       | 23/103 [00:00<00:00, 1043.87it/s, Materializing param=encoder.layer.1.attention.output.LayerNorm.weight]
Loading weights:  23%|██▎       | 24/103 [00:00<00:00, 1059.47it/s, Materializing param=encoder.layer.1.attention.output.dense.bias]      
Loading weights:  23%|██▎       | 24/103 [00:00<00:00, 1053.18it/s, Materializing param=encoder.layer.1.attention.output.dense.bias]
Loading weights:  24%|██▍       | 25/103 [00:00<00:00, 1072.40it/s, Materializing param=encoder.layer.1.attention.output.dense.weight]
Loading weights:  24%|██▍       | 25/103 [00:00<00:00, 1066.28it/s, Materializing param=encoder.layer.1.attention.output.dense.weight]
Loading weights:  25%|██▌       | 26/103 [00:00<00:00, 1065.77it/s, Materializing param=encoder.layer.1.attention.self.key.bias]      
Loading weights:  25%|██▌       | 26/103 [00:00<00:00, 1058.69it/s, Materializing param=encoder.layer.1.attention.self.key.bias]
Loading weights:  26%|██▌       | 27/103 [00:00<00:00, 1068.33it/s, Materializing param=encoder.layer.1.attention.self.key.weight]
Loading weights:  26%|██▌       | 27/103 [00:00<00:00, 1062.62it/s, Materializing param=encoder.layer.1.attention.self.key.weight]
Loading weights:  27%|██▋       | 28/103 [00:00<00:00, 1084.56it/s, Materializing param=encoder.layer.1.attention.self.query.bias]
Loading weights:  27%|██▋       | 28/103 [00:00<00:00, 1077.46it/s, Materializing param=encoder.layer.1.attention.self.query.bias]
Loading weights:  28%|██▊       | 29/103 [00:00<00:00, 1100.49it/s, Materializing param=encoder.layer.1.attention.self.query.weight]
Loading weights:  28%|██▊       | 29/103 [00:00<00:00, 1095.41it/s, Materializing param=encoder.layer.1.attention.self.query.weight]
Loading weights:  29%|██▉       | 30/103 [00:00<00:00, 1118.48it/s, Materializing param=encoder.layer.1.attention.self.value.bias]  
Loading weights:  29%|██▉       | 30/103 [00:00<00:00, 1111.47it/s, Materializing param=encoder.layer.1.attention.self.value.bias]
Loading weights:  30%|███       | 31/103 [00:00<00:00, 1135.03it/s, Materializing param=encoder.layer.1.attention.self.value.weight]
Loading weights:  30%|███       | 31/103 [00:00<00:00, 1120.93it/s, Materializing param=encoder.layer.1.attention.self.value.weight]
Loading weights:  31%|███       | 32/103 [00:00<00:00, 1103.95it/s, Materializing param=encoder.layer.1.intermediate.dense.bias]    
Loading weights:  31%|███       | 32/103 [00:00<00:00, 1098.51it/s, Materializing param=encoder.layer.1.intermediate.dense.bias]
Loading weights:  32%|███▏      | 33/103 [00:00<00:00, 1121.04it/s, Materializing param=encoder.layer.1.intermediate.dense.weight]
Loading weights:  32%|███▏      | 33/103 [00:00<00:00, 1115.89it/s, Materializing param=encoder.layer.1.intermediate.dense.weight]
Loading weights:  33%|███▎      | 34/103 [00:00<00:00, 1131.08it/s, Materializing param=encoder.layer.1.output.LayerNorm.bias]    
Loading weights:  33%|███▎      | 34/103 [00:00<00:00, 1126.14it/s, Materializing param=encoder.layer.1.output.LayerNorm.bias]
Loading weights:  34%|███▍      | 35/103 [00:00<00:00, 1137.85it/s, Materializing param=encoder.layer.1.output.LayerNorm.weight]
Loading weights:  34%|███▍      | 35/103 [00:00<00:00, 1132.84it/s, Materializing param=encoder.layer.1.output.LayerNorm.weight]
Loading weights:  35%|███▍      | 36/103 [00:00<00:00, 1150.24it/s, Materializing param=encoder.layer.1.output.dense.bias]      
Loading weights:  35%|███▍      | 36/103 [00:00<00:00, 1145.87it/s, Materializing param=encoder.layer.1.output.dense.bias]
Loading weights:  36%|███▌      | 37/103 [00:00<00:00, 1151.56it/s, Materializing param=encoder.layer.1.output.dense.weight]
Loading weights:  36%|███▌      | 37/103 [00:00<00:00, 1146.66it/s, Materializing param=encoder.layer.1.output.dense.weight]
Loading weights:  37%|███▋      | 38/103 [00:00<00:00, 1162.31it/s, Materializing param=encoder.layer.2.attention.output.LayerNorm.bias]
Loading weights:  37%|███▋      | 38/103 [00:00<00:00, 1157.80it/s, Materializing param=encoder.layer.2.attention.output.LayerNorm.bias]
Loading weights:  38%|███▊      | 39/103 [00:00<00:00, 1178.22it/s, Materializing param=encoder.layer.2.attention.output.LayerNorm.weight]
Loading weights:  38%|███▊      | 39/103 [00:00<00:00, 1173.48it/s, Materializing param=encoder.layer.2.attention.output.LayerNorm.weight]
Loading weights:  39%|███▉      | 40/103 [00:00<00:00, 1172.18it/s, Materializing param=encoder.layer.2.attention.output.dense.bias]      
Loading weights:  39%|███▉      | 40/103 [00:00<00:00, 1167.78it/s, Materializing param=encoder.layer.2.attention.output.dense.bias]
Loading weights:  40%|███▉      | 41/103 [00:00<00:00, 1187.89it/s, Materializing param=encoder.layer.2.attention.output.dense.weight]
Loading weights:  40%|███▉      | 41/103 [00:00<00:00, 1183.05it/s, Materializing param=encoder.layer.2.attention.output.dense.weight]
Loading weights:  41%|████      | 42/103 [00:00<00:00, 1166.70it/s, Materializing param=encoder.layer.2.attention.self.key.bias]      
Loading weights:  41%|████      | 42/103 [00:00<00:00, 1161.57it/s, Materializing param=encoder.layer.2.attention.self.key.bias]
Loading weights:  42%|████▏     | 43/103 [00:00<00:00, 1169.00it/s, Materializing param=encoder.layer.2.attention.self.key.weight]
Loading weights:  42%|████▏     | 43/103 [00:00<00:00, 1124.44it/s, Materializing param=encoder.layer.2.attention.self.key.weight]
Loading weights:  43%|████▎     | 44/103 [00:00<00:00, 1140.23it/s, Materializing param=encoder.layer.2.attention.self.query.bias]
Loading weights:  43%|████▎     | 44/103 [00:00<00:00, 1136.42it/s, Materializing param=encoder.layer.2.attention.self.query.bias]
Loading weights:  44%|████▎     | 45/103 [00:00<00:00, 1133.89it/s, Materializing param=encoder.layer.2.attention.self.query.weight]
Loading weights:  44%|████▎     | 45/103 [00:00<00:00, 1129.57it/s, Materializing param=encoder.layer.2.attention.self.query.weight]
Loading weights:  45%|████▍     | 46/103 [00:00<00:00, 1116.91it/s, Materializing param=encoder.layer.2.attention.self.value.bias]  
Loading weights:  45%|████▍     | 46/103 [00:00<00:00, 1102.47it/s, Materializing param=encoder.layer.2.attention.self.value.bias]
Loading weights:  46%|████▌     | 47/103 [00:00<00:00, 1095.37it/s, Materializing param=encoder.layer.2.attention.self.value.weight]
Loading weights:  46%|████▌     | 47/103 [00:00<00:00, 1091.86it/s, Materializing param=encoder.layer.2.attention.self.value.weight]
Loading weights:  47%|████▋     | 48/103 [00:00<00:00, 1090.89it/s, Materializing param=encoder.layer.2.intermediate.dense.bias]    
Loading weights:  47%|████▋     | 48/103 [00:00<00:00, 1087.55it/s, Materializing param=encoder.layer.2.intermediate.dense.bias]
Loading weights:  48%|████▊     | 49/103 [00:00<00:00, 1093.94it/s, Materializing param=encoder.layer.2.intermediate.dense.weight]
Loading weights:  48%|████▊     | 49/103 [00:00<00:00, 1089.86it/s, Materializing param=encoder.layer.2.intermediate.dense.weight]
Loading weights:  49%|████▊     | 50/103 [00:00<00:00, 1088.10it/s, Materializing param=encoder.layer.2.output.LayerNorm.bias]    
Loading weights:  49%|████▊     | 50/103 [00:00<00:00, 1081.07it/s, Materializing param=encoder.layer.2.output.LayerNorm.bias]
Loading weights:  50%|████▉     | 51/103 [00:00<00:00, 1050.94it/s, Materializing param=encoder.layer.2.output.LayerNorm.weight]
Loading weights:  50%|████▉     | 51/103 [00:00<00:00, 1047.21it/s, Materializing param=encoder.layer.2.output.LayerNorm.weight]
Loading weights:  50%|█████     | 52/103 [00:00<00:00, 1045.02it/s, Materializing param=encoder.layer.2.output.dense.bias]      
Loading weights:  50%|█████     | 52/103 [00:00<00:00, 1042.09it/s, Materializing param=encoder.layer.2.output.dense.bias]
Loading weights:  51%|█████▏    | 53/103 [00:00<00:00, 1049.31it/s, Materializing param=encoder.layer.2.output.dense.weight]
Loading weights:  51%|█████▏    | 53/103 [00:00<00:00, 1045.94it/s, Materializing param=encoder.layer.2.output.dense.weight]
Loading weights:  52%|█████▏    | 54/103 [00:00<00:00, 1056.18it/s, Materializing param=encoder.layer.3.attention.output.LayerNorm.bias]
Loading weights:  52%|█████▏    | 54/103 [00:00<00:00, 1048.51it/s, Materializing param=encoder.layer.3.attention.output.LayerNorm.bias]
Loading weights:  53%|█████▎    | 55/103 [00:00<00:00, 1052.70it/s, Materializing param=encoder.layer.3.attention.output.LayerNorm.weight]
Loading weights:  53%|█████▎    | 55/103 [00:00<00:00, 1050.14it/s, Materializing param=encoder.layer.3.attention.output.LayerNorm.weight]
Loading weights:  54%|█████▍    | 56/103 [00:00<00:00, 1056.85it/s, Materializing param=encoder.layer.3.attention.output.dense.bias]      
Loading weights:  54%|█████▍    | 56/103 [00:00<00:00, 1054.26it/s, Materializing param=encoder.layer.3.attention.output.dense.bias]
Loading weights:  55%|█████▌    | 57/103 [00:00<00:00, 1053.19it/s, Materializing param=encoder.layer.3.attention.output.dense.weight]
Loading weights:  55%|█████▌    | 57/103 [00:00<00:00, 1050.26it/s, Materializing param=encoder.layer.3.attention.output.dense.weight]
Loading weights:  56%|█████▋    | 58/103 [00:00<00:00, 1061.86it/s, Materializing param=encoder.layer.3.attention.self.key.bias]      
Loading weights:  56%|█████▋    | 58/103 [00:00<00:00, 1059.11it/s, Materializing param=encoder.layer.3.attention.self.key.bias]
Loading weights:  57%|█████▋    | 59/103 [00:00<00:00, 1068.35it/s, Materializing param=encoder.layer.3.attention.self.key.weight]
Loading weights:  57%|█████▋    | 59/103 [00:00<00:00, 1063.89it/s, Materializing param=encoder.layer.3.attention.self.key.weight]
Loading weights:  58%|█████▊    | 60/103 [00:00<00:00, 1073.25it/s, Materializing param=encoder.layer.3.attention.self.query.bias]
Loading weights:  58%|█████▊    | 60/103 [00:00<00:00, 1069.98it/s, Materializing param=encoder.layer.3.attention.self.query.bias]
Loading weights:  59%|█████▉    | 61/103 [00:00<00:00, 1028.64it/s, Materializing param=encoder.layer.3.attention.self.query.weight]
Loading weights:  59%|█████▉    | 61/103 [00:00<00:00, 1026.49it/s, Materializing param=encoder.layer.3.attention.self.query.weight]
Loading weights:  60%|██████    | 62/103 [00:00<00:00, 1038.73it/s, Materializing param=encoder.layer.3.attention.self.value.bias]  
Loading weights:  60%|██████    | 62/103 [00:00<00:00, 1036.75it/s, Materializing param=encoder.layer.3.attention.self.value.bias]
Loading weights:  61%|██████    | 63/103 [00:00<00:00, 1049.70it/s, Materializing param=encoder.layer.3.attention.self.value.weight]
Loading weights:  61%|██████    | 63/103 [00:00<00:00, 1047.69it/s, Materializing param=encoder.layer.3.attention.self.value.weight]
Loading weights:  62%|██████▏   | 64/103 [00:00<00:00, 1059.91it/s, Materializing param=encoder.layer.3.intermediate.dense.bias]    
Loading weights:  62%|██████▏   | 64/103 [00:00<00:00, 1057.93it/s, Materializing param=encoder.layer.3.intermediate.dense.bias]
Loading weights:  63%|██████▎   | 65/103 [00:00<00:00, 1070.22it/s, Materializing param=encoder.layer.3.intermediate.dense.weight]
Loading weights:  63%|██████▎   | 65/103 [00:00<00:00, 1068.10it/s, Materializing param=encoder.layer.3.intermediate.dense.weight]
Loading weights:  64%|██████▍   | 66/103 [00:00<00:00, 1081.00it/s, Materializing param=encoder.layer.3.output.LayerNorm.bias]    
Loading weights:  64%|██████▍   | 66/103 [00:00<00:00, 1079.11it/s, Materializing param=encoder.layer.3.output.LayerNorm.bias]
Loading weights:  65%|██████▌   | 67/103 [00:00<00:00, 1091.41it/s, Materializing param=encoder.layer.3.output.LayerNorm.weight]
Loading weights:  65%|██████▌   | 67/103 [00:00<00:00, 1089.25it/s, Materializing param=encoder.layer.3.output.LayerNorm.weight]
Loading weights:  66%|██████▌   | 68/103 [00:00<00:00, 1101.78it/s, Materializing param=encoder.layer.3.output.dense.bias]      
Loading weights:  66%|██████▌   | 68/103 [00:00<00:00, 1100.09it/s, Materializing param=encoder.layer.3.output.dense.bias]
Loading weights:  67%|██████▋   | 69/103 [00:00<00:00, 1113.00it/s, Materializing param=encoder.layer.3.output.dense.weight]
Loading weights:  67%|██████▋   | 69/103 [00:00<00:00, 1111.24it/s, Materializing param=encoder.layer.3.output.dense.weight]
Loading weights:  68%|██████▊   | 70/103 [00:00<00:00, 1123.62it/s, Materializing param=encoder.layer.4.attention.output.LayerNorm.bias]
Loading weights:  68%|██████▊   | 70/103 [00:00<00:00, 1121.74it/s, Materializing param=encoder.layer.4.attention.output.LayerNorm.bias]
Loading weights:  69%|██████▉   | 71/103 [00:00<00:00, 1133.92it/s, Materializing param=encoder.layer.4.attention.output.LayerNorm.weight]
Loading weights:  69%|██████▉   | 71/103 [00:00<00:00, 1132.10it/s, Materializing param=encoder.layer.4.attention.output.LayerNorm.weight]
Loading weights:  70%|██████▉   | 72/103 [00:00<00:00, 1144.68it/s, Materializing param=encoder.layer.4.attention.output.dense.bias]      
Loading weights:  70%|██████▉   | 72/103 [00:00<00:00, 1142.85it/s, Materializing param=encoder.layer.4.attention.output.dense.bias]
Loading weights:  71%|███████   | 73/103 [00:00<00:00, 1154.56it/s, Materializing param=encoder.layer.4.attention.output.dense.weight]
Loading weights:  71%|███████   | 73/103 [00:00<00:00, 1152.52it/s, Materializing param=encoder.layer.4.attention.output.dense.weight]
Loading weights:  72%|███████▏  | 74/103 [00:00<00:00, 1164.21it/s, Materializing param=encoder.layer.4.attention.self.key.bias]      
Loading weights:  72%|███████▏  | 74/103 [00:00<00:00, 1162.11it/s, Materializing param=encoder.layer.4.attention.self.key.bias]
Loading weights:  73%|███████▎  | 75/103 [00:00<00:00, 1173.81it/s, Materializing param=encoder.layer.4.attention.self.key.weight]
Loading weights:  73%|███████▎  | 75/103 [00:00<00:00, 1171.85it/s, Materializing param=encoder.layer.4.attention.self.key.weight]
Loading weights:  74%|███████▍  | 76/103 [00:00<00:00, 1183.36it/s, Materializing param=encoder.layer.4.attention.self.query.bias]
Loading weights:  74%|███████▍  | 76/103 [00:00<00:00, 1181.34it/s, Materializing param=encoder.layer.4.attention.self.query.bias]
Loading weights:  75%|███████▍  | 77/103 [00:00<00:00, 1192.80it/s, Materializing param=encoder.layer.4.attention.self.query.weight]
Loading weights:  75%|███████▍  | 77/103 [00:00<00:00, 1190.85it/s, Materializing param=encoder.layer.4.attention.self.query.weight]
Loading weights:  76%|███████▌  | 78/103 [00:00<00:00, 1202.61it/s, Materializing param=encoder.layer.4.attention.self.value.bias]  
Loading weights:  76%|███████▌  | 78/103 [00:00<00:00, 1200.63it/s, Materializing param=encoder.layer.4.attention.self.value.bias]
Loading weights:  77%|███████▋  | 79/103 [00:00<00:00, 1211.76it/s, Materializing param=encoder.layer.4.attention.self.value.weight]
Loading weights:  77%|███████▋  | 79/103 [00:00<00:00, 1209.70it/s, Materializing param=encoder.layer.4.attention.self.value.weight]
Loading weights:  78%|███████▊  | 80/103 [00:00<00:00, 1221.11it/s, Materializing param=encoder.layer.4.intermediate.dense.bias]    
Loading weights:  78%|███████▊  | 80/103 [00:00<00:00, 1218.74it/s, Materializing param=encoder.layer.4.intermediate.dense.bias]
Loading weights:  79%|███████▊  | 81/103 [00:00<00:00, 1230.30it/s, Materializing param=encoder.layer.4.intermediate.dense.weight]
Loading weights:  79%|███████▊  | 81/103 [00:00<00:00, 1228.36it/s, Materializing param=encoder.layer.4.intermediate.dense.weight]
Loading weights:  80%|███████▉  | 82/103 [00:00<00:00, 1239.64it/s, Materializing param=encoder.layer.4.output.LayerNorm.bias]    
Loading weights:  80%|███████▉  | 82/103 [00:00<00:00, 1237.20it/s, Materializing param=encoder.layer.4.output.LayerNorm.bias]
Loading weights:  81%|████████  | 83/103 [00:00<00:00, 1248.65it/s, Materializing param=encoder.layer.4.output.LayerNorm.weight]
Loading weights:  81%|████████  | 83/103 [00:00<00:00, 1246.52it/s, Materializing param=encoder.layer.4.output.LayerNorm.weight]
Loading weights:  82%|████████▏ | 84/103 [00:00<00:00, 1257.97it/s, Materializing param=encoder.layer.4.output.dense.bias]      
Loading weights:  82%|████████▏ | 84/103 [00:00<00:00, 1256.21it/s, Materializing param=encoder.layer.4.output.dense.bias]
Loading weights:  83%|████████▎ | 85/103 [00:00<00:00, 1267.65it/s, Materializing param=encoder.layer.4.output.dense.weight]
Loading weights:  83%|████████▎ | 85/103 [00:00<00:00, 1265.64it/s, Materializing param=encoder.layer.4.output.dense.weight]
Loading weights:  83%|████████▎ | 86/103 [00:00<00:00, 1276.47it/s, Materializing param=encoder.layer.5.attention.output.LayerNorm.bias]
Loading weights:  83%|████████▎ | 86/103 [00:00<00:00, 1274.56it/s, Materializing param=encoder.layer.5.attention.output.LayerNorm.bias]
Loading weights:  84%|████████▍ | 87/103 [00:00<00:00, 1284.84it/s, Materializing param=encoder.layer.5.attention.output.LayerNorm.weight]
Loading weights:  84%|████████▍ | 87/103 [00:00<00:00, 1282.85it/s, Materializing param=encoder.layer.5.attention.output.LayerNorm.weight]
Loading weights:  85%|████████▌ | 88/103 [00:00<00:00, 1292.91it/s, Materializing param=encoder.layer.5.attention.output.dense.bias]      
Loading weights:  85%|████████▌ | 88/103 [00:00<00:00, 1290.35it/s, Materializing param=encoder.layer.5.attention.output.dense.bias]
Loading weights:  86%|████████▋ | 89/103 [00:00<00:00, 1300.75it/s, Materializing param=encoder.layer.5.attention.output.dense.weight]
Loading weights:  86%|████████▋ | 89/103 [00:00<00:00, 1298.28it/s, Materializing param=encoder.layer.5.attention.output.dense.weight]
Loading weights:  87%|████████▋ | 90/103 [00:00<00:00, 1308.72it/s, Materializing param=encoder.layer.5.attention.self.key.bias]      
Loading weights:  87%|████████▋ | 90/103 [00:00<00:00, 1306.68it/s, Materializing param=encoder.layer.5.attention.self.key.bias]
Loading weights:  88%|████████▊ | 91/103 [00:00<00:00, 1317.07it/s, Materializing param=encoder.layer.5.attention.self.key.weight]
Loading weights:  88%|████████▊ | 91/103 [00:00<00:00, 1314.50it/s, Materializing param=encoder.layer.5.attention.self.key.weight]
Loading weights:  89%|████████▉ | 92/103 [00:00<00:00, 1324.58it/s, Materializing param=encoder.layer.5.attention.self.query.bias]
Loading weights:  89%|████████▉ | 92/103 [00:00<00:00, 1321.97it/s, Materializing param=encoder.layer.5.attention.self.query.bias]
Loading weights:  90%|█████████ | 93/103 [00:00<00:00, 1332.20it/s, Materializing param=encoder.layer.5.attention.self.query.weight]
Loading weights:  90%|█████████ | 93/103 [00:00<00:00, 1330.14it/s, Materializing param=encoder.layer.5.attention.self.query.weight]
Loading weights:  91%|█████████▏| 94/103 [00:00<00:00, 1340.32it/s, Materializing param=encoder.layer.5.attention.self.value.bias]  
Loading weights:  91%|█████████▏| 94/103 [00:00<00:00, 1338.01it/s, Materializing param=encoder.layer.5.attention.self.value.bias]
Loading weights:  92%|█████████▏| 95/103 [00:00<00:00, 1347.61it/s, Materializing param=encoder.layer.5.attention.self.value.weight]
Loading weights:  92%|█████████▏| 95/103 [00:00<00:00, 1344.96it/s, Materializing param=encoder.layer.5.attention.self.value.weight]
Loading weights:  93%|█████████▎| 96/103 [00:00<00:00, 1355.05it/s, Materializing param=encoder.layer.5.intermediate.dense.bias]    
Loading weights:  93%|█████████▎| 96/103 [00:00<00:00, 1352.97it/s, Materializing param=encoder.layer.5.intermediate.dense.bias]
Loading weights:  94%|█████████▍| 97/103 [00:00<00:00, 1363.10it/s, Materializing param=encoder.layer.5.intermediate.dense.weight]
Loading weights:  94%|█████████▍| 97/103 [00:00<00:00, 1360.62it/s, Materializing param=encoder.layer.5.intermediate.dense.weight]
Loading weights:  95%|█████████▌| 98/103 [00:00<00:00, 1370.24it/s, Materializing param=encoder.layer.5.output.LayerNorm.bias]    
Loading weights:  95%|█████████▌| 98/103 [00:00<00:00, 1367.85it/s, Materializing param=encoder.layer.5.output.LayerNorm.bias]
Loading weights:  96%|█████████▌| 99/103 [00:00<00:00, 1377.91it/s, Materializing param=encoder.layer.5.output.LayerNorm.weight]
Loading weights:  96%|█████████▌| 99/103 [00:00<00:00, 1375.96it/s, Materializing param=encoder.layer.5.output.LayerNorm.weight]
Loading weights:  97%|█████████▋| 100/103 [00:00<00:00, 1386.17it/s, Materializing param=encoder.layer.5.output.dense.bias]     
Loading weights:  97%|█████████▋| 100/103 [00:00<00:00, 1384.03it/s, Materializing param=encoder.layer.5.output.dense.bias]
Loading weights:  98%|█████████▊| 101/103 [00:00<00:00, 1394.00it/s, Materializing param=encoder.layer.5.output.dense.weight]
Loading weights:  98%|█████████▊| 101/103 [00:00<00:00, 1391.54it/s, Materializing param=encoder.layer.5.output.dense.weight]
Loading weights:  99%|█████████▉| 102/103 [00:00<00:00, 1401.33it/s, Materializing param=pooler.dense.bias]                  
Loading weights:  99%|█████████▉| 102/103 [00:00<00:00, 1399.47it/s, Materializing param=pooler.dense.bias]
Loading weights: 100%|██████████| 103/103 [00:00<00:00, 1409.73it/s, Materializing param=pooler.dense.weight]
Loading weights: 100%|██████████| 103/103 [00:00<00:00, 1407.93it/s, Materializing param=pooler.dense.weight]
Loading weights: 100%|██████████| 103/103 [00:00<00:00, 1403.22it/s, Materializing param=pooler.dense.weight]
16:14:25 INFO    ΦEmb codificou 88,807 documentos em 175 s

Loading weights:   0%|          | 0/201 [00:00<?, ?it/s]
Loading weights:   0%|          | 1/201 [00:00<00:00, 20763.88it/s, Materializing param=bert.embeddings.LayerNorm.bias]
Loading weights:   0%|          | 1/201 [00:00<00:00, 6052.39it/s, Materializing param=bert.embeddings.LayerNorm.bias] 
Loading weights:   1%|          | 2/201 [00:00<00:00, 4025.24it/s, Materializing param=bert.embeddings.LayerNorm.weight]
Loading weights:   1%|          | 2/201 [00:00<00:00, 3183.53it/s, Materializing param=bert.embeddings.LayerNorm.weight]
Loading weights:   1%|▏         | 3/201 [00:00<00:00, 1460.92it/s, Materializing param=bert.embeddings.position_embeddings.weight]
Loading weights:   1%|▏         | 3/201 [00:00<00:00, 1371.14it/s, Materializing param=bert.embeddings.position_embeddings.weight]
Loading weights:   2%|▏         | 4/201 [00:00<00:00, 1269.75it/s, Materializing param=bert.embeddings.token_type_embeddings.weight]
Loading weights:   2%|▏         | 4/201 [00:00<00:00, 1215.74it/s, Materializing param=bert.embeddings.token_type_embeddings.weight]
Loading weights:   2%|▏         | 5/201 [00:00<00:00, 1332.46it/s, Materializing param=bert.embeddings.word_embeddings.weight]      
Loading weights:   2%|▏         | 5/201 [00:00<00:00, 1287.23it/s, Materializing param=bert.embeddings.word_embeddings.weight]
Loading weights:   3%|▎         | 6/201 [00:00<00:00, 1172.08it/s, Materializing param=bert.encoder.layer.0.attention.output.LayerNorm.bias]
Loading weights:   3%|▎         | 6/201 [00:00<00:00, 1138.88it/s, Materializing param=bert.encoder.layer.0.attention.output.LayerNorm.bias]
Loading weights:   3%|▎         | 7/201 [00:00<00:00, 1021.08it/s, Materializing param=bert.encoder.layer.0.attention.output.LayerNorm.weight]
Loading weights:   3%|▎         | 7/201 [00:00<00:00, 996.81it/s, Materializing param=bert.encoder.layer.0.attention.output.LayerNorm.weight] 
Loading weights:   4%|▍         | 8/201 [00:00<00:00, 1036.43it/s, Materializing param=bert.encoder.layer.0.attention.output.dense.bias]     
Loading weights:   4%|▍         | 8/201 [00:00<00:00, 926.18it/s, Materializing param=bert.encoder.layer.0.attention.output.dense.bias] 
Loading weights:   4%|▍         | 9/201 [00:00<00:00, 745.83it/s, Materializing param=bert.encoder.layer.0.attention.output.dense.weight]
Loading weights:   4%|▍         | 9/201 [00:00<00:00, 702.94it/s, Materializing param=bert.encoder.layer.0.attention.output.dense.weight]
Loading weights:   5%|▍         | 10/201 [00:00<00:00, 734.91it/s, Materializing param=bert.encoder.layer.0.attention.self.key.bias]     
Loading weights:   5%|▍         | 10/201 [00:00<00:00, 726.74it/s, Materializing param=bert.encoder.layer.0.attention.self.key.bias]
Loading weights:   5%|▌         | 11/201 [00:00<00:00, 772.79it/s, Materializing param=bert.encoder.layer.0.attention.self.key.weight]
Loading weights:   5%|▌         | 11/201 [00:00<00:00, 762.22it/s, Materializing param=bert.encoder.layer.0.attention.self.key.weight]
Loading weights:   6%|▌         | 12/201 [00:00<00:00, 724.30it/s, Materializing param=bert.encoder.layer.0.attention.self.query.bias]
Loading weights:   6%|▌         | 12/201 [00:00<00:00, 684.95it/s, Materializing param=bert.encoder.layer.0.attention.self.query.bias]
Loading weights:   6%|▋         | 13/201 [00:00<00:00, 683.51it/s, Materializing param=bert.encoder.layer.0.attention.self.query.weight]
Loading weights:   6%|▋         | 13/201 [00:00<00:00, 677.87it/s, Materializing param=bert.encoder.layer.0.attention.self.query.weight]
Loading weights:   7%|▋         | 14/201 [00:00<00:00, 702.60it/s, Materializing param=bert.encoder.layer.0.attention.self.value.bias]  
Loading weights:   7%|▋         | 14/201 [00:00<00:00, 697.71it/s, Materializing param=bert.encoder.layer.0.attention.self.value.bias]
Loading weights:   7%|▋         | 15/201 [00:00<00:00, 692.44it/s, Materializing param=bert.encoder.layer.0.attention.self.value.weight]
Loading weights:   7%|▋         | 15/201 [00:00<00:00, 688.39it/s, Materializing param=bert.encoder.layer.0.attention.self.value.weight]
Loading weights:   8%|▊         | 16/201 [00:00<00:00, 720.04it/s, Materializing param=bert.encoder.layer.0.intermediate.dense.bias]    
Loading weights:   8%|▊         | 16/201 [00:00<00:00, 715.32it/s, Materializing param=bert.encoder.layer.0.intermediate.dense.bias]
Loading weights:   8%|▊         | 17/201 [00:00<00:00, 734.40it/s, Materializing param=bert.encoder.layer.0.intermediate.dense.weight]
Loading weights:   8%|▊         | 17/201 [00:00<00:00, 729.93it/s, Materializing param=bert.encoder.layer.0.intermediate.dense.weight]
Loading weights:   9%|▉         | 18/201 [00:00<00:00, 745.48it/s, Materializing param=bert.encoder.layer.0.output.LayerNorm.bias]    
Loading weights:   9%|▉         | 18/201 [00:00<00:00, 741.16it/s, Materializing param=bert.encoder.layer.0.output.LayerNorm.bias]
Loading weights:   9%|▉         | 19/201 [00:00<00:00, 750.08it/s, Materializing param=bert.encoder.layer.0.output.LayerNorm.weight]
Loading weights:   9%|▉         | 19/201 [00:00<00:00, 744.44it/s, Materializing param=bert.encoder.layer.0.output.LayerNorm.weight]
Loading weights:  10%|▉         | 20/201 [00:00<00:00, 757.44it/s, Materializing param=bert.encoder.layer.0.output.dense.bias]      
Loading weights:  10%|▉         | 20/201 [00:00<00:00, 753.49it/s, Materializing param=bert.encoder.layer.0.output.dense.bias]
Loading weights:  10%|█         | 21/201 [00:00<00:00, 780.49it/s, Materializing param=bert.encoder.layer.0.output.dense.weight]
Loading weights:  10%|█         | 21/201 [00:00<00:00, 775.82it/s, Materializing param=bert.encoder.layer.0.output.dense.weight]
Loading weights:  11%|█         | 22/201 [00:00<00:00, 786.17it/s, Materializing param=bert.encoder.layer.1.attention.output.LayerNorm.bias]
Loading weights:  11%|█         | 22/201 [00:00<00:00, 781.94it/s, Materializing param=bert.encoder.layer.1.attention.output.LayerNorm.bias]
Loading weights:  11%|█▏        | 23/201 [00:00<00:00, 794.43it/s, Materializing param=bert.encoder.layer.1.attention.output.LayerNorm.weight]
Loading weights:  11%|█▏        | 23/201 [00:00<00:00, 790.11it/s, Materializing param=bert.encoder.layer.1.attention.output.LayerNorm.weight]
Loading weights:  12%|█▏        | 24/201 [00:00<00:00, 807.76it/s, Materializing param=bert.encoder.layer.1.attention.output.dense.bias]      
Loading weights:  12%|█▏        | 24/201 [00:00<00:00, 803.42it/s, Materializing param=bert.encoder.layer.1.attention.output.dense.bias]
Loading weights:  12%|█▏        | 25/201 [00:00<00:00, 726.92it/s, Materializing param=bert.encoder.layer.1.attention.output.dense.weight]
Loading weights:  12%|█▏        | 25/201 [00:00<00:00, 723.67it/s, Materializing param=bert.encoder.layer.1.attention.output.dense.weight]
Loading weights:  13%|█▎        | 26/201 [00:00<00:00, 731.02it/s, Materializing param=bert.encoder.layer.1.attention.self.key.bias]      
Loading weights:  13%|█▎        | 26/201 [00:00<00:00, 728.15it/s, Materializing param=bert.encoder.layer.1.attention.self.key.bias]
Loading weights:  13%|█▎        | 27/201 [00:00<00:00, 745.28it/s, Materializing param=bert.encoder.layer.1.attention.self.key.weight]
Loading weights:  13%|█▎        | 27/201 [00:00<00:00, 742.13it/s, Materializing param=bert.encoder.layer.1.attention.self.key.weight]
Loading weights:  14%|█▍        | 28/201 [00:00<00:00, 744.46it/s, Materializing param=bert.encoder.layer.1.attention.self.query.bias]
Loading weights:  14%|█▍        | 28/201 [00:00<00:00, 741.49it/s, Materializing param=bert.encoder.layer.1.attention.self.query.bias]
Loading weights:  14%|█▍        | 29/201 [00:00<00:00, 747.22it/s, Materializing param=bert.encoder.layer.1.attention.self.query.weight]
Loading weights:  14%|█▍        | 29/201 [00:00<00:00, 744.18it/s, Materializing param=bert.encoder.layer.1.attention.self.query.weight]
Loading weights:  15%|█▍        | 30/201 [00:00<00:00, 711.49it/s, Materializing param=bert.encoder.layer.1.attention.self.value.bias]  
Loading weights:  15%|█▍        | 30/201 [00:00<00:00, 708.93it/s, Materializing param=bert.encoder.layer.1.attention.self.value.bias]
Loading weights:  15%|█▌        | 31/201 [00:00<00:00, 720.98it/s, Materializing param=bert.encoder.layer.1.attention.self.value.weight]
Loading weights:  15%|█▌        | 31/201 [00:00<00:00, 715.66it/s, Materializing param=bert.encoder.layer.1.attention.self.value.weight]
Loading weights:  16%|█▌        | 32/201 [00:00<00:00, 724.72it/s, Materializing param=bert.encoder.layer.1.intermediate.dense.bias]    
Loading weights:  16%|█▌        | 32/201 [00:00<00:00, 722.54it/s, Materializing param=bert.encoder.layer.1.intermediate.dense.bias]
Loading weights:  16%|█▋        | 33/201 [00:00<00:00, 733.69it/s, Materializing param=bert.encoder.layer.1.intermediate.dense.weight]
Loading weights:  16%|█▋        | 33/201 [00:00<00:00, 731.04it/s, Materializing param=bert.encoder.layer.1.intermediate.dense.weight]
Loading weights:  17%|█▋        | 34/201 [00:00<00:00, 737.67it/s, Materializing param=bert.encoder.layer.1.output.LayerNorm.bias]    
Loading weights:  17%|█▋        | 34/201 [00:00<00:00, 734.93it/s, Materializing param=bert.encoder.layer.1.output.LayerNorm.bias]
Loading weights:  17%|█▋        | 35/201 [00:00<00:00, 751.35it/s, Materializing param=bert.encoder.layer.1.output.LayerNorm.weight]
Loading weights:  17%|█▋        | 35/201 [00:00<00:00, 749.63it/s, Materializing param=bert.encoder.layer.1.output.LayerNorm.weight]
Loading weights:  18%|█▊        | 36/201 [00:00<00:00, 763.90it/s, Materializing param=bert.encoder.layer.1.output.dense.bias]      
Loading weights:  18%|█▊        | 36/201 [00:00<00:00, 762.07it/s, Materializing param=bert.encoder.layer.1.output.dense.bias]
Loading weights:  18%|█▊        | 37/201 [00:00<00:00, 774.39it/s, Materializing param=bert.encoder.layer.1.output.dense.weight]
Loading weights:  18%|█▊        | 37/201 [00:00<00:00, 770.20it/s, Materializing param=bert.encoder.layer.1.output.dense.weight]
Loading weights:  19%|█▉        | 38/201 [00:00<00:00, 773.44it/s, Materializing param=bert.encoder.layer.2.attention.output.LayerNorm.bias]
Loading weights:  19%|█▉        | 38/201 [00:00<00:00, 770.98it/s, Materializing param=bert.encoder.layer.2.attention.output.LayerNorm.bias]
Loading weights:  19%|█▉        | 39/201 [00:00<00:00, 773.90it/s, Materializing param=bert.encoder.layer.2.attention.output.LayerNorm.weight]
Loading weights:  19%|█▉        | 39/201 [00:00<00:00, 771.43it/s, Materializing param=bert.encoder.layer.2.attention.output.LayerNorm.weight]
Loading weights:  20%|█▉        | 40/201 [00:00<00:00, 785.64it/s, Materializing param=bert.encoder.layer.2.attention.output.dense.bias]      
Loading weights:  20%|█▉        | 40/201 [00:00<00:00, 767.20it/s, Materializing param=bert.encoder.layer.2.attention.output.dense.bias]
Loading weights:  20%|██        | 41/201 [00:00<00:00, 781.01it/s, Materializing param=bert.encoder.layer.2.attention.output.dense.weight]
Loading weights:  20%|██        | 41/201 [00:00<00:00, 778.53it/s, Materializing param=bert.encoder.layer.2.attention.output.dense.weight]
Loading weights:  21%|██        | 42/201 [00:00<00:00, 736.35it/s, Materializing param=bert.encoder.layer.2.attention.self.key.bias]      
Loading weights:  21%|██        | 42/201 [00:00<00:00, 734.42it/s, Materializing param=bert.encoder.layer.2.attention.self.key.bias]
Loading weights:  21%|██▏       | 43/201 [00:00<00:00, 735.40it/s, Materializing param=bert.encoder.layer.2.attention.self.key.weight]
Loading weights:  21%|██▏       | 43/201 [00:00<00:00, 733.61it/s, Materializing param=bert.encoder.layer.2.attention.self.key.weight]
Loading weights:  22%|██▏       | 44/201 [00:00<00:00, 740.79it/s, Materializing param=bert.encoder.layer.2.attention.self.query.bias]
Loading weights:  22%|██▏       | 44/201 [00:00<00:00, 738.78it/s, Materializing param=bert.encoder.layer.2.attention.self.query.bias]
Loading weights:  22%|██▏       | 45/201 [00:00<00:00, 747.13it/s, Materializing param=bert.encoder.layer.2.attention.self.query.weight]
Loading weights:  22%|██▏       | 45/201 [00:00<00:00, 744.74it/s, Materializing param=bert.encoder.layer.2.attention.self.query.weight]
Loading weights:  23%|██▎       | 46/201 [00:00<00:00, 736.36it/s, Materializing param=bert.encoder.layer.2.attention.self.value.bias]  
Loading weights:  23%|██▎       | 46/201 [00:00<00:00, 734.66it/s, Materializing param=bert.encoder.layer.2.attention.self.value.bias]
Loading weights:  23%|██▎       | 47/201 [00:00<00:00, 737.00it/s, Materializing param=bert.encoder.layer.2.attention.self.value.weight]
Loading weights:  23%|██▎       | 47/201 [00:00<00:00, 727.93it/s, Materializing param=bert.encoder.layer.2.attention.self.value.weight]
Loading weights:  24%|██▍       | 48/201 [00:00<00:00, 736.56it/s, Materializing param=bert.encoder.layer.2.intermediate.dense.bias]    
Loading weights:  24%|██▍       | 48/201 [00:00<00:00, 729.15it/s, Materializing param=bert.encoder.layer.2.intermediate.dense.bias]
Loading weights:  24%|██▍       | 49/201 [00:00<00:00, 736.54it/s, Materializing param=bert.encoder.layer.2.intermediate.dense.weight]
Loading weights:  24%|██▍       | 49/201 [00:00<00:00, 734.75it/s, Materializing param=bert.encoder.layer.2.intermediate.dense.weight]
Loading weights:  25%|██▍       | 50/201 [00:00<00:00, 745.94it/s, Materializing param=bert.encoder.layer.2.output.LayerNorm.bias]    
Loading weights:  25%|██▍       | 50/201 [00:00<00:00, 730.67it/s, Materializing param=bert.encoder.layer.2.output.LayerNorm.bias]
Loading weights:  25%|██▌       | 51/201 [00:00<00:00, 736.15it/s, Materializing param=bert.encoder.layer.2.output.LayerNorm.weight]
Loading weights:  25%|██▌       | 51/201 [00:00<00:00, 734.29it/s, Materializing param=bert.encoder.layer.2.output.LayerNorm.weight]
Loading weights:  26%|██▌       | 52/201 [00:00<00:00, 731.46it/s, Materializing param=bert.encoder.layer.2.output.dense.bias]      
Loading weights:  26%|██▌       | 52/201 [00:00<00:00, 730.05it/s, Materializing param=bert.encoder.layer.2.output.dense.bias]
Loading weights:  26%|██▋       | 53/201 [00:00<00:00, 738.85it/s, Materializing param=bert.encoder.layer.2.output.dense.weight]
Loading weights:  26%|██▋       | 53/201 [00:00<00:00, 734.66it/s, Materializing param=bert.encoder.layer.2.output.dense.weight]
Loading weights:  27%|██▋       | 54/201 [00:00<00:00, 740.48it/s, Materializing param=bert.encoder.layer.3.attention.output.LayerNorm.bias]
Loading weights:  27%|██▋       | 54/201 [00:00<00:00, 738.68it/s, Materializing param=bert.encoder.layer.3.attention.output.LayerNorm.bias]
Loading weights:  27%|██▋       | 55/201 [00:00<00:00, 748.32it/s, Materializing param=bert.encoder.layer.3.attention.output.LayerNorm.weight]
Loading weights:  27%|██▋       | 55/201 [00:00<00:00, 746.51it/s, Materializing param=bert.encoder.layer.3.attention.output.LayerNorm.weight]
Loading weights:  28%|██▊       | 56/201 [00:00<00:00, 746.07it/s, Materializing param=bert.encoder.layer.3.attention.output.dense.bias]      
Loading weights:  28%|██▊       | 56/201 [00:00<00:00, 741.35it/s, Materializing param=bert.encoder.layer.3.attention.output.dense.bias]
Loading weights:  28%|██▊       | 57/201 [00:00<00:00, 742.67it/s, Materializing param=bert.encoder.layer.3.attention.output.dense.weight]
Loading weights:  28%|██▊       | 57/201 [00:00<00:00, 741.09it/s, Materializing param=bert.encoder.layer.3.attention.output.dense.weight]
Loading weights:  29%|██▉       | 58/201 [00:00<00:00, 742.91it/s, Materializing param=bert.encoder.layer.3.attention.self.key.bias]      
Loading weights:  29%|██▉       | 58/201 [00:00<00:00, 736.05it/s, Materializing param=bert.encoder.layer.3.attention.self.key.bias]
Loading weights:  29%|██▉       | 59/201 [00:00<00:00, 740.99it/s, Materializing param=bert.encoder.layer.3.attention.self.key.weight]
Loading weights:  29%|██▉       | 59/201 [00:00<00:00, 739.93it/s, Materializing param=bert.encoder.layer.3.attention.self.key.weight]
Loading weights:  30%|██▉       | 60/201 [00:00<00:00, 746.25it/s, Materializing param=bert.encoder.layer.3.attention.self.query.bias]
Loading weights:  30%|██▉       | 60/201 [00:00<00:00, 742.83it/s, Materializing param=bert.encoder.layer.3.attention.self.query.bias]
Loading weights:  30%|███       | 61/201 [00:00<00:00, 747.60it/s, Materializing param=bert.encoder.layer.3.attention.self.query.weight]
Loading weights:  30%|███       | 61/201 [00:00<00:00, 743.94it/s, Materializing param=bert.encoder.layer.3.attention.self.query.weight]
Loading weights:  31%|███       | 62/201 [00:00<00:00, 750.03it/s, Materializing param=bert.encoder.layer.3.attention.self.value.bias]  
Loading weights:  31%|███       | 62/201 [00:00<00:00, 748.66it/s, Materializing param=bert.encoder.layer.3.attention.self.value.bias]
Loading weights:  31%|███▏      | 63/201 [00:00<00:00, 754.81it/s, Materializing param=bert.encoder.layer.3.attention.self.value.weight]
Loading weights:  31%|███▏      | 63/201 [00:00<00:00, 753.33it/s, Materializing param=bert.encoder.layer.3.attention.self.value.weight]
Loading weights:  32%|███▏      | 64/201 [00:00<00:00, 760.30it/s, Materializing param=bert.encoder.layer.3.intermediate.dense.bias]    
Loading weights:  32%|███▏      | 64/201 [00:00<00:00, 758.22it/s, Materializing param=bert.encoder.layer.3.intermediate.dense.bias]
Loading weights:  32%|███▏      | 65/201 [00:00<00:00, 764.25it/s, Materializing param=bert.encoder.layer.3.intermediate.dense.weight]
Loading weights:  32%|███▏      | 65/201 [00:00<00:00, 763.01it/s, Materializing param=bert.encoder.layer.3.intermediate.dense.weight]
Loading weights:  33%|███▎      | 66/201 [00:00<00:00, 766.22it/s, Materializing param=bert.encoder.layer.3.output.LayerNorm.bias]    
Loading weights:  33%|███▎      | 66/201 [00:00<00:00, 760.73it/s, Materializing param=bert.encoder.layer.3.output.LayerNorm.bias]
Loading weights:  33%|███▎      | 67/201 [00:00<00:00, 767.29it/s, Materializing param=bert.encoder.layer.3.output.LayerNorm.weight]
Loading weights:  33%|███▎      | 67/201 [00:00<00:00, 765.73it/s, Materializing param=bert.encoder.layer.3.output.LayerNorm.weight]
Loading weights:  34%|███▍      | 68/201 [00:00<00:00, 770.31it/s, Materializing param=bert.encoder.layer.3.output.dense.bias]      
Loading weights:  34%|███▍      | 68/201 [00:00<00:00, 768.85it/s, Materializing param=bert.encoder.layer.3.output.dense.bias]
Loading weights:  34%|███▍      | 69/201 [00:00<00:00, 769.25it/s, Materializing param=bert.encoder.layer.3.output.dense.weight]
Loading weights:  34%|███▍      | 69/201 [00:00<00:00, 767.93it/s, Materializing param=bert.encoder.layer.3.output.dense.weight]
Loading weights:  35%|███▍      | 70/201 [00:00<00:00, 773.45it/s, Materializing param=bert.encoder.layer.4.attention.output.LayerNorm.bias]
Loading weights:  35%|███▍      | 70/201 [00:00<00:00, 772.24it/s, Materializing param=bert.encoder.layer.4.attention.output.LayerNorm.bias]
Loading weights:  35%|███▌      | 71/201 [00:00<00:00, 777.96it/s, Materializing param=bert.encoder.layer.4.attention.output.LayerNorm.weight]
Loading weights:  35%|███▌      | 71/201 [00:00<00:00, 775.47it/s, Materializing param=bert.encoder.layer.4.attention.output.LayerNorm.weight]
Loading weights:  36%|███▌      | 72/201 [00:00<00:00, 772.70it/s, Materializing param=bert.encoder.layer.4.attention.output.dense.bias]      
Loading weights:  36%|███▌      | 72/201 [00:00<00:00, 768.26it/s, Materializing param=bert.encoder.layer.4.attention.output.dense.bias]
Loading weights:  36%|███▋      | 73/201 [00:00<00:00, 772.07it/s, Materializing param=bert.encoder.layer.4.attention.output.dense.weight]
Loading weights:  36%|███▋      | 73/201 [00:00<00:00, 769.33it/s, Materializing param=bert.encoder.layer.4.attention.output.dense.weight]
Loading weights:  37%|███▋      | 74/201 [00:00<00:00, 773.18it/s, Materializing param=bert.encoder.layer.4.attention.self.key.bias]      
Loading weights:  37%|███▋      | 74/201 [00:00<00:00, 771.19it/s, Materializing param=bert.encoder.layer.4.attention.self.key.bias]
Loading weights:  37%|███▋      | 75/201 [00:00<00:00, 777.46it/s, Materializing param=bert.encoder.layer.4.attention.self.key.weight]
Loading weights:  37%|███▋      | 75/201 [00:00<00:00, 776.12it/s, Materializing param=bert.encoder.layer.4.attention.self.key.weight]
Loading weights:  38%|███▊      | 76/201 [00:00<00:00, 760.12it/s, Materializing param=bert.encoder.layer.4.attention.self.query.bias]
Loading weights:  38%|███▊      | 76/201 [00:00<00:00, 757.68it/s, Materializing param=bert.encoder.layer.4.attention.self.query.bias]
Loading weights:  38%|███▊      | 77/201 [00:00<00:00, 763.42it/s, Materializing param=bert.encoder.layer.4.attention.self.query.bias]
Loading weights:  38%|███▊      | 77/201 [00:00<00:00, 763.42it/s, Materializing param=bert.encoder.layer.4.attention.self.query.weight]
Loading weights:  38%|███▊      | 77/201 [00:00<00:00, 763.42it/s, Materializing param=bert.encoder.layer.4.attention.self.query.weight]
Loading weights:  39%|███▉      | 78/201 [00:00<00:00, 763.42it/s, Materializing param=bert.encoder.layer.4.attention.self.value.bias]  
Loading weights:  39%|███▉      | 78/201 [00:00<00:00, 763.42it/s, Materializing param=bert.encoder.layer.4.attention.self.value.bias]
Loading weights:  39%|███▉      | 79/201 [00:00<00:00, 763.42it/s, Materializing param=bert.encoder.layer.4.attention.self.value.weight]
Loading weights:  39%|███▉      | 79/201 [00:00<00:00, 763.42it/s, Materializing param=bert.encoder.layer.4.attention.self.value.weight]
Loading weights:  40%|███▉      | 80/201 [00:00<00:00, 763.42it/s, Materializing param=bert.encoder.layer.4.intermediate.dense.bias]    
Loading weights:  40%|███▉      | 80/201 [00:00<00:00, 763.42it/s, Materializing param=bert.encoder.layer.4.intermediate.dense.bias]
Loading weights:  40%|████      | 81/201 [00:00<00:00, 763.42it/s, Materializing param=bert.encoder.layer.4.intermediate.dense.weight]
Loading weights:  40%|████      | 81/201 [00:00<00:00, 763.42it/s, Materializing param=bert.encoder.layer.4.intermediate.dense.weight]
Loading weights:  41%|████      | 82/201 [00:00<00:00, 763.42it/s, Materializing param=bert.encoder.layer.4.output.LayerNorm.bias]    
Loading weights:  41%|████      | 82/201 [00:00<00:00, 763.42it/s, Materializing param=bert.encoder.layer.4.output.LayerNorm.bias]
Loading weights:  41%|████▏     | 83/201 [00:00<00:00, 763.42it/s, Materializing param=bert.encoder.layer.4.output.LayerNorm.weight]
Loading weights:  41%|████▏     | 83/201 [00:00<00:00, 763.42it/s, Materializing param=bert.encoder.layer.4.output.LayerNorm.weight]
Loading weights:  42%|████▏     | 84/201 [00:00<00:00, 763.42it/s, Materializing param=bert.encoder.layer.4.output.dense.bias]      
Loading weights:  42%|████▏     | 84/201 [00:00<00:00, 763.42it/s, Materializing param=bert.encoder.layer.4.output.dense.bias]
Loading weights:  42%|████▏     | 85/201 [00:00<00:00, 763.42it/s, Materializing param=bert.encoder.layer.4.output.dense.weight]
Loading weights:  42%|████▏     | 85/201 [00:00<00:00, 763.42it/s, Materializing param=bert.encoder.layer.4.output.dense.weight]
Loading weights:  43%|████▎     | 86/201 [00:00<00:00, 763.42it/s, Materializing param=bert.encoder.layer.5.attention.output.LayerNorm.bias]
Loading weights:  43%|████▎     | 86/201 [00:00<00:00, 763.42it/s, Materializing param=bert.encoder.layer.5.attention.output.LayerNorm.bias]
Loading weights:  43%|████▎     | 87/201 [00:00<00:00, 763.42it/s, Materializing param=bert.encoder.layer.5.attention.output.LayerNorm.weight]
Loading weights:  43%|████▎     | 87/201 [00:00<00:00, 763.42it/s, Materializing param=bert.encoder.layer.5.attention.output.LayerNorm.weight]
Loading weights:  44%|████▍     | 88/201 [00:00<00:00, 763.42it/s, Materializing param=bert.encoder.layer.5.attention.output.dense.bias]      
Loading weights:  44%|████▍     | 88/201 [00:00<00:00, 763.42it/s, Materializing param=bert.encoder.layer.5.attention.output.dense.bias]
Loading weights:  44%|████▍     | 89/201 [00:00<00:00, 763.42it/s, Materializing param=bert.encoder.layer.5.attention.output.dense.weight]
Loading weights:  44%|████▍     | 89/201 [00:00<00:00, 763.42it/s, Materializing param=bert.encoder.layer.5.attention.output.dense.weight]
Loading weights:  45%|████▍     | 90/201 [00:00<00:00, 763.42it/s, Materializing param=bert.encoder.layer.5.attention.self.key.bias]      
Loading weights:  45%|████▍     | 90/201 [00:00<00:00, 763.42it/s, Materializing param=bert.encoder.layer.5.attention.self.key.bias]
Loading weights:  45%|████▌     | 91/201 [00:00<00:00, 763.42it/s, Materializing param=bert.encoder.layer.5.attention.self.key.weight]
Loading weights:  45%|████▌     | 91/201 [00:00<00:00, 763.42it/s, Materializing param=bert.encoder.layer.5.attention.self.key.weight]
Loading weights:  46%|████▌     | 92/201 [00:00<00:00, 763.42it/s, Materializing param=bert.encoder.layer.5.attention.self.query.bias]
Loading weights:  46%|████▌     | 92/201 [00:00<00:00, 763.42it/s, Materializing param=bert.encoder.layer.5.attention.self.query.bias]
Loading weights:  46%|████▋     | 93/201 [00:00<00:00, 763.42it/s, Materializing param=bert.encoder.layer.5.attention.self.query.weight]
Loading weights:  46%|████▋     | 93/201 [00:00<00:00, 763.42it/s, Materializing param=bert.encoder.layer.5.attention.self.query.weight]
Loading weights:  47%|████▋     | 94/201 [00:00<00:00, 763.42it/s, Materializing param=bert.encoder.layer.5.attention.self.value.bias]  
Loading weights:  47%|████▋     | 94/201 [00:00<00:00, 763.42it/s, Materializing param=bert.encoder.layer.5.attention.self.value.bias]
Loading weights:  47%|████▋     | 95/201 [00:00<00:00, 763.42it/s, Materializing param=bert.encoder.layer.5.attention.self.value.weight]
Loading weights:  47%|████▋     | 95/201 [00:00<00:00, 763.42it/s, Materializing param=bert.encoder.layer.5.attention.self.value.weight]
Loading weights:  48%|████▊     | 96/201 [00:00<00:00, 763.42it/s, Materializing param=bert.encoder.layer.5.intermediate.dense.bias]    
Loading weights:  48%|████▊     | 96/201 [00:00<00:00, 763.42it/s, Materializing param=bert.encoder.layer.5.intermediate.dense.bias]
Loading weights:  48%|████▊     | 97/201 [00:00<00:00, 763.42it/s, Materializing param=bert.encoder.layer.5.intermediate.dense.weight]
Loading weights:  48%|████▊     | 97/201 [00:00<00:00, 763.42it/s, Materializing param=bert.encoder.layer.5.intermediate.dense.weight]
Loading weights:  49%|████▉     | 98/201 [00:00<00:00, 763.42it/s, Materializing param=bert.encoder.layer.5.output.LayerNorm.bias]    
Loading weights:  49%|████▉     | 98/201 [00:00<00:00, 763.42it/s, Materializing param=bert.encoder.layer.5.output.LayerNorm.bias]
Loading weights:  49%|████▉     | 99/201 [00:00<00:00, 763.42it/s, Materializing param=bert.encoder.layer.5.output.LayerNorm.weight]
Loading weights:  49%|████▉     | 99/201 [00:00<00:00, 763.42it/s, Materializing param=bert.encoder.layer.5.output.LayerNorm.weight]
Loading weights:  50%|████▉     | 100/201 [00:00<00:00, 763.42it/s, Materializing param=bert.encoder.layer.5.output.dense.bias]     
Loading weights:  50%|████▉     | 100/201 [00:00<00:00, 763.42it/s, Materializing param=bert.encoder.layer.5.output.dense.bias]
Loading weights:  50%|█████     | 101/201 [00:00<00:00, 763.42it/s, Materializing param=bert.encoder.layer.5.output.dense.weight]
Loading weights:  50%|█████     | 101/201 [00:00<00:00, 763.42it/s, Materializing param=bert.encoder.layer.5.output.dense.weight]
Loading weights:  51%|█████     | 102/201 [00:00<00:00, 763.42it/s, Materializing param=bert.encoder.layer.6.attention.output.LayerNorm.bias]
Loading weights:  51%|█████     | 102/201 [00:00<00:00, 763.42it/s, Materializing param=bert.encoder.layer.6.attention.output.LayerNorm.bias]
Loading weights:  51%|█████     | 103/201 [00:00<00:00, 763.42it/s, Materializing param=bert.encoder.layer.6.attention.output.LayerNorm.weight]
Loading weights:  51%|█████     | 103/201 [00:00<00:00, 763.42it/s, Materializing param=bert.encoder.layer.6.attention.output.LayerNorm.weight]
Loading weights:  52%|█████▏    | 104/201 [00:00<00:00, 763.42it/s, Materializing param=bert.encoder.layer.6.attention.output.dense.bias]      
Loading weights:  52%|█████▏    | 104/201 [00:00<00:00, 763.42it/s, Materializing param=bert.encoder.layer.6.attention.output.dense.bias]
Loading weights:  52%|█████▏    | 105/201 [00:00<00:00, 763.42it/s, Materializing param=bert.encoder.layer.6.attention.output.dense.weight]
Loading weights:  52%|█████▏    | 105/201 [00:00<00:00, 763.42it/s, Materializing param=bert.encoder.layer.6.attention.output.dense.weight]
Loading weights:  53%|█████▎    | 106/201 [00:00<00:00, 763.42it/s, Materializing param=bert.encoder.layer.6.attention.self.key.bias]      
Loading weights:  53%|█████▎    | 106/201 [00:00<00:00, 763.42it/s, Materializing param=bert.encoder.layer.6.attention.self.key.bias]
Loading weights:  53%|█████▎    | 107/201 [00:00<00:00, 763.42it/s, Materializing param=bert.encoder.layer.6.attention.self.key.weight]
Loading weights:  53%|█████▎    | 107/201 [00:00<00:00, 763.42it/s, Materializing param=bert.encoder.layer.6.attention.self.key.weight]
Loading weights:  54%|█████▎    | 108/201 [00:00<00:00, 763.42it/s, Materializing param=bert.encoder.layer.6.attention.self.query.bias]
Loading weights:  54%|█████▎    | 108/201 [00:00<00:00, 763.42it/s, Materializing param=bert.encoder.layer.6.attention.self.query.bias]
Loading weights:  54%|█████▍    | 109/201 [00:00<00:00, 763.42it/s, Materializing param=bert.encoder.layer.6.attention.self.query.weight]
Loading weights:  54%|█████▍    | 109/201 [00:00<00:00, 763.42it/s, Materializing param=bert.encoder.layer.6.attention.self.query.weight]
Loading weights:  55%|█████▍    | 110/201 [00:00<00:00, 763.42it/s, Materializing param=bert.encoder.layer.6.attention.self.value.bias]  
Loading weights:  55%|█████▍    | 110/201 [00:00<00:00, 763.42it/s, Materializing param=bert.encoder.layer.6.attention.self.value.bias]
Loading weights:  55%|█████▌    | 111/201 [00:00<00:00, 763.42it/s, Materializing param=bert.encoder.layer.6.attention.self.value.weight]
Loading weights:  55%|█████▌    | 111/201 [00:00<00:00, 763.42it/s, Materializing param=bert.encoder.layer.6.attention.self.value.weight]
Loading weights:  56%|█████▌    | 112/201 [00:00<00:00, 763.42it/s, Materializing param=bert.encoder.layer.6.intermediate.dense.bias]    
Loading weights:  56%|█████▌    | 112/201 [00:00<00:00, 763.42it/s, Materializing param=bert.encoder.layer.6.intermediate.dense.bias]
Loading weights:  56%|█████▌    | 113/201 [00:00<00:00, 763.42it/s, Materializing param=bert.encoder.layer.6.intermediate.dense.weight]
Loading weights:  56%|█████▌    | 113/201 [00:00<00:00, 763.42it/s, Materializing param=bert.encoder.layer.6.intermediate.dense.weight]
Loading weights:  57%|█████▋    | 114/201 [00:00<00:00, 763.42it/s, Materializing param=bert.encoder.layer.6.output.LayerNorm.bias]    
Loading weights:  57%|█████▋    | 114/201 [00:00<00:00, 763.42it/s, Materializing param=bert.encoder.layer.6.output.LayerNorm.bias]
Loading weights:  57%|█████▋    | 115/201 [00:00<00:00, 763.42it/s, Materializing param=bert.encoder.layer.6.output.LayerNorm.weight]
Loading weights:  57%|█████▋    | 115/201 [00:00<00:00, 763.42it/s, Materializing param=bert.encoder.layer.6.output.LayerNorm.weight]
Loading weights:  58%|█████▊    | 116/201 [00:00<00:00, 763.42it/s, Materializing param=bert.encoder.layer.6.output.dense.bias]      
Loading weights:  58%|█████▊    | 116/201 [00:00<00:00, 763.42it/s, Materializing param=bert.encoder.layer.6.output.dense.bias]
Loading weights:  58%|█████▊    | 117/201 [00:00<00:00, 763.42it/s, Materializing param=bert.encoder.layer.6.output.dense.weight]
Loading weights:  58%|█████▊    | 117/201 [00:00<00:00, 763.42it/s, Materializing param=bert.encoder.layer.6.output.dense.weight]
Loading weights:  59%|█████▊    | 118/201 [00:00<00:00, 763.42it/s, Materializing param=bert.encoder.layer.7.attention.output.LayerNorm.bias]
Loading weights:  59%|█████▊    | 118/201 [00:00<00:00, 763.42it/s, Materializing param=bert.encoder.layer.7.attention.output.LayerNorm.bias]
Loading weights:  59%|█████▉    | 119/201 [00:00<00:00, 763.42it/s, Materializing param=bert.encoder.layer.7.attention.output.LayerNorm.weight]
Loading weights:  59%|█████▉    | 119/201 [00:00<00:00, 763.42it/s, Materializing param=bert.encoder.layer.7.attention.output.LayerNorm.weight]
Loading weights:  60%|█████▉    | 120/201 [00:00<00:00, 763.42it/s, Materializing param=bert.encoder.layer.7.attention.output.dense.bias]      
Loading weights:  60%|█████▉    | 120/201 [00:00<00:00, 763.42it/s, Materializing param=bert.encoder.layer.7.attention.output.dense.bias]
Loading weights:  60%|██████    | 121/201 [00:00<00:00, 763.42it/s, Materializing param=bert.encoder.layer.7.attention.output.dense.weight]
Loading weights:  60%|██████    | 121/201 [00:00<00:00, 763.42it/s, Materializing param=bert.encoder.layer.7.attention.output.dense.weight]
Loading weights:  61%|██████    | 122/201 [00:00<00:00, 763.42it/s, Materializing param=bert.encoder.layer.7.attention.self.key.bias]      
Loading weights:  61%|██████    | 122/201 [00:00<00:00, 763.42it/s, Materializing param=bert.encoder.layer.7.attention.self.key.bias]
Loading weights:  61%|██████    | 123/201 [00:00<00:00, 763.42it/s, Materializing param=bert.encoder.layer.7.attention.self.key.weight]
Loading weights:  61%|██████    | 123/201 [00:00<00:00, 763.42it/s, Materializing param=bert.encoder.layer.7.attention.self.key.weight]
Loading weights:  62%|██████▏   | 124/201 [00:00<00:00, 763.42it/s, Materializing param=bert.encoder.layer.7.attention.self.query.bias]
Loading weights:  62%|██████▏   | 124/201 [00:00<00:00, 763.42it/s, Materializing param=bert.encoder.layer.7.attention.self.query.bias]
Loading weights:  62%|██████▏   | 125/201 [00:00<00:00, 763.42it/s, Materializing param=bert.encoder.layer.7.attention.self.query.weight]
Loading weights:  62%|██████▏   | 125/201 [00:00<00:00, 763.42it/s, Materializing param=bert.encoder.layer.7.attention.self.query.weight]
Loading weights:  63%|██████▎   | 126/201 [00:00<00:00, 763.42it/s, Materializing param=bert.encoder.layer.7.attention.self.value.bias]  
Loading weights:  63%|██████▎   | 126/201 [00:00<00:00, 763.42it/s, Materializing param=bert.encoder.layer.7.attention.self.value.bias]
Loading weights:  63%|██████▎   | 127/201 [00:00<00:00, 763.42it/s, Materializing param=bert.encoder.layer.7.attention.self.value.weight]
Loading weights:  63%|██████▎   | 127/201 [00:00<00:00, 763.42it/s, Materializing param=bert.encoder.layer.7.attention.self.value.weight]
Loading weights:  64%|██████▎   | 128/201 [00:00<00:00, 763.42it/s, Materializing param=bert.encoder.layer.7.intermediate.dense.bias]    
Loading weights:  64%|██████▎   | 128/201 [00:00<00:00, 763.42it/s, Materializing param=bert.encoder.layer.7.intermediate.dense.bias]
Loading weights:  64%|██████▍   | 129/201 [00:00<00:00, 763.42it/s, Materializing param=bert.encoder.layer.7.intermediate.dense.weight]
Loading weights:  64%|██████▍   | 129/201 [00:00<00:00, 763.42it/s, Materializing param=bert.encoder.layer.7.intermediate.dense.weight]
Loading weights:  65%|██████▍   | 130/201 [00:00<00:00, 763.42it/s, Materializing param=bert.encoder.layer.7.output.LayerNorm.bias]    
Loading weights:  65%|██████▍   | 130/201 [00:00<00:00, 763.42it/s, Materializing param=bert.encoder.layer.7.output.LayerNorm.bias]
Loading weights:  65%|██████▌   | 131/201 [00:00<00:00, 763.42it/s, Materializing param=bert.encoder.layer.7.output.LayerNorm.weight]
Loading weights:  65%|██████▌   | 131/201 [00:00<00:00, 763.42it/s, Materializing param=bert.encoder.layer.7.output.LayerNorm.weight]
Loading weights:  66%|██████▌   | 132/201 [00:00<00:00, 763.42it/s, Materializing param=bert.encoder.layer.7.output.dense.bias]      
Loading weights:  66%|██████▌   | 132/201 [00:00<00:00, 763.42it/s, Materializing param=bert.encoder.layer.7.output.dense.bias]
Loading weights:  66%|██████▌   | 133/201 [00:00<00:00, 763.42it/s, Materializing param=bert.encoder.layer.7.output.dense.weight]
Loading weights:  66%|██████▌   | 133/201 [00:00<00:00, 763.42it/s, Materializing param=bert.encoder.layer.7.output.dense.weight]
Loading weights:  67%|██████▋   | 134/201 [00:00<00:00, 763.42it/s, Materializing param=bert.encoder.layer.8.attention.output.LayerNorm.bias]
Loading weights:  67%|██████▋   | 134/201 [00:00<00:00, 763.42it/s, Materializing param=bert.encoder.layer.8.attention.output.LayerNorm.bias]
Loading weights:  67%|██████▋   | 135/201 [00:00<00:00, 763.42it/s, Materializing param=bert.encoder.layer.8.attention.output.LayerNorm.weight]
Loading weights:  67%|██████▋   | 135/201 [00:00<00:00, 763.42it/s, Materializing param=bert.encoder.layer.8.attention.output.LayerNorm.weight]
Loading weights:  68%|██████▊   | 136/201 [00:00<00:00, 763.42it/s, Materializing param=bert.encoder.layer.8.attention.output.dense.bias]      
Loading weights:  68%|██████▊   | 136/201 [00:00<00:00, 763.42it/s, Materializing param=bert.encoder.layer.8.attention.output.dense.bias]
Loading weights:  68%|██████▊   | 137/201 [00:00<00:00, 763.42it/s, Materializing param=bert.encoder.layer.8.attention.output.dense.weight]
Loading weights:  68%|██████▊   | 137/201 [00:00<00:00, 763.42it/s, Materializing param=bert.encoder.layer.8.attention.output.dense.weight]
Loading weights:  69%|██████▊   | 138/201 [00:00<00:00, 763.42it/s, Materializing param=bert.encoder.layer.8.attention.self.key.bias]      
Loading weights:  69%|██████▊   | 138/201 [00:00<00:00, 763.42it/s, Materializing param=bert.encoder.layer.8.attention.self.key.bias]
Loading weights:  69%|██████▉   | 139/201 [00:00<00:00, 763.42it/s, Materializing param=bert.encoder.layer.8.attention.self.key.weight]
Loading weights:  69%|██████▉   | 139/201 [00:00<00:00, 763.42it/s, Materializing param=bert.encoder.layer.8.attention.self.key.weight]
Loading weights:  70%|██████▉   | 140/201 [00:00<00:00, 763.42it/s, Materializing param=bert.encoder.layer.8.attention.self.query.bias]
Loading weights:  70%|██████▉   | 140/201 [00:00<00:00, 763.42it/s, Materializing param=bert.encoder.layer.8.attention.self.query.bias]
Loading weights:  70%|███████   | 141/201 [00:00<00:00, 763.42it/s, Materializing param=bert.encoder.layer.8.attention.self.query.weight]
Loading weights:  70%|███████   | 141/201 [00:00<00:00, 763.42it/s, Materializing param=bert.encoder.layer.8.attention.self.query.weight]
Loading weights:  71%|███████   | 142/201 [00:00<00:00, 763.42it/s, Materializing param=bert.encoder.layer.8.attention.self.value.bias]  
Loading weights:  71%|███████   | 142/201 [00:00<00:00, 763.42it/s, Materializing param=bert.encoder.layer.8.attention.self.value.bias]
Loading weights:  71%|███████   | 143/201 [00:00<00:00, 763.42it/s, Materializing param=bert.encoder.layer.8.attention.self.value.weight]
Loading weights:  71%|███████   | 143/201 [00:00<00:00, 763.42it/s, Materializing param=bert.encoder.layer.8.attention.self.value.weight]
Loading weights:  72%|███████▏  | 144/201 [00:00<00:00, 763.42it/s, Materializing param=bert.encoder.layer.8.intermediate.dense.bias]    
Loading weights:  72%|███████▏  | 144/201 [00:00<00:00, 763.42it/s, Materializing param=bert.encoder.layer.8.intermediate.dense.bias]
Loading weights:  72%|███████▏  | 145/201 [00:00<00:00, 763.42it/s, Materializing param=bert.encoder.layer.8.intermediate.dense.weight]
Loading weights:  72%|███████▏  | 145/201 [00:00<00:00, 763.42it/s, Materializing param=bert.encoder.layer.8.intermediate.dense.weight]
Loading weights:  73%|███████▎  | 146/201 [00:00<00:00, 763.42it/s, Materializing param=bert.encoder.layer.8.output.LayerNorm.bias]    
Loading weights:  73%|███████▎  | 146/201 [00:00<00:00, 763.42it/s, Materializing param=bert.encoder.layer.8.output.LayerNorm.bias]
Loading weights:  73%|███████▎  | 147/201 [00:00<00:00, 763.42it/s, Materializing param=bert.encoder.layer.8.output.LayerNorm.weight]
Loading weights:  73%|███████▎  | 147/201 [00:00<00:00, 763.42it/s, Materializing param=bert.encoder.layer.8.output.LayerNorm.weight]
Loading weights:  74%|███████▎  | 148/201 [00:00<00:00, 763.42it/s, Materializing param=bert.encoder.layer.8.output.dense.bias]      
Loading weights:  74%|███████▎  | 148/201 [00:00<00:00, 763.42it/s, Materializing param=bert.encoder.layer.8.output.dense.bias]
Loading weights:  74%|███████▍  | 149/201 [00:00<00:00, 763.42it/s, Materializing param=bert.encoder.layer.8.output.dense.weight]
Loading weights:  74%|███████▍  | 149/201 [00:00<00:00, 763.42it/s, Materializing param=bert.encoder.layer.8.output.dense.weight]
Loading weights:  75%|███████▍  | 150/201 [00:00<00:00, 763.42it/s, Materializing param=bert.encoder.layer.9.attention.output.LayerNorm.bias]
Loading weights:  75%|███████▍  | 150/201 [00:00<00:00, 763.42it/s, Materializing param=bert.encoder.layer.9.attention.output.LayerNorm.bias]
Loading weights:  75%|███████▌  | 151/201 [00:00<00:00, 763.42it/s, Materializing param=bert.encoder.layer.9.attention.output.LayerNorm.weight]
Loading weights:  75%|███████▌  | 151/201 [00:00<00:00, 763.42it/s, Materializing param=bert.encoder.layer.9.attention.output.LayerNorm.weight]
Loading weights:  76%|███████▌  | 152/201 [00:00<00:00, 763.42it/s, Materializing param=bert.encoder.layer.9.attention.output.dense.bias]      
Loading weights:  76%|███████▌  | 152/201 [00:00<00:00, 763.42it/s, Materializing param=bert.encoder.layer.9.attention.output.dense.bias]
Loading weights:  76%|███████▌  | 153/201 [00:00<00:00, 763.42it/s, Materializing param=bert.encoder.layer.9.attention.output.dense.weight]
Loading weights:  76%|███████▌  | 153/201 [00:00<00:00, 763.42it/s, Materializing param=bert.encoder.layer.9.attention.output.dense.weight]
Loading weights:  77%|███████▋  | 154/201 [00:00<00:00, 763.42it/s, Materializing param=bert.encoder.layer.9.attention.self.key.bias]      
Loading weights:  77%|███████▋  | 154/201 [00:00<00:00, 763.42it/s, Materializing param=bert.encoder.layer.9.attention.self.key.bias]
Loading weights:  77%|███████▋  | 155/201 [00:00<00:00, 763.42it/s, Materializing param=bert.encoder.layer.9.attention.self.key.weight]
Loading weights:  77%|███████▋  | 155/201 [00:00<00:00, 763.42it/s, Materializing param=bert.encoder.layer.9.attention.self.key.weight]
Loading weights:  78%|███████▊  | 156/201 [00:00<00:00, 763.42it/s, Materializing param=bert.encoder.layer.9.attention.self.query.bias]
Loading weights:  78%|███████▊  | 156/201 [00:00<00:00, 763.42it/s, Materializing param=bert.encoder.layer.9.attention.self.query.bias]
Loading weights:  78%|███████▊  | 157/201 [00:00<00:00, 763.42it/s, Materializing param=bert.encoder.layer.9.attention.self.query.weight]
Loading weights:  78%|███████▊  | 157/201 [00:00<00:00, 763.42it/s, Materializing param=bert.encoder.layer.9.attention.self.query.weight]
Loading weights:  79%|███████▊  | 158/201 [00:00<00:00, 763.42it/s, Materializing param=bert.encoder.layer.9.attention.self.value.bias]  
Loading weights:  79%|███████▊  | 158/201 [00:00<00:00, 763.42it/s, Materializing param=bert.encoder.layer.9.attention.self.value.bias]
Loading weights:  79%|███████▉  | 159/201 [00:00<00:00, 763.42it/s, Materializing param=bert.encoder.layer.9.attention.self.value.weight]
Loading weights:  79%|███████▉  | 159/201 [00:00<00:00, 763.42it/s, Materializing param=bert.encoder.layer.9.attention.self.value.weight]
Loading weights:  80%|███████▉  | 160/201 [00:00<00:00, 763.42it/s, Materializing param=bert.encoder.layer.9.intermediate.dense.bias]    
Loading weights:  80%|███████▉  | 160/201 [00:00<00:00, 763.42it/s, Materializing param=bert.encoder.layer.9.intermediate.dense.bias]
Loading weights:  80%|████████  | 161/201 [00:00<00:00, 763.42it/s, Materializing param=bert.encoder.layer.9.intermediate.dense.weight]
Loading weights:  80%|████████  | 161/201 [00:00<00:00, 763.42it/s, Materializing param=bert.encoder.layer.9.intermediate.dense.weight]
Loading weights:  81%|████████  | 162/201 [00:00<00:00, 763.42it/s, Materializing param=bert.encoder.layer.9.output.LayerNorm.bias]    
Loading weights:  81%|████████  | 162/201 [00:00<00:00, 763.42it/s, Materializing param=bert.encoder.layer.9.output.LayerNorm.bias]
Loading weights:  81%|████████  | 163/201 [00:00<00:00, 763.42it/s, Materializing param=bert.encoder.layer.9.output.LayerNorm.weight]
Loading weights:  81%|████████  | 163/201 [00:00<00:00, 763.42it/s, Materializing param=bert.encoder.layer.9.output.LayerNorm.weight]
Loading weights:  82%|████████▏ | 164/201 [00:00<00:00, 763.42it/s, Materializing param=bert.encoder.layer.9.output.dense.bias]      
Loading weights:  82%|████████▏ | 164/201 [00:00<00:00, 763.42it/s, Materializing param=bert.encoder.layer.9.output.dense.bias]
Loading weights:  82%|████████▏ | 165/201 [00:00<00:00, 763.42it/s, Materializing param=bert.encoder.layer.9.output.dense.weight]
Loading weights:  82%|████████▏ | 165/201 [00:00<00:00, 763.42it/s, Materializing param=bert.encoder.layer.9.output.dense.weight]
Loading weights:  83%|████████▎ | 166/201 [00:00<00:00, 763.42it/s, Materializing param=bert.encoder.layer.10.attention.output.LayerNorm.bias]
Loading weights:  83%|████████▎ | 166/201 [00:00<00:00, 763.42it/s, Materializing param=bert.encoder.layer.10.attention.output.LayerNorm.bias]
Loading weights:  83%|████████▎ | 167/201 [00:00<00:00, 763.42it/s, Materializing param=bert.encoder.layer.10.attention.output.LayerNorm.weight]
Loading weights:  83%|████████▎ | 167/201 [00:00<00:00, 763.42it/s, Materializing param=bert.encoder.layer.10.attention.output.LayerNorm.weight]
Loading weights:  84%|████████▎ | 168/201 [00:00<00:00, 763.42it/s, Materializing param=bert.encoder.layer.10.attention.output.dense.bias]      
Loading weights:  84%|████████▎ | 168/201 [00:00<00:00, 763.42it/s, Materializing param=bert.encoder.layer.10.attention.output.dense.bias]
Loading weights:  84%|████████▍ | 169/201 [00:00<00:00, 763.42it/s, Materializing param=bert.encoder.layer.10.attention.output.dense.weight]
Loading weights:  84%|████████▍ | 169/201 [00:00<00:00, 763.42it/s, Materializing param=bert.encoder.layer.10.attention.output.dense.weight]
Loading weights:  85%|████████▍ | 170/201 [00:00<00:00, 763.42it/s, Materializing param=bert.encoder.layer.10.attention.self.key.bias]      
Loading weights:  85%|████████▍ | 170/201 [00:00<00:00, 763.42it/s, Materializing param=bert.encoder.layer.10.attention.self.key.bias]
Loading weights:  85%|████████▌ | 171/201 [00:00<00:00, 763.42it/s, Materializing param=bert.encoder.layer.10.attention.self.key.weight]
Loading weights:  85%|████████▌ | 171/201 [00:00<00:00, 763.42it/s, Materializing param=bert.encoder.layer.10.attention.self.key.weight]
Loading weights:  86%|████████▌ | 172/201 [00:00<00:00, 763.42it/s, Materializing param=bert.encoder.layer.10.attention.self.query.bias]
Loading weights:  86%|████████▌ | 172/201 [00:00<00:00, 763.42it/s, Materializing param=bert.encoder.layer.10.attention.self.query.bias]
Loading weights:  86%|████████▌ | 173/201 [00:00<00:00, 763.42it/s, Materializing param=bert.encoder.layer.10.attention.self.query.weight]
Loading weights:  86%|████████▌ | 173/201 [00:00<00:00, 763.42it/s, Materializing param=bert.encoder.layer.10.attention.self.query.weight]
Loading weights:  87%|████████▋ | 174/201 [00:00<00:00, 763.42it/s, Materializing param=bert.encoder.layer.10.attention.self.value.bias]  
Loading weights:  87%|████████▋ | 174/201 [00:00<00:00, 763.42it/s, Materializing param=bert.encoder.layer.10.attention.self.value.bias]
Loading weights:  87%|████████▋ | 175/201 [00:00<00:00, 763.42it/s, Materializing param=bert.encoder.layer.10.attention.self.value.weight]
Loading weights:  87%|████████▋ | 175/201 [00:00<00:00, 763.42it/s, Materializing param=bert.encoder.layer.10.attention.self.value.weight]
Loading weights:  88%|████████▊ | 176/201 [00:00<00:00, 763.42it/s, Materializing param=bert.encoder.layer.10.intermediate.dense.bias]    
Loading weights:  88%|████████▊ | 176/201 [00:00<00:00, 763.42it/s, Materializing param=bert.encoder.layer.10.intermediate.dense.bias]
Loading weights:  88%|████████▊ | 177/201 [00:00<00:00, 763.42it/s, Materializing param=bert.encoder.layer.10.intermediate.dense.weight]
Loading weights:  88%|████████▊ | 177/201 [00:00<00:00, 763.42it/s, Materializing param=bert.encoder.layer.10.intermediate.dense.weight]
Loading weights:  89%|████████▊ | 178/201 [00:00<00:00, 763.42it/s, Materializing param=bert.encoder.layer.10.output.LayerNorm.bias]    
Loading weights:  89%|████████▊ | 178/201 [00:00<00:00, 763.42it/s, Materializing param=bert.encoder.layer.10.output.LayerNorm.bias]
Loading weights:  89%|████████▉ | 179/201 [00:00<00:00, 763.42it/s, Materializing param=bert.encoder.layer.10.output.LayerNorm.weight]
Loading weights:  89%|████████▉ | 179/201 [00:00<00:00, 763.42it/s, Materializing param=bert.encoder.layer.10.output.LayerNorm.weight]
Loading weights:  90%|████████▉ | 180/201 [00:00<00:00, 763.42it/s, Materializing param=bert.encoder.layer.10.output.dense.bias]      
Loading weights:  90%|████████▉ | 180/201 [00:00<00:00, 763.42it/s, Materializing param=bert.encoder.layer.10.output.dense.bias]
Loading weights:  90%|█████████ | 181/201 [00:00<00:00, 763.42it/s, Materializing param=bert.encoder.layer.10.output.dense.weight]
Loading weights:  90%|█████████ | 181/201 [00:00<00:00, 763.42it/s, Materializing param=bert.encoder.layer.10.output.dense.weight]
Loading weights:  91%|█████████ | 182/201 [00:00<00:00, 763.42it/s, Materializing param=bert.encoder.layer.11.attention.output.LayerNorm.bias]
Loading weights:  91%|█████████ | 182/201 [00:00<00:00, 763.42it/s, Materializing param=bert.encoder.layer.11.attention.output.LayerNorm.bias]
Loading weights:  91%|█████████ | 183/201 [00:00<00:00, 763.42it/s, Materializing param=bert.encoder.layer.11.attention.output.LayerNorm.weight]
Loading weights:  91%|█████████ | 183/201 [00:00<00:00, 763.42it/s, Materializing param=bert.encoder.layer.11.attention.output.LayerNorm.weight]
Loading weights:  92%|█████████▏| 184/201 [00:00<00:00, 763.42it/s, Materializing param=bert.encoder.layer.11.attention.output.dense.bias]      
Loading weights:  92%|█████████▏| 184/201 [00:00<00:00, 763.42it/s, Materializing param=bert.encoder.layer.11.attention.output.dense.bias]
Loading weights:  92%|█████████▏| 185/201 [00:00<00:00, 763.42it/s, Materializing param=bert.encoder.layer.11.attention.output.dense.weight]
Loading weights:  92%|█████████▏| 185/201 [00:00<00:00, 763.42it/s, Materializing param=bert.encoder.layer.11.attention.output.dense.weight]
Loading weights:  93%|█████████▎| 186/201 [00:00<00:00, 763.42it/s, Materializing param=bert.encoder.layer.11.attention.self.key.bias]      
Loading weights:  93%|█████████▎| 186/201 [00:00<00:00, 763.42it/s, Materializing param=bert.encoder.layer.11.attention.self.key.bias]
Loading weights:  93%|█████████▎| 187/201 [00:00<00:00, 763.42it/s, Materializing param=bert.encoder.layer.11.attention.self.key.weight]
Loading weights:  93%|█████████▎| 187/201 [00:00<00:00, 763.42it/s, Materializing param=bert.encoder.layer.11.attention.self.key.weight]
Loading weights:  94%|█████████▎| 188/201 [00:00<00:00, 763.42it/s, Materializing param=bert.encoder.layer.11.attention.self.query.bias]
Loading weights:  94%|█████████▎| 188/201 [00:00<00:00, 763.42it/s, Materializing param=bert.encoder.layer.11.attention.self.query.bias]
Loading weights:  94%|█████████▍| 189/201 [00:00<00:00, 763.42it/s, Materializing param=bert.encoder.layer.11.attention.self.query.weight]
Loading weights:  94%|█████████▍| 189/201 [00:00<00:00, 763.42it/s, Materializing param=bert.encoder.layer.11.attention.self.query.weight]
Loading weights:  95%|█████████▍| 190/201 [00:00<00:00, 763.42it/s, Materializing param=bert.encoder.layer.11.attention.self.value.bias]  
Loading weights:  95%|█████████▍| 190/201 [00:00<00:00, 763.42it/s, Materializing param=bert.encoder.layer.11.attention.self.value.bias]
Loading weights:  95%|█████████▌| 191/201 [00:00<00:00, 763.42it/s, Materializing param=bert.encoder.layer.11.attention.self.value.weight]
Loading weights:  95%|█████████▌| 191/201 [00:00<00:00, 763.42it/s, Materializing param=bert.encoder.layer.11.attention.self.value.weight]
Loading weights:  96%|█████████▌| 192/201 [00:00<00:00, 763.42it/s, Materializing param=bert.encoder.layer.11.intermediate.dense.bias]    
Loading weights:  96%|█████████▌| 192/201 [00:00<00:00, 763.42it/s, Materializing param=bert.encoder.layer.11.intermediate.dense.bias]
Loading weights:  96%|█████████▌| 193/201 [00:00<00:00, 763.42it/s, Materializing param=bert.encoder.layer.11.intermediate.dense.weight]
Loading weights:  96%|█████████▌| 193/201 [00:00<00:00, 763.42it/s, Materializing param=bert.encoder.layer.11.intermediate.dense.weight]
Loading weights:  97%|█████████▋| 194/201 [00:00<00:00, 763.42it/s, Materializing param=bert.encoder.layer.11.output.LayerNorm.bias]    
Loading weights:  97%|█████████▋| 194/201 [00:00<00:00, 763.42it/s, Materializing param=bert.encoder.layer.11.output.LayerNorm.bias]
Loading weights:  97%|█████████▋| 195/201 [00:00<00:00, 763.42it/s, Materializing param=bert.encoder.layer.11.output.LayerNorm.weight]
Loading weights:  97%|█████████▋| 195/201 [00:00<00:00, 763.42it/s, Materializing param=bert.encoder.layer.11.output.LayerNorm.weight]
Loading weights:  98%|█████████▊| 196/201 [00:00<00:00, 763.42it/s, Materializing param=bert.encoder.layer.11.output.dense.bias]      
Loading weights:  98%|█████████▊| 196/201 [00:00<00:00, 763.42it/s, Materializing param=bert.encoder.layer.11.output.dense.bias]
Loading weights:  98%|█████████▊| 197/201 [00:00<00:00, 763.42it/s, Materializing param=bert.encoder.layer.11.output.dense.weight]
Loading weights:  98%|█████████▊| 197/201 [00:00<00:00, 763.42it/s, Materializing param=bert.encoder.layer.11.output.dense.weight]
Loading weights:  99%|█████████▊| 198/201 [00:00<00:00, 763.42it/s, Materializing param=bert.pooler.dense.bias]                   
Loading weights:  99%|█████████▊| 198/201 [00:00<00:00, 763.42it/s, Materializing param=bert.pooler.dense.bias]
Loading weights:  99%|█████████▉| 199/201 [00:00<00:00, 763.42it/s, Materializing param=bert.pooler.dense.weight]
Loading weights:  99%|█████████▉| 199/201 [00:00<00:00, 763.42it/s, Materializing param=bert.pooler.dense.weight]
Loading weights: 100%|█████████▉| 200/201 [00:00<00:00, 763.42it/s, Materializing param=classifier.bias]         
Loading weights: 100%|█████████▉| 200/201 [00:00<00:00, 763.42it/s, Materializing param=classifier.bias]
Loading weights: 100%|██████████| 201/201 [00:00<00:00, 763.42it/s, Materializing param=classifier.weight]
Loading weights: 100%|██████████| 201/201 [00:00<00:00, 763.42it/s, Materializing param=classifier.weight]
Loading weights: 100%|██████████| 201/201 [00:00<00:00, 1339.97it/s, Materializing param=classifier.weight]
16:22:36 INFO      201/2,000 consultas · 0.4/s · faltam 73 min
16:30:43 INFO      401/2,000 consultas · 0.4/s · faltam 65 min
16:38:50 INFO      601/2,000 consultas · 0.4/s · faltam 57 min
16:46:57 INFO      801/2,000 consultas · 0.4/s · faltam 49 min
16:55:03 INFO      1,001/2,000 consultas · 0.4/s · faltam 41 min
17:03:08 INFO      1,201/2,000 consultas · 0.4/s · faltam 32 min
17:11:14 INFO      1,401/2,000 consultas · 0.4/s · faltam 24 min
17:19:21 INFO      1,601/2,000 consultas · 0.4/s · faltam 16 min
17:27:27 INFO      1,801/2,000 consultas · 0.4/s · faltam 8 min

==========================================================================
  T1b · 2,000 consultas · universo de 88,807 · top-100
==========================================================================
  sistema                      r@1    r@10   r@100   nDCG@10
  BM25                       0.060   0.229   0.454    0.1340
  ΦEmb                       0.056   0.233   0.516    0.1323
  ΦEmb+BM25 (RRF)            0.070   0.273   0.538    0.1594
  ΦEmb+BM25+ΦRank            0.069   0.295   0.538    0.1685
==========================================================================
  TETO do reranker (recall@100 da fusão): 0.5380

  PAREADO contra a fusão (McNemar exato, mesmas consultas):
    top-1   BM25                  51 a 31  · ΦEmb+BM25 (RRF) vence no top-1 (p=0.035)
    top-10  BM25                 141 a 52  · ΦEmb+BM25 (RRF) vence no top-10 (p=1.1e-10)
    top-1   ΦEmb                  55 a 26  · ΦEmb+BM25 (RRF) vence no top-1 (p=0.0017)
    top-10  ΦEmb                 143 a 62  · ΦEmb+BM25 (RRF) vence no top-10 (p=1.5e-08)
    top-1   ΦEmb+BM25+ΦRank       66 a 63  · empate — 129 discordantes não separam (p=0.860)
    top-10  ΦEmb+BM25+ΦRank      116 a 161 · ΦEmb+BM25+ΦRank vence no top-10 (p=0.0081)
==========================================================================
  -> /kaggle/working/t1b2_antigo.json
