23:48:42 INFO    40 partes reservadas de 44 (4 no treino)
23:48:44 INFO    1000 documentos, contexto 1024, máscara 15%
23:48:44 INFO    dispositivo: AMD Radeon RX 7600 (DirectML)
23:48:44 INFO    medindo A (models/phienc-t2a-A)
23:48:47 INFO    atalho da cabeça conferido contra mod(...).logits: diferença máxima 2.3e-05
23:49:17 INFO      A: 10/1000 documentos · faltam ~50 min
23:49:48 INFO      A: 20/1000 documentos · faltam ~50 min
23:50:10 INFO      A: 30/1000 documentos · faltam ~45 min
23:50:38 INFO      A: 40/1000 documentos · faltam ~45 min
23:51:05 INFO      A: 50/1000 documentos · faltam ~44 min
23:51:29 INFO      A: 60/1000 documentos · faltam ~42 min
23:51:53 INFO      A: 70/1000 documentos · faltam ~41 min
23:52:22 INFO      A: 80/1000 documentos · faltam ~41 min
23:52:49 INFO      A: 90/1000 documentos · faltam ~41 min
23:53:15 INFO      A: 100/1000 documentos · faltam ~40 min
23:53:38 INFO      A: 110/1000 documentos · faltam ~39 min
23:54:10 INFO      A: 120/1000 documentos · faltam ~40 min
23:54:35 INFO      A: 130/1000 documentos · faltam ~39 min
23:54:58 INFO      A: 140/1000 documentos · faltam ~38 min
23:55:25 INFO      A: 150/1000 documentos · faltam ~38 min
23:55:52 INFO      A: 160/1000 documentos · faltam ~37 min
23:56:17 INFO      A: 170/1000 documentos · faltam ~37 min
23:56:47 INFO      A: 180/1000 documentos · faltam ~36 min
23:57:11 INFO      A: 190/1000 documentos · faltam ~36 min
23:57:37 INFO      A: 200/1000 documentos · faltam ~35 min
23:58:02 INFO      A: 210/1000 documentos · faltam ~35 min
23:58:29 INFO      A: 220/1000 documentos · faltam ~34 min
23:58:55 INFO      A: 230/1000 documentos · faltam ~34 min
23:59:19 INFO      A: 240/1000 documentos · faltam ~33 min
23:59:41 INFO      A: 250/1000 documentos · faltam ~33 min
00:00:03 INFO      A: 260/1000 documentos · faltam ~32 min
00:00:31 INFO      A: 270/1000 documentos · faltam ~32 min
00:00:57 INFO      A: 280/1000 documentos · faltam ~31 min
00:01:28 INFO      A: 290/1000 documentos · faltam ~31 min
00:01:53 INFO      A: 300/1000 documentos · faltam ~31 min
00:02:16 INFO      A: 310/1000 documentos · faltam ~30 min
00:02:44 INFO      A: 320/1000 documentos · faltam ~30 min
00:03:09 INFO      A: 330/1000 documentos · faltam ~29 min
00:03:40 INFO      A: 340/1000 documentos · faltam ~29 min
00:04:05 INFO      A: 350/1000 documentos · faltam ~28 min
00:04:28 INFO      A: 360/1000 documentos · faltam ~28 min
00:04:50 INFO      A: 370/1000 documentos · faltam ~27 min
00:05:17 INFO      A: 380/1000 documentos · faltam ~27 min
00:05:40 INFO      A: 390/1000 documentos · faltam ~26 min
00:06:08 INFO      A: 400/1000 documentos · faltam ~26 min
00:06:34 INFO      A: 410/1000 documentos · faltam ~26 min
00:06:58 INFO      A: 420/1000 documentos · faltam ~25 min
00:07:23 INFO      A: 430/1000 documentos · faltam ~25 min
00:07:48 INFO      A: 440/1000 documentos · faltam ~24 min
00:08:15 INFO      A: 450/1000 documentos · faltam ~24 min
00:08:43 INFO      A: 460/1000 documentos · faltam ~23 min
00:09:09 INFO      A: 470/1000 documentos · faltam ~23 min
00:09:38 INFO      A: 480/1000 documentos · faltam ~23 min
00:10:06 INFO      A: 490/1000 documentos · faltam ~22 min
00:10:33 INFO      A: 500/1000 documentos · faltam ~22 min
00:10:59 INFO      A: 510/1000 documentos · faltam ~21 min
00:11:25 INFO      A: 520/1000 documentos · faltam ~21 min
00:11:54 INFO      A: 530/1000 documentos · faltam ~20 min
00:12:19 INFO      A: 540/1000 documentos · faltam ~20 min
00:12:40 INFO      A: 550/1000 documentos · faltam ~20 min
00:13:08 INFO      A: 560/1000 documentos · faltam ~19 min
00:13:40 INFO      A: 570/1000 documentos · faltam ~19 min
00:14:06 INFO      A: 580/1000 documentos · faltam ~18 min
00:14:30 INFO      A: 590/1000 documentos · faltam ~18 min
00:14:58 INFO      A: 600/1000 documentos · faltam ~17 min
00:15:21 INFO      A: 610/1000 documentos · faltam ~17 min
00:15:49 INFO      A: 620/1000 documentos · faltam ~17 min
00:16:12 INFO      A: 630/1000 documentos · faltam ~16 min
00:16:41 INFO      A: 640/1000 documentos · faltam ~16 min
00:17:04 INFO      A: 650/1000 documentos · faltam ~15 min
00:17:28 INFO      A: 660/1000 documentos · faltam ~15 min
00:17:54 INFO      A: 670/1000 documentos · faltam ~14 min
00:18:19 INFO      A: 680/1000 documentos · faltam ~14 min
00:18:48 INFO      A: 690/1000 documentos · faltam ~13 min
00:19:16 INFO      A: 700/1000 documentos · faltam ~13 min
00:19:46 INFO      A: 710/1000 documentos · faltam ~13 min
00:20:15 INFO      A: 720/1000 documentos · faltam ~12 min
00:20:39 INFO      A: 730/1000 documentos · faltam ~12 min
00:21:10 INFO      A: 740/1000 documentos · faltam ~11 min
00:21:31 INFO      A: 750/1000 documentos · faltam ~11 min
00:21:57 INFO      A: 760/1000 documentos · faltam ~10 min
00:22:22 INFO      A: 770/1000 documentos · faltam ~10 min
00:22:45 INFO      A: 780/1000 documentos · faltam ~10 min
00:23:11 INFO      A: 790/1000 documentos · faltam ~9 min
00:23:36 INFO      A: 800/1000 documentos · faltam ~9 min
00:23:58 INFO      A: 810/1000 documentos · faltam ~8 min
00:24:26 INFO      A: 820/1000 documentos · faltam ~8 min
00:24:48 INFO      A: 830/1000 documentos · faltam ~7 min
00:25:14 INFO      A: 840/1000 documentos · faltam ~7 min
00:25:36 INFO      A: 850/1000 documentos · faltam ~6 min
00:26:00 INFO      A: 860/1000 documentos · faltam ~6 min
00:26:31 INFO      A: 870/1000 documentos · faltam ~6 min
00:26:59 INFO      A: 880/1000 documentos · faltam ~5 min
00:27:28 INFO      A: 890/1000 documentos · faltam ~5 min
00:27:56 INFO      A: 900/1000 documentos · faltam ~4 min
00:28:19 INFO      A: 910/1000 documentos · faltam ~4 min
00:28:47 INFO      A: 920/1000 documentos · faltam ~3 min
00:29:15 INFO      A: 930/1000 documentos · faltam ~3 min
00:29:42 INFO      A: 940/1000 documentos · faltam ~3 min
00:30:11 INFO      A: 950/1000 documentos · faltam ~2 min
00:30:36 INFO      A: 960/1000 documentos · faltam ~2 min
00:31:03 INFO      A: 970/1000 documentos · faltam ~1 min
00:31:27 INFO      A: 980/1000 documentos · faltam ~1 min
00:31:53 INFO      A: 990/1000 documentos · faltam ~0 min
00:32:17 INFO      A: 1000/1000 documentos · faltam ~0 min
00:32:17 INFO    A                        0.89688 bits/byte · 588170 bytes escondidos · 2610.0 s
00:32:17 INFO    medindo E (models/phienc-t2a-E)
00:32:18 INFO    atalho da cabeça conferido contra mod(...).logits: diferença máxima 2.4e-05
00:33:09 INFO      E: 10/1000 documentos · faltam ~86 min
00:34:06 INFO      E: 20/1000 documentos · faltam ~88 min
00:34:49 INFO      E: 30/1000 documentos · faltam ~82 min
00:35:40 INFO      E: 40/1000 documentos · faltam ~81 min
00:36:24 INFO      E: 50/1000 documentos · faltam ~78 min
00:37:03 INFO      E: 60/1000 documentos · faltam ~75 min
01:15:49 INFO      E: 70/1000 documentos · faltam ~578 min
01:16:36 INFO      E: 80/1000 documentos · faltam ~510 min
01:17:21 INFO      E: 90/1000 documentos · faltam ~456 min
01:18:07 INFO      E: 100/1000 documentos · faltam ~412 min
01:18:48 INFO      E: 110/1000 documentos · faltam ~376 min
01:19:45 INFO      E: 120/1000 documentos · faltam ~348 min
01:20:29 INFO      E: 130/1000 documentos · faltam ~322 min
01:21:12 INFO      E: 140/1000 documentos · faltam ~300 min
01:22:01 INFO      E: 150/1000 documentos · faltam ~282 min
01:22:45 INFO      E: 160/1000 documentos · faltam ~265 min
01:23:26 INFO      E: 170/1000 documentos · faltam ~250 min
01:24:17 INFO      E: 180/1000 documentos · faltam ~237 min
01:24:58 INFO      E: 190/1000 documentos · faltam ~225 min
01:25:43 INFO      E: 200/1000 documentos · faltam ~214 min
01:26:25 INFO      E: 210/1000 documentos · faltam ~204 min
01:27:12 INFO      E: 220/1000 documentos · faltam ~195 min
01:27:58 INFO      E: 230/1000 documentos · faltam ~186 min
01:28:36 INFO      E: 240/1000 documentos · faltam ~178 min
01:29:13 INFO      E: 250/1000 documentos · faltam ~171 min
01:29:54 INFO      E: 260/1000 documentos · faltam ~164 min
01:30:42 INFO      E: 270/1000 documentos · faltam ~158 min
01:31:24 INFO      E: 280/1000 documentos · faltam ~152 min
01:32:14 INFO      E: 290/1000 documentos · faltam ~147 min
01:33:01 INFO      E: 300/1000 documentos · faltam ~142 min
01:33:40 INFO      E: 310/1000 documentos · faltam ~137 min
01:34:24 INFO      E: 320/1000 documentos · faltam ~132 min
01:35:13 INFO      E: 330/1000 documentos · faltam ~128 min
01:36:08 INFO      E: 340/1000 documentos · faltam ~124 min
01:36:56 INFO      E: 350/1000 documentos · faltam ~120 min
01:37:37 INFO      E: 360/1000 documentos · faltam ~116 min
01:38:12 INFO      E: 370/1000 documentos · faltam ~112 min
01:39:00 INFO      E: 380/1000 documentos · faltam ~109 min
01:39:42 INFO      E: 390/1000 documentos · faltam ~105 min
01:40:31 INFO      E: 400/1000 documentos · faltam ~102 min
01:41:13 INFO      E: 410/1000 documentos · faltam ~99 min
01:41:53 INFO      E: 420/1000 documentos · faltam ~96 min
01:42:40 INFO      E: 430/1000 documentos · faltam ~93 min
01:43:25 INFO      E: 440/1000 documentos · faltam ~91 min
01:44:16 INFO      E: 450/1000 documentos · faltam ~88 min
01:44:59 INFO      E: 460/1000 documentos · faltam ~85 min
01:45:47 INFO      E: 470/1000 documentos · faltam ~83 min
01:46:41 INFO      E: 480/1000 documentos · faltam ~81 min
01:47:30 INFO      E: 490/1000 documentos · faltam ~78 min
01:48:19 INFO      E: 500/1000 documentos · faltam ~76 min
01:49:04 INFO      E: 510/1000 documentos · faltam ~74 min
01:49:52 INFO      E: 520/1000 documentos · faltam ~72 min
01:50:38 INFO      E: 530/1000 documentos · faltam ~69 min
01:51:19 INFO      E: 540/1000 documentos · faltam ~67 min
01:51:56 INFO      E: 550/1000 documentos · faltam ~65 min
01:52:44 INFO      E: 560/1000 documentos · faltam ~63 min
01:53:37 INFO      E: 570/1000 documentos · faltam ~61 min
01:54:22 INFO      E: 580/1000 documentos · faltam ~59 min
01:55:05 INFO      E: 590/1000 documentos · faltam ~57 min
01:55:52 INFO      E: 600/1000 documentos · faltam ~56 min
01:56:34 INFO      E: 610/1000 documentos · faltam ~54 min
01:57:28 INFO      E: 620/1000 documentos · faltam ~52 min
01:58:08 INFO      E: 630/1000 documentos · faltam ~50 min
01:59:06 INFO      E: 640/1000 documentos · faltam ~49 min
01:59:50 INFO      E: 650/1000 documentos · faltam ~47 min
02:00:32 INFO      E: 660/1000 documentos · faltam ~45 min
02:01:17 INFO      E: 670/1000 documentos · faltam ~44 min
02:02:04 INFO      E: 680/1000 documentos · faltam ~42 min
02:02:53 INFO      E: 690/1000 documentos · faltam ~41 min
02:03:43 INFO      E: 700/1000 documentos · faltam ~39 min
02:04:39 INFO      E: 710/1000 documentos · faltam ~38 min
02:05:34 INFO      E: 720/1000 documentos · faltam ~36 min
02:06:26 INFO      E: 730/1000 documentos · faltam ~35 min
02:07:20 INFO      E: 740/1000 documentos · faltam ~33 min
02:07:54 INFO      E: 750/1000 documentos · faltam ~32 min
02:08:40 INFO      E: 760/1000 documentos · faltam ~30 min
02:09:24 INFO      E: 770/1000 documentos · faltam ~29 min
02:10:06 INFO      E: 780/1000 documentos · faltam ~28 min
02:10:54 INFO      E: 790/1000 documentos · faltam ~26 min
02:11:44 INFO      E: 800/1000 documentos · faltam ~25 min
02:12:23 INFO      E: 810/1000 documentos · faltam ~23 min
02:13:08 INFO      E: 820/1000 documentos · faltam ~22 min
02:13:46 INFO      E: 830/1000 documentos · faltam ~21 min
02:14:32 INFO      E: 840/1000 documentos · faltam ~19 min
02:15:10 INFO      E: 850/1000 documentos · faltam ~18 min
02:15:54 INFO      E: 860/1000 documentos · faltam ~17 min
02:16:44 INFO      E: 870/1000 documentos · faltam ~16 min
02:17:33 INFO      E: 880/1000 documentos · faltam ~14 min
02:18:19 INFO      E: 890/1000 documentos · faltam ~13 min
02:19:07 INFO      E: 900/1000 documentos · faltam ~12 min
02:19:49 INFO      E: 910/1000 documentos · faltam ~11 min
02:20:38 INFO      E: 920/1000 documentos · faltam ~9 min
02:21:30 INFO      E: 930/1000 documentos · faltam ~8 min
02:22:14 INFO      E: 940/1000 documentos · faltam ~7 min
02:23:06 INFO      E: 950/1000 documentos · faltam ~6 min
02:23:44 INFO      E: 960/1000 documentos · faltam ~5 min
02:24:34 INFO      E: 970/1000 documentos · faltam ~3 min
02:25:14 INFO      E: 980/1000 documentos · faltam ~2 min
02:26:01 INFO      E: 990/1000 documentos · faltam ~1 min
02:26:47 INFO      E: 1000/1000 documentos · faltam ~0 min
02:26:47 INFO    E                        0.85004 bits/byte · 588170 bytes escondidos · 6865.6 s
02:26:47 INFO    bytes escondidos idênticos nos 2 braços, documento a documento

==============================================================================
  BITS POR BYTE · 1000 documentos · contexto 1024 · mascaramento por L2R
  (menor é melhor)             bits/byte        bytes  acurácia*
  A                              0.89688      588,170     0.5085
  E                              0.85004      588,170     0.5741
  * acurácia é DIAGNÓSTICO: ela não compara tokenizers.

  A × E: Δ +0.04661 [+0.04321, +0.05006] → E vence
==============================================================================
  -> data\processed\avaliacao\t2a_bits_por_byte_AxE_l2r.json
