23:12:51 INFO    40 partes reservadas de 44 (4 no treino)
23:12:58 INFO    2000 documentos, contexto 1024, máscara 15%
23:12:58 INFO    dispositivo: AMD Radeon RX 7600 (DirectML)
23:12:58 INFO    medindo A (models/phienc-t2a-A)
23:13:11 INFO      A: 50/2000 documentos
23:13:17 INFO      A: 100/2000 documentos
23:13:23 INFO      A: 150/2000 documentos
23:13:28 INFO      A: 200/2000 documentos
23:13:34 INFO      A: 250/2000 documentos
23:13:39 INFO      A: 300/2000 documentos
23:13:45 INFO      A: 350/2000 documentos
23:13:51 INFO      A: 400/2000 documentos
23:13:56 INFO      A: 450/2000 documentos
23:14:02 INFO      A: 500/2000 documentos
23:14:07 INFO      A: 550/2000 documentos
23:14:13 INFO      A: 600/2000 documentos
23:14:19 INFO      A: 650/2000 documentos
23:14:24 INFO      A: 700/2000 documentos
23:14:30 INFO      A: 750/2000 documentos
23:14:35 INFO      A: 800/2000 documentos
23:14:41 INFO      A: 850/2000 documentos
23:14:47 INFO      A: 900/2000 documentos
23:14:52 INFO      A: 950/2000 documentos
23:14:58 INFO      A: 1000/2000 documentos
23:15:04 INFO      A: 1050/2000 documentos
23:15:09 INFO      A: 1100/2000 documentos
23:15:15 INFO      A: 1150/2000 documentos
23:15:21 INFO      A: 1200/2000 documentos
23:15:26 INFO      A: 1250/2000 documentos
23:15:32 INFO      A: 1300/2000 documentos
23:15:38 INFO      A: 1350/2000 documentos
23:15:44 INFO      A: 1400/2000 documentos
23:15:50 INFO      A: 1450/2000 documentos
23:15:56 INFO      A: 1500/2000 documentos
23:16:02 INFO      A: 1550/2000 documentos
23:16:07 INFO      A: 1600/2000 documentos
23:16:13 INFO      A: 1650/2000 documentos
23:16:19 INFO      A: 1700/2000 documentos
23:16:25 INFO      A: 1750/2000 documentos
23:16:31 INFO      A: 1800/2000 documentos
23:16:37 INFO      A: 1850/2000 documentos
23:16:42 INFO      A: 1900/2000 documentos
23:16:48 INFO      A: 1950/2000 documentos
23:16:54 INFO      A: 2000/2000 documentos
23:16:54 INFO    A                        0.66534 bits/byte · 1175305 bytes escondidos · 230.9 s
23:16:54 INFO    medindo E (models/phienc-t2a-E)
23:17:01 INFO      E: 50/2000 documentos
23:17:08 INFO      E: 100/2000 documentos
23:17:15 INFO      E: 150/2000 documentos
23:17:22 INFO      E: 200/2000 documentos
23:17:28 INFO      E: 250/2000 documentos
23:17:35 INFO      E: 300/2000 documentos
23:17:42 INFO      E: 350/2000 documentos
23:17:49 INFO      E: 400/2000 documentos
23:17:56 INFO      E: 450/2000 documentos
23:18:03 INFO      E: 500/2000 documentos
23:18:09 INFO      E: 550/2000 documentos
23:18:16 INFO      E: 600/2000 documentos
23:18:23 INFO      E: 650/2000 documentos
23:18:30 INFO      E: 700/2000 documentos
23:18:37 INFO      E: 750/2000 documentos
23:18:43 INFO      E: 800/2000 documentos
23:18:50 INFO      E: 850/2000 documentos
23:18:57 INFO      E: 900/2000 documentos
23:19:04 INFO      E: 950/2000 documentos
23:19:10 INFO      E: 1000/2000 documentos
23:19:17 INFO      E: 1050/2000 documentos
23:19:24 INFO      E: 1100/2000 documentos
23:19:31 INFO      E: 1150/2000 documentos
23:19:38 INFO      E: 1200/2000 documentos
23:19:45 INFO      E: 1250/2000 documentos
23:19:51 INFO      E: 1300/2000 documentos
23:19:58 INFO      E: 1350/2000 documentos
23:20:05 INFO      E: 1400/2000 documentos
23:20:12 INFO      E: 1450/2000 documentos
23:20:19 INFO      E: 1500/2000 documentos
23:20:25 INFO      E: 1550/2000 documentos
23:20:32 INFO      E: 1600/2000 documentos
23:20:39 INFO      E: 1650/2000 documentos
23:20:46 INFO      E: 1700/2000 documentos
23:20:52 INFO      E: 1750/2000 documentos
23:20:59 INFO      E: 1800/2000 documentos
23:21:06 INFO      E: 1850/2000 documentos
23:21:13 INFO      E: 1900/2000 documentos
23:21:20 INFO      E: 1950/2000 documentos
23:21:26 INFO      E: 2000/2000 documentos
23:21:26 INFO    E                        0.58780 bits/byte · 1172809 bytes escondidos · 271.8 s

==============================================================================
  BITS POR BYTE · 2000 documentos · contexto 1024
  (menor é melhor)             bits/byte        bytes  acurácia*
  A                              0.66534    1,175,305     0.5909
  E                              0.58780    1,172,809     0.6783
  * acurácia é DIAGNÓSTICO: ela não compara tokenizers.

  A × E: Δ +0.07822 [+0.07376, +0.08260] → E vence
==============================================================================
  -> data\processed\avaliacao\t2a_bits_por_byte_AxE.json
