18:52:40 INFO    fatia disjunta: 4 partes excluídas do treino em data/processed/t2a_A
18:52:40 INFO    especiais do modelo: máscara=4 · 5 ids especiais
18:52:41 INFO    dispositivo: AMD Radeon RX 7600 (DirectML)
18:52:44 INFO    modelo models/phienc-t2eq-E-tratado · vocab 40,960 · contexto de avaliação 1024 · privateuseone:0
18:52:51 INFO      51/2000 sequências · 7.53/s · faltam 4 min
18:52:56 INFO      101/2000 sequências · 8.12/s · faltam 4 min
18:53:02 INFO      151/2000 sequências · 8.26/s · faltam 4 min
18:53:08 INFO      201/2000 sequências · 8.30/s · faltam 4 min
18:53:14 INFO      251/2000 sequências · 8.36/s · faltam 3 min
18:53:20 INFO      301/2000 sequências · 8.41/s · faltam 3 min
18:53:25 INFO      351/2000 sequências · 8.42/s · faltam 3 min
18:53:31 INFO      401/2000 sequências · 8.45/s · faltam 3 min
18:53:37 INFO      451/2000 sequências · 8.48/s · faltam 3 min
18:53:43 INFO      501/2000 sequências · 8.49/s · faltam 3 min
18:53:48 INFO      551/2000 sequências · 8.52/s · faltam 3 min
18:53:54 INFO      601/2000 sequências · 8.54/s · faltam 3 min
18:54:00 INFO      651/2000 sequências · 8.56/s · faltam 3 min
18:54:05 INFO      701/2000 sequências · 8.58/s · faltam 3 min
18:54:11 INFO      751/2000 sequências · 8.60/s · faltam 2 min
18:54:17 INFO      801/2000 sequências · 8.61/s · faltam 2 min
18:54:23 INFO      851/2000 sequências · 8.61/s · faltam 2 min
18:54:28 INFO      901/2000 sequências · 8.61/s · faltam 2 min
18:54:34 INFO      951/2000 sequências · 8.61/s · faltam 2 min
18:54:40 INFO      1001/2000 sequências · 8.62/s · faltam 2 min
18:54:46 INFO      1051/2000 sequências · 8.63/s · faltam 2 min
18:54:51 INFO      1101/2000 sequências · 8.63/s · faltam 2 min
18:54:57 INFO      1151/2000 sequências · 8.63/s · faltam 2 min
18:55:03 INFO      1201/2000 sequências · 8.62/s · faltam 2 min
18:55:09 INFO      1251/2000 sequências · 8.63/s · faltam 1 min
18:55:14 INFO      1301/2000 sequências · 8.64/s · faltam 1 min
18:55:20 INFO      1351/2000 sequências · 8.64/s · faltam 1 min
18:55:26 INFO      1401/2000 sequências · 8.64/s · faltam 1 min
18:55:32 INFO      1451/2000 sequências · 8.65/s · faltam 1 min
18:55:37 INFO      1501/2000 sequências · 8.65/s · faltam 1 min
18:55:43 INFO      1551/2000 sequências · 8.65/s · faltam 1 min
18:55:49 INFO      1601/2000 sequências · 8.66/s · faltam 1 min
18:55:54 INFO      1651/2000 sequências · 8.66/s · faltam 1 min
18:56:00 INFO      1701/2000 sequências · 8.67/s · faltam 1 min
18:56:06 INFO      1751/2000 sequências · 8.67/s · faltam 0 min
18:56:11 INFO      1801/2000 sequências · 8.68/s · faltam 0 min
18:56:17 INFO      1851/2000 sequências · 8.68/s · faltam 0 min
18:56:23 INFO      1901/2000 sequências · 8.68/s · faltam 0 min
18:56:28 INFO      1951/2000 sequências · 8.69/s · faltam 0 min

==========================================================================
  MLM · prova UNIFORME · models/phienc-t2eq-E-tratado · contexto 1024 · 2000 de 2000 sequências sorteadas
==========================================================================
  equação  0.8643  (108,388 tokens)
  prosa    0.6933  (199,474 tokens)
  total    0.7535
  VANTAGEM EM EQUAÇÃO: +0.1710

  fração de equação na fatia: 0.3511
  ⚠️ A `vantagem_em_equacao` já é +0,1286 num modelo SEM tratamento (ModernBERT-base): token de LaTeX é intrinsecamente mais previsível que prosa. O que testa a hipótese do DOC-07 §2.3 é a DIFERENÇA ENTRE BRAÇOS desta vantagem, não o valor dela. Máscara UNIFORME, ignorando as marcas — as marcas só dizem onde cada acerto caiu. Avaliar com a política de máscara do braço tratado o testaria na distribuição do próprio treino e o controle numa estranha a ele, e o tratado ganharia por construção. Por isso este teste é CONSERVADOR para a hipótese do DOC-07 §2.3.
==========================================================================
  -> data\processed\avaliacao\t2eq_mlm_tratado_uniforme.json
